Archive member included to satisfy reference by file (symbol)

app/libapp.a(main.c.obj)      (--whole-archive)
app/libapp.a(ndef_file_m.c.obj)
                              (--whole-archive)
zephyr/libzephyr.a(crc32c_sw.c.obj)
                              (--whole-archive)
zephyr/libzephyr.a(crc32_sw.c.obj)
                              (--whole-archive)
zephyr/libzephyr.a(crc16_sw.c.obj)
                              (--whole-archive)
zephyr/libzephyr.a(crc8_sw.c.obj)
                              (--whole-archive)
zephyr/libzephyr.a(crc7_sw.c.obj)
                              (--whole-archive)
zephyr/libzephyr.a(cbprintf_packaged.c.obj)
                              (--whole-archive)
zephyr/libzephyr.a(dec.c.obj)
                              (--whole-archive)
zephyr/libzephyr.a(fdtable.c.obj)
                              (--whole-archive)
zephyr/libzephyr.a(hex.c.obj)
                              (--whole-archive)
zephyr/libzephyr.a(printk.c.obj)
                              (--whole-archive)
zephyr/libzephyr.a(rb.c.obj)  (--whole-archive)
zephyr/libzephyr.a(sem.c.obj)
                              (--whole-archive)
zephyr/libzephyr.a(thread_entry.c.obj)
                              (--whole-archive)
zephyr/libzephyr.a(timeutil.c.obj)
                              (--whole-archive)
zephyr/libzephyr.a(heap.c.obj)
                              (--whole-archive)
zephyr/libzephyr.a(heap-validate.c.obj)
                              (--whole-archive)
zephyr/libzephyr.a(bitarray.c.obj)
                              (--whole-archive)
zephyr/libzephyr.a(multi_heap.c.obj)
                              (--whole-archive)
zephyr/libzephyr.a(onoff.c.obj)
                              (--whole-archive)
zephyr/libzephyr.a(notify.c.obj)
                              (--whole-archive)
zephyr/libzephyr.a(cbprintf_complete.c.obj)
                              (--whole-archive)
zephyr/libzephyr.a(ring_buffer.c.obj)
                              (--whole-archive)
zephyr/libzephyr.a(assert.c.obj)
                              (--whole-archive)
zephyr/libzephyr.a(reboot.c.obj)
                              (--whole-archive)
zephyr/libzephyr.a(configs.c.obj)
                              (--whole-archive)
zephyr/libzephyr.a(soc_nrf_common.S.obj)
                              (--whole-archive)
zephyr/libzephyr.a(validate_base_addresses.c.obj)
                              (--whole-archive)
zephyr/libzephyr.a(validate_enabled_instances.c.obj)
                              (--whole-archive)
zephyr/libzephyr.a(nvs.c.obj)
                              (--whole-archive)
zephyr/libzephyr.a(log_minimal.c.obj)
                              (--whole-archive)
zephyr/libzephyr.a(tracing_none.c.obj)
                              (--whole-archive)
zephyr/libzephyr.a(ndef_file.c.obj)
                              (--whole-archive)
zephyr/libzephyr.a(nfc_nrfx_error_to_nfc.c.obj)
                              (--whole-archive)
zephyr/libzephyr.a(nrf_cc3xx_platform_abort_zephyr.c.obj)
                              (--whole-archive)
zephyr/libzephyr.a(nrf_cc3xx_platform_mutex_zephyr.c.obj)
                              (--whole-archive)
zephyr/arch/common/libarch__common.a(sw_isr_common.c.obj)
                              (--whole-archive)
zephyr/arch/arch/arm/core/aarch32/libarch__arm__core__aarch32.a(cpu_idle.S.obj)
                              (--whole-archive)
zephyr/arch/arch/arm/core/aarch32/libarch__arm__core__aarch32.a(fatal.c.obj)
                              (--whole-archive)
zephyr/arch/arch/arm/core/aarch32/libarch__arm__core__aarch32.a(irq_manage.c.obj)
                              (--whole-archive)
zephyr/arch/arch/arm/core/aarch32/libarch__arm__core__aarch32.a(nmi.c.obj)
                              (--whole-archive)
zephyr/arch/arch/arm/core/aarch32/libarch__arm__core__aarch32.a(nmi_on_reset.S.obj)
                              (--whole-archive)
zephyr/arch/arch/arm/core/aarch32/libarch__arm__core__aarch32.a(prep_c.c.obj)
                              (--whole-archive)
zephyr/arch/arch/arm/core/aarch32/libarch__arm__core__aarch32.a(swap.c.obj)
                              (--whole-archive)
zephyr/arch/arch/arm/core/aarch32/libarch__arm__core__aarch32.a(swap_helper.S.obj)
                              (--whole-archive)
zephyr/arch/arch/arm/core/aarch32/libarch__arm__core__aarch32.a(thread.c.obj)
                              (--whole-archive)
zephyr/arch/arch/arm/core/aarch32/libarch__arm__core__aarch32.a(isr_wrapper.S.obj)
                              (--whole-archive)
zephyr/arch/arch/arm/core/aarch32/libarch__arm__core__aarch32.a(tls.c.obj)
                              (--whole-archive)
zephyr/arch/arch/arm/core/aarch32/cortex_m/libarch__arm__core__aarch32__cortex_m.a(exc_exit.S.obj)
                              (--whole-archive)
zephyr/arch/arch/arm/core/aarch32/cortex_m/libarch__arm__core__aarch32__cortex_m.a(fault.c.obj)
                              (--whole-archive)
[...]
Memory Configuration

Name             Origin             Length             Attributes
FLASH            0x0000000000000000 0x0000000000100000 xr
RAM              0x0000000020000000 0x0000000000040000 xw
IDT_LIST         0x00000000fffff7ff 0x0000000000000800 xw
*default*        0x0000000000000000 0xffffffffffffffff

Linker script and memory map

                0x00000000000094f0                vfprintf = __i_vfprintf
                0x0000000000000000                vfscanf = __i_vfscanf
LOAD zephyr/CMakeFiles/zephyr_pre0.dir/misc/empty_file.c.obj
LOAD app/libapp.a
LOAD zephyr/libzephyr.a
LOAD zephyr/arch/common/libarch__common.a
LOAD zephyr/arch/arch/arm/core/aarch32/libarch__arm__core__aarch32.a
LOAD zephyr/arch/arch/arm/core/aarch32/cortex_m/libarch__arm__core__aarch32__cortex_m.a
LOAD zephyr/arch/arch/arm/core/aarch32/mpu/libarch__arm__core__aarch32__mpu.a
LOAD zephyr/lib/libc/picolibc/liblib__libc__picolibc.a
LOAD zephyr/lib/libc/common/liblib__libc__common.a
LOAD zephyr/soc/soc/arm/common/cortex_m/libsoc__arm__common__cortex_m.a
LOAD zephyr/soc/soc/arm/nordic_nrf/nrf52/libsoc__arm__nordic_nrf__nrf52.a
LOAD zephyr/drivers/clock_control/libdrivers__clock_control.a
LOAD zephyr/drivers/console/libdrivers__console.a
LOAD zephyr/drivers/flash/libdrivers__flash.a
LOAD zephyr/drivers/gpio/libdrivers__gpio.a
LOAD zephyr/drivers/pinctrl/libdrivers__pinctrl.a
LOAD zephyr/drivers/serial/libdrivers__serial.a
LOAD zephyr/drivers/timer/libdrivers__timer.a
LOAD modules/nrf/lib/dk_buttons_and_leds/lib..__nrf__lib__dk_buttons_and_leds.a
LOAD modules/nrf/lib/fatal_error/lib..__nrf__lib__fatal_error.a
LOAD modules/nrf/subsys/nfc/ndef/lib..__nrf__subsys__nfc__ndef.a
LOAD modules/nrf/subsys/nfc/lib/lib..__nrf__subsys__nfc__lib.a
LOAD modules/nrf/drivers/hw_cc310/lib..__nrf__drivers__hw_cc310.a
LOAD modules/hal_nordic/nrfx/libmodules__hal_nordic__nrfx.a
LOAD modules/segger/libmodules__segger.a
LOAD zephyr/kernel/libkernel.a
LOAD zephyr/CMakeFiles/offsets.dir/./arch/arm/core/offsets/offsets.c.obj
LOAD c:/ncs/toolchains/c57af46cb7/opt/zephyr-sdk/arm-zephyr-eabi/bin/../lib/gcc/arm-zephyr-eabi/12.2.0/thumb/v7e-m/nofp\libgcc.a
LOAD zephyr/arch/common/libisr_tables.a
LOAD C:/ncs/v2.5.0/nrfxlib/nfc/lib/cortex-m4/soft-float/libnfc_t2t.a
LOAD C:/ncs/v2.5.0/nrfxlib/nfc/lib/cortex-m4/soft-float/libnfc_t4t.a
LOAD C:/ncs/v2.5.0/nrfxlib/crypto/nrf_cc310_platform/lib/cortex-m4/soft-float/no-interrupts/libnrf_cc310_platform_0.9.18.a
LOAD c:\ncs\toolchains\c57af46cb7\opt\zephyr-sdk\arm-zephyr-eabi\bin\../lib/gcc/../../picolibc/arm-zephyr-eabi/lib/thumb/v7e-m/nofp\libc.a
LOAD c:/ncs/toolchains/c57af46cb7/opt/zephyr-sdk/arm-zephyr-eabi/bin/../lib/gcc/arm-zephyr-eabi/12.2.0/thumb/v7e-m/nofp\libgcc.a
                0x0000000000000020                _region_min_align = 0x20

.rel.plt        0x0000000000000000        0x0
 *(SORT_BY_ALIGNMENT(.rel.plt))
                [!provide]                        PROVIDE (__rel_iplt_start = .)
 *(SORT_BY_ALIGNMENT(.rel.iplt))
 .rel.iplt      0x0000000000000000        0x0 app/libapp.a(main.c.obj)
                [!provide]                        PROVIDE (__rel_iplt_end = .)

.rela.plt       0x0000000000000000        0x0
 *(SORT_BY_ALIGNMENT(.rela.plt))
                [!provide]                        PROVIDE (__rela_iplt_start = .)
 *(SORT_BY_ALIGNMENT(.rela.iplt))
                [!provide]                        PROVIDE (__rela_iplt_end = .)

.rel.dyn
 *(SORT_BY_ALIGNMENT(.rel.*))

.rela.dyn
 *(SORT_BY_ALIGNMENT(.rela.*))

/DISCARD/
 *(SORT_BY_ALIGNMENT(.plt))

/DISCARD/
 *(SORT_BY_ALIGNMENT(.iplt))
                0x0000000000000000                __rom_region_start = 0x0

rom_start       0x0000000000000000      0x100
                0x0000000000000000                __rom_start_address = .
                0x0000000000000000                . = (. + (0x0 - (. - __rom_start_address)))
                0x0000000000000000                . = ALIGN (0x4)
                0x0000000000000000                . = ALIGN (0x80)
                0x0000000000000000                . = ALIGN (0x100)
                0x0000000000000000                _vector_start = .
 *(SORT_BY_ALIGNMENT(.exc_vector_table))
 *(SORT_BY_ALIGNMENT(.exc_vector_table.*))
 .exc_vector_table._vector_table_section
                0x0000000000000000       0x40 zephyr/arch/arch/arm/core/aarch32/cortex_m/libarch__arm__core__aarch32__cortex_m.a(vector_table.S.obj)
                0x0000000000000000                _vector_table
 *(SORT_BY_ALIGNMENT(.vectors))
                0x0000000000000100                _vector_end = .
                0x0000000000000040                . = ALIGN (0x4)
 *(SORT_BY_ALIGNMENT(.gnu.linkonce.irq_vector_table*))
 .gnu.linkonce.irq_vector_table
                0x0000000000000040       0xc0 zephyr/arch/common/libisr_tables.a(isr_tables.c.obj)
                0x0000000000000040                _irq_vector_table
                0x0000000000000100                _vector_end = .

text            0x0000000000000100     0xadfc
                0x0000000000000100                __text_region_start = .
 *(SORT_BY_ALIGNMENT(.text))
 .text          0x0000000000000100       0x30 c:/ncs/toolchains/c57af46cb7/opt/zephyr-sdk/arm-zephyr-eabi/bin/../lib/gcc/arm-zephyr-eabi/12.2.0/thumb/v7e-m/nofp\libgcc.a(_aeabi_uldivmod.o)
                0x0000000000000100                __aeabi_uldivmod
 .text          0x0000000000000130        0x4 c:/ncs/toolchains/c57af46cb7/opt/zephyr-sdk/arm-zephyr-eabi/bin/../lib/gcc/arm-zephyr-eabi/12.2.0/thumb/v7e-m/nofp\libgcc.a(_dvmd_tls.o)
                0x0000000000000130                __aeabi_idiv0
                0x0000000000000130                __aeabi_ldiv0
 .text          0x0000000000000134      0x2a0 c:/ncs/toolchains/c57af46cb7/opt/zephyr-sdk/arm-zephyr-eabi/bin/../lib/gcc/arm-zephyr-eabi/12.2.0/thumb/v7e-m/nofp\libgcc.a(_udivmoddi4.o)
                0x0000000000000134                __udivmoddi4
 .text          0x00000000000003d4       0x10 c:\ncs\toolchains\c57af46cb7\opt\zephyr-sdk\arm-zephyr-eabi\bin\../lib/gcc/../../picolibc/arm-zephyr-eabi/lib/thumb/v7e-m/nofp\libc.a(strcpy.S.o)
                0x00000000000003d4                strcpy
 .text          0x00000000000003e4       0x10 c:\ncs\toolchains\c57af46cb7\opt\zephyr-sdk\arm-zephyr-eabi\bin\../lib/gcc/../../picolibc/arm-zephyr-eabi/lib/thumb/v7e-m/nofp\libc.a(strlen.S.o)
                0x00000000000003e4                strlen
 *(SORT_BY_ALIGNMENT(.text.*))
 .text.nfc_callback
                0x00000000000003f4       0x30 app/libapp.a(main.c.obj)
 .text.encode_msg.constprop.0
                0x0000000000000424       0x88 app/libapp.a(main.c.obj)
 .text.main     0x00000000000004ac      0x150 app/libapp.a(main.c.obj)
                0x00000000000004ac                main
 .text.ndef_file_setup
                0x00000000000005fc       0x28 app/libapp.a(ndef_file_m.c.obj)
                0x00000000000005fc                ndef_file_setup
 .text.ndef_file_update
                0x0000000000000624       0x10 app/libapp.a(ndef_file_m.c.obj)
                0x0000000000000624                ndef_file_update
 .text.ndef_file_default_message
                0x0000000000000634       0x34 app/libapp.a(ndef_file_m.c.obj)
                0x0000000000000634                ndef_file_default_message
 .text.ndef_restore_default
                0x0000000000000668       0x34 app/libapp.a(ndef_file_m.c.obj)
                0x0000000000000668                ndef_restore_default
 .text.ndef_file_load
                0x000000000000069c       0x40 app/libapp.a(ndef_file_m.c.obj)
                0x000000000000069c                ndef_file_load
 .text.crc8_ccitt
                0x00000000000006dc       0x2c zephyr/libzephyr.a(crc8_sw.c.obj)
                0x00000000000006dc                crc8_ccitt
 .text.char_out
                0x0000000000000708        0xc zephyr/libzephyr.a(printk.c.obj)
 .text.__printk_hook_install
                0x0000000000000714        0xc zephyr/libzephyr.a(printk.c.obj)
                0x0000000000000714                __printk_hook_install
 .text.vprintk  0x0000000000000720       0x30 zephyr/libzephyr.a(printk.c.obj)
                0x0000000000000720                vprintk
 .text.z_thread_entry
                0x0000000000000750       0x34 zephyr/libzephyr.a(thread_entry.c.obj)
                0x0000000000000750                z_thread_entry
 .text.sys_heap_free
                0x0000000000000784       0x64 zephyr/libzephyr.a(heap.c.obj)
                0x0000000000000784                sys_heap_free
 .text.sys_heap_aligned_alloc
                0x00000000000007e8       0xf8 zephyr/libzephyr.a(heap.c.obj)
                0x00000000000007e8                sys_heap_aligned_alloc
 .text.sys_heap_init
                0x00000000000008e0       0xe4 zephyr/libzephyr.a(heap.c.obj)
                0x00000000000008e0                sys_heap_init
 .text.process_event
                0x00000000000009c4      0x334 zephyr/libzephyr.a(onoff.c.obj)
 .text.transition_complete
                0x0000000000000cf8       0x54 zephyr/libzephyr.a(onoff.c.obj)
 .text.onoff_request
                0x0000000000000d4c      0x104 zephyr/libzephyr.a(onoff.c.obj)
                0x0000000000000d4c                onoff_request
 .text.onoff_release
                0x0000000000000e50       0xac zephyr/libzephyr.a(onoff.c.obj)
                0x0000000000000e50                onoff_release
 .text.onoff_cancel
                0x0000000000000efc       0xa8 zephyr/libzephyr.a(onoff.c.obj)
                0x0000000000000efc                onoff_cancel
 .text.sys_notify_finalize
                0x0000000000000fa4       0x38 zephyr/libzephyr.a(notify.c.obj)
                0x0000000000000fa4                sys_notify_finalize
 .text.ring_buf_put
                0x0000000000000fdc       0x5c zephyr/libzephyr.a(ring_buffer.c.obj)
                0x0000000000000fdc                ring_buf_put
 .text.ring_buf_get
                0x0000000000001038       0x5c zephyr/libzephyr.a(ring_buffer.c.obj)
                0x0000000000001038                ring_buf_get
 .text.sys_reboot
                0x0000000000001094       0x30 zephyr/libzephyr.a(reboot.c.obj)
                0x0000000000001094                sys_reboot
 .text.z_arm_platform_init
                0x00000000000010c4        0x4 zephyr/libzephyr.a(soc_nrf_common.S.obj)
                0x00000000000010c4                z_arm_platform_init
 .text.nvs_recover_last_ate
                0x00000000000010c8       0x64 zephyr/libzephyr.a(nvs.c.obj)
 .text.nvs_mount
                0x000000000000112c      0x334 zephyr/libzephyr.a(nvs.c.obj)
                0x000000000000112c                nvs_mount
 .text.nvs_write
                0x0000000000001460      0x1ac zephyr/libzephyr.a(nvs.c.obj)
                0x0000000000001460                nvs_write
 .text.nvs_read_hist
                0x000000000000160c       0xcc zephyr/libzephyr.a(nvs.c.obj)
                0x000000000000160c                nvs_read_hist
 .text.nfc_nrfx_error_to_nfc
                0x00000000000016d8       0x1c zephyr/libzephyr.a(nfc_nrfx_error_to_nfc.c.obj)
                0x00000000000016d8                nfc_nrfx_error_to_nfc
 .text.nrf_cc3xx_platform_abort_init
                0x00000000000016f4        0xc zephyr/libzephyr.a(nrf_cc3xx_platform_abort_zephyr.c.obj)
                0x00000000000016f4                nrf_cc3xx_platform_abort_init
 .text.mutex_free_platform
                0x0000000000001700       0x54 zephyr/libzephyr.a(nrf_cc3xx_platform_mutex_zephyr.c.obj)
 .text.mutex_lock_platform
                0x0000000000001754       0x60 zephyr/libzephyr.a(nrf_cc3xx_platform_mutex_zephyr.c.obj)
 .text.mutex_unlock_platform
                0x00000000000017b4       0x58 zephyr/libzephyr.a(nrf_cc3xx_platform_mutex_zephyr.c.obj)
 .text.mutex_init_platform
                0x000000000000180c       0x94 zephyr/libzephyr.a(nrf_cc3xx_platform_mutex_zephyr.c.obj)
 .text.nrf_cc3xx_platform_mutex_init
                0x00000000000018a0       0x2c zephyr/libzephyr.a(nrf_cc3xx_platform_mutex_zephyr.c.obj)
                0x00000000000018a0                nrf_cc3xx_platform_mutex_init
 .text.z_arm_cpu_idle_init
                0x00000000000018cc        0xc zephyr/arch/arch/arm/core/aarch32/libarch__arm__core__aarch32.a(cpu_idle.S.obj)
                0x00000000000018cc                z_arm_cpu_idle_init
 .text.arch_cpu_idle
                0x00000000000018d8       0x1c zephyr/arch/arch/arm/core/aarch32/libarch__arm__core__aarch32.a(cpu_idle.S.obj)
                0x00000000000018d8                arch_cpu_idle
 .text.arch_cpu_atomic_idle
                0x00000000000018f4       0x18 zephyr/arch/arch/arm/core/aarch32/libarch__arm__core__aarch32.a(cpu_idle.S.obj)
                0x00000000000018f4                arch_cpu_atomic_idle
 .text.z_arm_fatal_error
                0x000000000000190c       0x5c zephyr/arch/arch/arm/core/aarch32/libarch__arm__core__aarch32.a(fatal.c.obj)
                0x000000000000190c                z_arm_fatal_error
 .text.arch_irq_enable
                0x0000000000001968       0x1c zephyr/arch/arch/arm/core/aarch32/libarch__arm__core__aarch32.a(irq_manage.c.obj)
                0x0000000000001968                arch_irq_enable
 .text.arch_irq_disable
                0x0000000000001984       0x28 zephyr/arch/arch/arm/core/aarch32/libarch__arm__core__aarch32.a(irq_manage.c.obj)
                0x0000000000001984                arch_irq_disable
 .text.arch_irq_is_enabled
                0x00000000000019ac       0x1c zephyr/arch/arch/arm/core/aarch32/libarch__arm__core__aarch32.a(irq_manage.c.obj)
                0x00000000000019ac                arch_irq_is_enabled
 .text.z_arm_irq_priority_set
                0x00000000000019c8       0x4c zephyr/arch/arch/arm/core/aarch32/libarch__arm__core__aarch32.a(irq_manage.c.obj)
                0x00000000000019c8                z_arm_irq_priority_set
 .text.z_SysNmiOnReset
                0x0000000000001a14        0x8 zephyr/arch/arch/arm/core/aarch32/libarch__arm__core__aarch32.a(nmi_on_reset.S.obj)
                0x0000000000001a14                z_SysNmiOnReset
 .text.z_arm_prep_c
                0x0000000000001a1c       0x38 zephyr/arch/arch/arm/core/aarch32/libarch__arm__core__aarch32.a(prep_c.c.obj)
                0x0000000000001a1c                z_arm_prep_c
 .text.arch_swap
                0x0000000000001a54       0x34 zephyr/arch/arch/arm/core/aarch32/libarch__arm__core__aarch32.a(swap.c.obj)
                0x0000000000001a54                arch_swap
 .text.z_arm_pendsv
                0x0000000000001a88       0x64 zephyr/arch/arch/arm/core/aarch32/libarch__arm__core__aarch32.a(swap_helper.S.obj)
                0x0000000000001a88                z_arm_pendsv
 .text.z_arm_svc
                0x0000000000001aec       0x20 zephyr/arch/arch/arm/core/aarch32/libarch__arm__core__aarch32.a(swap_helper.S.obj)
                0x0000000000001aec                z_arm_svc
 .text.arch_new_thread
                0x0000000000001b0c       0x38 zephyr/arch/arch/arm/core/aarch32/libarch__arm__core__aarch32.a(thread.c.obj)
                0x0000000000001b0c                arch_new_thread
 .text.z_check_thread_stack_fail
                0x0000000000001b44       0x2c zephyr/arch/arch/arm/core/aarch32/libarch__arm__core__aarch32.a(thread.c.obj)
                0x0000000000001b44                z_check_thread_stack_fail
 .text.arch_switch_to_main_thread
                0x0000000000001b70       0x38 zephyr/arch/arch/arm/core/aarch32/libarch__arm__core__aarch32.a(thread.c.obj)
                0x0000000000001b70                arch_switch_to_main_thread
 .text._isr_wrapper
                0x0000000000001ba8       0x28 zephyr/arch/arch/arm/core/aarch32/libarch__arm__core__aarch32.a(isr_wrapper.S.obj)
                0x0000000000001ba8                _isr_wrapper
 .text.arch_tls_stack_setup
                0x0000000000001bd0       0x5c zephyr/arch/arch/arm/core/aarch32/libarch__arm__core__aarch32.a(tls.c.obj)
                0x0000000000001bd0                arch_tls_stack_setup
 .text._HandlerModeExit
                0x0000000000001c2c       0x1c zephyr/arch/arch/arm/core/aarch32/cortex_m/libarch__arm__core__aarch32__cortex_m.a(exc_exit.S.obj)
                0x0000000000001c2c                z_arm_int_exit
                0x0000000000001c2c                z_arm_exc_exit
 .text.mem_manage_fault
                0x0000000000001c48      0x124 zephyr/arch/arch/arm/core/aarch32/cortex_m/libarch__arm__core__aarch32__cortex_m.a(fault.c.obj)
 .text.usage_fault.constprop.0
                0x0000000000001d6c       0xa4 zephyr/arch/arch/arm/core/aarch32/cortex_m/libarch__arm__core__aarch32__cortex_m.a(fault.c.obj)
 .text.bus_fault.constprop.0
                0x0000000000001e10       0xc8 zephyr/arch/arch/arm/core/aarch32/cortex_m/libarch__arm__core__aarch32__cortex_m.a(fault.c.obj)
 .text.z_arm_fault
                0x0000000000001ed8      0x1ec zephyr/arch/arch/arm/core/aarch32/cortex_m/libarch__arm__core__aarch32__cortex_m.a(fault.c.obj)
                0x0000000000001ed8                z_arm_fault
 .text.z_arm_fault_init
                0x00000000000020c4       0x10 zephyr/arch/arch/arm/core/aarch32/cortex_m/libarch__arm__core__aarch32__cortex_m.a(fault.c.obj)
                0x00000000000020c4                z_arm_fault_init
 .text.__fault  0x00000000000020d4       0x14 zephyr/arch/arch/arm/core/aarch32/cortex_m/libarch__arm__core__aarch32__cortex_m.a(fault_s.S.obj)
                0x00000000000020d4                z_arm_usage_fault
                0x00000000000020d4                z_arm_mpu_fault
                0x00000000000020d4                z_arm_exc_spurious
                0x00000000000020d4                z_arm_debug_monitor
                0x00000000000020d4                z_arm_hard_fault
                0x00000000000020d4                z_arm_bus_fault
 .text.z_arm_interrupt_init
                0x00000000000020e8       0x18 zephyr/arch/arch/arm/core/aarch32/cortex_m/libarch__arm__core__aarch32__cortex_m.a(irq_init.c.obj)
                0x00000000000020e8                z_arm_interrupt_init
 .text._reset_section
                0x0000000000002100       0x54 zephyr/arch/arch/arm/core/aarch32/cortex_m/libarch__arm__core__aarch32__cortex_m.a(reset.S.obj)
                0x0000000000002100                __start
                0x0000000000002100                z_arm_reset
 .text.sys_arch_reboot
                0x0000000000002154       0x24 zephyr/arch/arch/arm/core/aarch32/cortex_m/libarch__arm__core__aarch32__cortex_m.a(scb.c.obj)
                0x0000000000002154                sys_arch_reboot
 .text.z_arm_clear_arm_mpu_config
                0x0000000000002178       0x24 zephyr/arch/arch/arm/core/aarch32/cortex_m/libarch__arm__core__aarch32__cortex_m.a(scb.c.obj)
                0x0000000000002178                z_arm_clear_arm_mpu_config
 .text.z_arm_init_arch_hw_at_boot
                0x000000000000219c       0x64 zephyr/arch/arch/arm/core/aarch32/cortex_m/libarch__arm__core__aarch32__cortex_m.a(scb.c.obj)
                0x000000000000219c                z_arm_init_arch_hw_at_boot
 .text.z_impl_k_thread_abort
                0x0000000000002200       0x2c zephyr/arch/arch/arm/core/aarch32/cortex_m/libarch__arm__core__aarch32__cortex_m.a(thread_abort.c.obj)
                0x0000000000002200                z_impl_k_thread_abort
 .text.z_arm_configure_static_mpu_regions
                0x000000000000222c       0x18 zephyr/arch/arch/arm/core/aarch32/mpu/libarch__arm__core__aarch32__mpu.a(arm_core_mpu.c.obj)
                0x000000000000222c                z_arm_configure_static_mpu_regions
 .text.z_arm_configure_dynamic_mpu_regions
                0x0000000000002244       0x20 zephyr/arch/arch/arm/core/aarch32/mpu/libarch__arm__core__aarch32__mpu.a(arm_core_mpu.c.obj)
                0x0000000000002244                z_arm_configure_dynamic_mpu_regions
 .text.mpu_configure_regions
                0x0000000000002264       0xa0 zephyr/arch/arch/arm/core/aarch32/mpu/libarch__arm__core__aarch32__mpu.a(arm_mpu.c.obj)
 .text.arm_core_mpu_enable
                0x0000000000002304       0x18 zephyr/arch/arch/arm/core/aarch32/mpu/libarch__arm__core__aarch32__mpu.a(arm_mpu.c.obj)
                0x0000000000002304                arm_core_mpu_enable
 .text.arm_core_mpu_disable
                0x000000000000231c       0x14 zephyr/arch/arch/arm/core/aarch32/mpu/libarch__arm__core__aarch32__mpu.a(arm_mpu.c.obj)
                0x000000000000231c                arm_core_mpu_disable
 .text.arm_core_mpu_configure_static_mpu_regions
                0x0000000000002330       0x38 zephyr/arch/arch/arm/core/aarch32/mpu/libarch__arm__core__aarch32__mpu.a(arm_mpu.c.obj)
                0x0000000000002330                arm_core_mpu_configure_static_mpu_regions
 .text.arm_core_mpu_configure_dynamic_mpu_regions
                0x0000000000002368       0x50 zephyr/arch/arch/arm/core/aarch32/mpu/libarch__arm__core__aarch32__mpu.a(arm_mpu.c.obj)
                0x0000000000002368                arm_core_mpu_configure_dynamic_mpu_regions
 .text.z_arm_mpu_init
                0x00000000000023b8       0x98 zephyr/arch/arch/arm/core/aarch32/mpu/libarch__arm__core__aarch32__mpu.a(arm_mpu.c.obj)
                0x00000000000023b8                z_arm_mpu_init
 .text.z_impl_zephyr_fputc
                0x0000000000002450       0x10 zephyr/lib/libc/picolibc/liblib__libc__picolibc.a(libc-hooks.c.obj)
                0x0000000000002450                z_impl_zephyr_fputc
 .text.__stdout_hook_install
                0x0000000000002460       0x18 zephyr/lib/libc/picolibc/liblib__libc__picolibc.a(libc-hooks.c.obj)
                0x0000000000002460                __stdout_hook_install
 .text.__chk_fail
                0x0000000000002478       0x18 zephyr/lib/libc/picolibc/liblib__libc__picolibc.a(libc-hooks.c.obj)
                0x0000000000002478                __chk_fail
 .text.malloc_prepare
                0x0000000000002490       0x24 zephyr/lib/libc/common/liblib__libc__common.a(malloc.c.obj)
 .text.nordicsemi_nrf52_init
                0x00000000000024b4       0x44 zephyr/soc/soc/arm/nordic_nrf/nrf52/libsoc__arm__nordic_nrf__nrf52.a(soc.c.obj)
 .text.arch_busy_wait
                0x00000000000024f8       0x14 zephyr/soc/soc/arm/nordic_nrf/nrf52/libsoc__arm__nordic_nrf__nrf52.a(soc.c.obj)
                0x00000000000024f8                arch_busy_wait
 .text.onoff_start
                0x000000000000250c       0x3c zephyr/drivers/clock_control/libdrivers__clock_control.a(clock_control_nrf.c.obj)
 .text.get_status
                0x0000000000002548       0x34 zephyr/drivers/clock_control/libdrivers__clock_control.a(clock_control_nrf.c.obj)
 .text.stop     0x000000000000257c       0x74 zephyr/drivers/clock_control/libdrivers__clock_control.a(clock_control_nrf.c.obj)
 .text.onoff_stop
                0x00000000000025f0       0x28 zephyr/drivers/clock_control/libdrivers__clock_control.a(clock_control_nrf.c.obj)
 .text.clk_init
                0x0000000000002618       0x58 zephyr/drivers/clock_control/libdrivers__clock_control.a(clock_control_nrf.c.obj)
 .text.clkstarted_handle.constprop.0
                0x0000000000002670       0x34 zephyr/drivers/clock_control/libdrivers__clock_control.a(clock_control_nrf.c.obj)
 .text.clock_event_handler
                0x00000000000026a4       0x54 zephyr/drivers/clock_control/libdrivers__clock_control.a(clock_control_nrf.c.obj)
 .text.generic_hfclk_start
                0x00000000000026f8       0x64 zephyr/drivers/clock_control/libdrivers__clock_control.a(clock_control_nrf.c.obj)
 .text.api_blocking_start
                0x000000000000275c       0x34 zephyr/drivers/clock_control/libdrivers__clock_control.a(clock_control_nrf.c.obj)
 .text.generic_hfclk_stop
                0x0000000000002790       0x34 zephyr/drivers/clock_control/libdrivers__clock_control.a(clock_control_nrf.c.obj)
 .text.z_nrf_clock_control_get_onoff
                0x00000000000027c4       0x10 zephyr/drivers/clock_control/libdrivers__clock_control.a(clock_control_nrf.c.obj)
                0x00000000000027c4                z_nrf_clock_control_get_onoff
 .text.z_nrf_clock_control_lf_on
                0x00000000000027d4      0x134 zephyr/drivers/clock_control/libdrivers__clock_control.a(clock_control_nrf.c.obj)
                0x00000000000027d4                z_nrf_clock_control_lf_on
 .text.uart_console_init
                0x0000000000002908       0x28 zephyr/drivers/console/libdrivers__console.a(uart_console.c.obj)
 .text.console_out
                0x0000000000002930       0x28 zephyr/drivers/console/libdrivers__console.a(uart_console.c.obj)
 .text.qspi_get_zephyr_ret_code
                0x0000000000002958       0x1c zephyr/drivers/flash/libdrivers__flash.a(nrf_qspi_nor.c.obj)
 .text.qspi_nor_pages_layout
                0x0000000000002974       0x10 zephyr/drivers/flash/libdrivers__flash.a(nrf_qspi_nor.c.obj)
 .text.qspi_flash_get_parameters
                0x0000000000002984        0x8 zephyr/drivers/flash/libdrivers__flash.a(nrf_qspi_nor.c.obj)
 .text.qspi_wait_for_completion.isra.0
                0x000000000000298c       0x1c zephyr/drivers/flash/libdrivers__flash.a(nrf_qspi_nor.c.obj)
 .text.qspi_send_cmd
                0x00000000000029a8       0x84 zephyr/drivers/flash/libdrivers__flash.a(nrf_qspi_nor.c.obj)
 .text.qspi_device_uninit
                0x0000000000002a2c       0x58 zephyr/drivers/flash/libdrivers__flash.a(nrf_qspi_nor.c.obj)
 .text.qspi_device_init
                0x0000000000002a84       0x50 zephyr/drivers/flash/libdrivers__flash.a(nrf_qspi_nor.c.obj)
 .text.qspi_nor_erase
                0x0000000000002ad4      0x120 zephyr/drivers/flash/libdrivers__flash.a(nrf_qspi_nor.c.obj)
 .text.qspi_nor_init
                0x0000000000002bf4      0x1a4 zephyr/drivers/flash/libdrivers__flash.a(nrf_qspi_nor.c.obj)
 .text.qspi_nor_write
                0x0000000000002d98      0x130 zephyr/drivers/flash/libdrivers__flash.a(nrf_qspi_nor.c.obj)
 .text.qspi_nor_read
                0x0000000000002ec8      0x158 zephyr/drivers/flash/libdrivers__flash.a(nrf_qspi_nor.c.obj)
 .text.flash_nrf_pages_layout
                0x0000000000003020       0x10 zephyr/drivers/flash/libdrivers__flash.a(soc_flash_nrf.c.obj)
 .text.flash_nrf_get_parameters
                0x0000000000003030        0x8 zephyr/drivers/flash/libdrivers__flash.a(soc_flash_nrf.c.obj)
 .text.flash_nrf_read
                0x0000000000003038       0x38 zephyr/drivers/flash/libdrivers__flash.a(soc_flash_nrf.c.obj)
 .text.nrf_flash_init
                0x0000000000003070       0x28 zephyr/drivers/flash/libdrivers__flash.a(soc_flash_nrf.c.obj)
 .text.restore_pofwarn.part.0
                0x0000000000003098       0x2c zephyr/drivers/flash/libdrivers__flash.a(soc_flash_nrf.c.obj)
 .text.suspend_pofwarn
                0x00000000000030c4       0x58 zephyr/drivers/flash/libdrivers__flash.a(soc_flash_nrf.c.obj)
 .text.flash_nrf_erase
                0x000000000000311c       0xa4 zephyr/drivers/flash/libdrivers__flash.a(soc_flash_nrf.c.obj)
 .text.flash_nrf_write
                0x00000000000031c0       0xac zephyr/drivers/flash/libdrivers__flash.a(soc_flash_nrf.c.obj)
 .text.gpio_nrfx_manage_callback
                0x000000000000326c       0x80 zephyr/drivers/gpio/libdrivers__gpio.a(gpio_nrfx.c.obj)
 .text.gpio_nrfx_pin_interrupt_configure
                0x00000000000032ec      0x10c zephyr/drivers/gpio/libdrivers__gpio.a(gpio_nrfx.c.obj)
 .text.gpio_nrfx_init
                0x00000000000033f8       0x38 zephyr/drivers/gpio/libdrivers__gpio.a(gpio_nrfx.c.obj)
 .text.nrfx_gpio_handler
                0x0000000000003430       0x68 zephyr/drivers/gpio/libdrivers__gpio.a(gpio_nrfx.c.obj)
 .text.gpio_nrfx_pin_configure
                0x0000000000003498      0x160 zephyr/drivers/gpio/libdrivers__gpio.a(gpio_nrfx.c.obj)
 .text.nrf_gpio_pin_port_decode
                0x00000000000035f8       0x54 zephyr/drivers/pinctrl/libdrivers__pinctrl.a(pinctrl_nrf.c.obj)
 .text.uarte_nrfx_configure
                0x000000000000364c      0x168 zephyr/drivers/serial/libdrivers__serial.a(uart_nrfx_uarte.c.obj)
 .text.uarte_0_init
                0x00000000000037b4       0xf0 zephyr/drivers/serial/libdrivers__serial.a(uart_nrfx_uarte.c.obj)
 .text.uarte_nrfx_poll_out
                0x00000000000038a4       0xcc zephyr/drivers/serial/libdrivers__serial.a(uart_nrfx_uarte.c.obj)
 .text.sys_clock_timeout_handler
                0x0000000000003970       0x48 zephyr/drivers/timer/libdrivers__timer.a(nrf_rtc_timer.c.obj)
 .text.z_nrf_rtc_timer_read
                0x00000000000039b8       0x44 zephyr/drivers/timer/libdrivers__timer.a(nrf_rtc_timer.c.obj)
                0x00000000000039b8                z_nrf_rtc_timer_read
 .text.rtc_nrf_isr
                0x00000000000039fc       0xd4 zephyr/drivers/timer/libdrivers__timer.a(nrf_rtc_timer.c.obj)
                0x00000000000039fc                rtc_nrf_isr
 .text.compare_set.constprop.0.isra.0
                0x0000000000003ad0      0x154 zephyr/drivers/timer/libdrivers__timer.a(nrf_rtc_timer.c.obj)
 .text.sys_clock_driver_init
                0x0000000000003c24       0x80 zephyr/drivers/timer/libdrivers__timer.a(nrf_rtc_timer.c.obj)
 .text.sys_clock_set_timeout
                0x0000000000003ca4       0x58 zephyr/drivers/timer/libdrivers__timer.a(nrf_rtc_timer.c.obj)
                0x0000000000003ca4                sys_clock_set_timeout
 .text.sys_clock_elapsed
                0x0000000000003cfc       0x14 zephyr/drivers/timer/libdrivers__timer.a(nrf_rtc_timer.c.obj)
                0x0000000000003cfc                sys_clock_elapsed
 .text.sys_clock_disable
                0x0000000000003d10       0x30 zephyr/drivers/timer/libdrivers__timer.a(nrf_rtc_timer.c.obj)
                0x0000000000003d10                sys_clock_disable
 .text.z_impl_gpio_pin_configure
                0x0000000000003d40      0x100 modules/nrf/lib/dk_buttons_and_leds/lib..__nrf__lib__dk_buttons_and_leds.a(dk_buttons_and_leds.c.obj)
 .text.gpio_pin_set
                0x0000000000003e40       0x4c modules/nrf/lib/dk_buttons_and_leds/lib..__nrf__lib__dk_buttons_and_leds.a(dk_buttons_and_leds.c.obj)
 .text.dk_set_leds_state.part.0
                0x0000000000003e8c       0x54 modules/nrf/lib/dk_buttons_and_leds/lib..__nrf__lib__dk_buttons_and_leds.a(dk_buttons_and_leds.c.obj)
 .text.dk_leds_init
                0x0000000000003ee0       0x40 modules/nrf/lib/dk_buttons_and_leds/lib..__nrf__lib__dk_buttons_and_leds.a(dk_buttons_and_leds.c.obj)
                0x0000000000003ee0                dk_leds_init
 .text.dk_set_led
                0x0000000000003f20       0x44 modules/nrf/lib/dk_buttons_and_leds/lib..__nrf__lib__dk_buttons_and_leds.a(dk_buttons_and_leds.c.obj)
                0x0000000000003f20                dk_set_led
 .text.k_sys_fatal_error_handler
                0x0000000000003f64       0x14 modules/nrf/lib/fatal_error/lib..__nrf__lib__fatal_error.a(fatal_error.c.obj)
                0x0000000000003f64                k_sys_fatal_error_handler
 .text.nfc_ndef_uri_msg_encode
                0x0000000000003f78       0x60 modules/nrf/subsys/nfc/ndef/lib..__nrf__subsys__nfc__ndef.a(uri_msg.c.obj)
                0x0000000000003f78                nfc_ndef_uri_msg_encode
 .text.nfc_platform_setup
                0x0000000000003fd8       0x68 modules/nrf/subsys/nfc/lib/lib..__nrf__subsys__nfc__lib.a(platform.c.obj)
                0x0000000000003fd8                nfc_platform_setup
 .text.nfc_platform_nfcid1_default_bytes_get
                0x0000000000004040       0x74 modules/nrf/subsys/nfc/lib/lib..__nrf__subsys__nfc__lib.a(platform.c.obj)
                0x0000000000004040                nfc_platform_nfcid1_default_bytes_get
 .text.nfc_platform_event_handler
                0x00000000000040b4       0x78 modules/nrf/subsys/nfc/lib/lib..__nrf__subsys__nfc__lib.a(platform.c.obj)
                0x00000000000040b4                nfc_platform_event_handler
 .text.work_resubmit.constprop.0
                0x000000000000412c       0x38 modules/nrf/subsys/nfc/lib/lib..__nrf__subsys__nfc__lib.a(platform_internal_thread.c.obj)
 .text.cb_work  0x0000000000004164      0x150 modules/nrf/subsys/nfc/lib/lib..__nrf__subsys__nfc__lib.a(platform_internal_thread.c.obj)
 .text.nfc_swi_handler
                0x00000000000042b4       0x44 modules/nrf/subsys/nfc/lib/lib..__nrf__subsys__nfc__lib.a(platform_internal_thread.c.obj)
                0x00000000000042b4                nfc_swi_handler
 .text.nfc_platform_internal_init
                0x00000000000042f8       0x28 modules/nrf/subsys/nfc/lib/lib..__nrf__subsys__nfc__lib.a(platform_internal_thread.c.obj)
                0x00000000000042f8                nfc_platform_internal_init
 .text.nfc_platform_cb_request
                0x0000000000004320       0x88 modules/nrf/subsys/nfc/lib/lib..__nrf__subsys__nfc__lib.a(platform_internal_thread.c.obj)
                0x0000000000004320                nfc_platform_cb_request
 .text.nrf52_errata_98
                0x00000000000043a8       0x24 modules/hal_nordic/nrfx/libmodules__hal_nordic__nrfx.a(system_nrf52840.c.obj)
 .text.nvmc_wait
                0x00000000000043cc       0x10 modules/hal_nordic/nrfx/libmodules__hal_nordic__nrfx.a(system_nrf52840.c.obj)
                0x00000000000043cc                nvmc_wait
 .text.SystemInit
                0x00000000000043dc      0x1bc modules/hal_nordic/nrfx/libmodules__hal_nordic__nrfx.a(system_nrf52840.c.obj)
                0x00000000000043dc                SystemInit
 .text.nrfx_flag32_alloc
                0x0000000000004598       0x48 modules/hal_nordic/nrfx/libmodules__hal_nordic__nrfx.a(nrfx_flag32_allocator.c.obj)
                0x0000000000004598                nrfx_flag32_alloc
 .text.nrfx_flag32_free
                0x00000000000045e0       0x40 modules/hal_nordic/nrfx/libmodules__hal_nordic__nrfx.a(nrfx_flag32_allocator.c.obj)
                0x00000000000045e0                nrfx_flag32_free
 .text.nrfx_gppi_channels_enable
                0x0000000000004620        0xc modules/hal_nordic/nrfx/libmodules__hal_nordic__nrfx.a(nrfx_gppi_ppi.c.obj)
                0x0000000000004620                nrfx_gppi_channels_enable
 .text.clock_stop
                0x000000000000462c       0xec modules/hal_nordic/nrfx/libmodules__hal_nordic__nrfx.a(nrfx_clock.c.obj)
 .text.nrfx_clock_init
                0x0000000000004718       0x44 modules/hal_nordic/nrfx/libmodules__hal_nordic__nrfx.a(nrfx_clock.c.obj)
                0x0000000000004718                nrfx_clock_init
 .text.nrfx_clock_enable
                0x000000000000475c       0x44 modules/hal_nordic/nrfx/libmodules__hal_nordic__nrfx.a(nrfx_clock.c.obj)
                0x000000000000475c                nrfx_clock_enable
 .text.nrfx_clock_start
                0x00000000000047a0       0xac modules/hal_nordic/nrfx/libmodules__hal_nordic__nrfx.a(nrfx_clock.c.obj)
                0x00000000000047a0                nrfx_clock_start
 .text.nrfx_clock_stop
                0x000000000000484c       0x34 modules/hal_nordic/nrfx/libmodules__hal_nordic__nrfx.a(nrfx_clock.c.obj)
                0x000000000000484c                nrfx_clock_stop
 .text.nrfx_power_clock_irq_handler
                0x0000000000004880       0x68 modules/hal_nordic/nrfx/libmodules__hal_nordic__nrfx.a(nrfx_clock.c.obj)
                0x0000000000004880                nrfx_power_clock_irq_handler
 .text.get_pin_idx
                0x00000000000048e8       0x14 modules/hal_nordic/nrfx/libmodules__hal_nordic__nrfx.a(nrfx_gpiote.c.obj)
 .text.pin_in_use
                0x00000000000048fc       0x18 modules/hal_nordic/nrfx/libmodules__hal_nordic__nrfx.a(nrfx_gpiote.c.obj)
 .text.pin_in_use_by_te
                0x0000000000004914       0x18 modules/hal_nordic/nrfx/libmodules__hal_nordic__nrfx.a(nrfx_gpiote.c.obj)
 .text.pin_has_trigger
                0x000000000000492c       0x1c modules/hal_nordic/nrfx/libmodules__hal_nordic__nrfx.a(nrfx_gpiote.c.obj)
 .text.pin_is_output
                0x0000000000004948       0x18 modules/hal_nordic/nrfx/libmodules__hal_nordic__nrfx.a(nrfx_gpiote.c.obj)
 .text.pin_te_get
                0x0000000000004960       0x18 modules/hal_nordic/nrfx/libmodules__hal_nordic__nrfx.a(nrfx_gpiote.c.obj)
 .text.call_handler
                0x0000000000004978       0x40 modules/hal_nordic/nrfx/libmodules__hal_nordic__nrfx.a(nrfx_gpiote.c.obj)
 .text.release_handler
                0x00000000000049b8       0x7c modules/hal_nordic/nrfx/libmodules__hal_nordic__nrfx.a(nrfx_gpiote.c.obj)
 .text.nrf_gpio_pin_port_decode
                0x0000000000004a34       0x5c modules/hal_nordic/nrfx/libmodules__hal_nordic__nrfx.a(nrfx_gpiote.c.obj)
 .text.nrf_gpiote_in_event_get
                0x0000000000004a90       0x2c modules/hal_nordic/nrfx/libmodules__hal_nordic__nrfx.a(nrfx_gpiote.c.obj)
 .text.__nrfy_internal_gpiote_events_process.constprop.0
                0x0000000000004abc       0x5c modules/hal_nordic/nrfx/libmodules__hal_nordic__nrfx.a(nrfx_gpiote.c.obj)
 .text.nrfx_gpiote_input_configure
                0x0000000000004b18      0x178 modules/hal_nordic/nrfx/libmodules__hal_nordic__nrfx.a(nrfx_gpiote.c.obj)
                0x0000000000004b18                nrfx_gpiote_input_configure
 .text.nrfx_gpiote_output_configure
                0x0000000000004c90       0xf0 modules/hal_nordic/nrfx/libmodules__hal_nordic__nrfx.a(nrfx_gpiote.c.obj)
                0x0000000000004c90                nrfx_gpiote_output_configure
 .text.nrfx_gpiote_global_callback_set
                0x0000000000004d80        0xc modules/hal_nordic/nrfx/libmodules__hal_nordic__nrfx.a(nrfx_gpiote.c.obj)
                0x0000000000004d80                nrfx_gpiote_global_callback_set
 .text.nrfx_gpiote_channel_get
                0x0000000000004d8c       0x50 modules/hal_nordic/nrfx/libmodules__hal_nordic__nrfx.a(nrfx_gpiote.c.obj)
                0x0000000000004d8c                nrfx_gpiote_channel_get
 .text.nrfx_gpiote_init
                0x0000000000004ddc       0x78 modules/hal_nordic/nrfx/libmodules__hal_nordic__nrfx.a(nrfx_gpiote.c.obj)
                0x0000000000004ddc                nrfx_gpiote_init
 .text.nrfx_gpiote_is_init
                0x0000000000004e54       0x14 modules/hal_nordic/nrfx/libmodules__hal_nordic__nrfx.a(nrfx_gpiote.c.obj)
                0x0000000000004e54                nrfx_gpiote_is_init
 .text.nrfx_gpiote_channel_free
                0x0000000000004e68        0xc modules/hal_nordic/nrfx/libmodules__hal_nordic__nrfx.a(nrfx_gpiote.c.obj)
                0x0000000000004e68                nrfx_gpiote_channel_free
 .text.nrfx_gpiote_channel_alloc
                0x0000000000004e74        0xc modules/hal_nordic/nrfx/libmodules__hal_nordic__nrfx.a(nrfx_gpiote.c.obj)
                0x0000000000004e74                nrfx_gpiote_channel_alloc
 .text.nrfx_gpiote_trigger_enable
                0x0000000000004e80       0xdc modules/hal_nordic/nrfx/libmodules__hal_nordic__nrfx.a(nrfx_gpiote.c.obj)
                0x0000000000004e80                nrfx_gpiote_trigger_enable
 .text.nrfx_gpiote_trigger_disable
                0x0000000000004f5c       0x4c modules/hal_nordic/nrfx/libmodules__hal_nordic__nrfx.a(nrfx_gpiote.c.obj)
                0x0000000000004f5c                nrfx_gpiote_trigger_disable
 .text.nrfx_gpiote_pin_uninit
                0x0000000000004fa8       0x7c modules/hal_nordic/nrfx/libmodules__hal_nordic__nrfx.a(nrfx_gpiote.c.obj)
                0x0000000000004fa8                nrfx_gpiote_pin_uninit
 .text.nrfx_gpiote_irq_handler
                0x0000000000005024      0x1ac modules/hal_nordic/nrfx/libmodules__hal_nordic__nrfx.a(nrfx_gpiote.c.obj)
                0x0000000000005024                nrfx_gpiote_irq_handler
 .text.__nrfy_internal_nfct_event_handle.constprop.0.isra.0
                0x00000000000051d0       0x30 modules/hal_nordic/nrfx/libmodules__hal_nordic__nrfx.a(nrfx_nfct.c.obj)
 .text.nrfx_nfct_init
                0x0000000000005200       0xd0 modules/hal_nordic/nrfx/libmodules__hal_nordic__nrfx.a(nrfx_nfct.c.obj)
                0x0000000000005200                nrfx_nfct_init
 .text.nrfx_nfct_enable
                0x00000000000052d0       0x1c modules/hal_nordic/nrfx/libmodules__hal_nordic__nrfx.a(nrfx_nfct.c.obj)
                0x00000000000052d0                nrfx_nfct_enable
 .text.nrfx_nfct_disable
                0x00000000000052ec       0x14 modules/hal_nordic/nrfx/libmodules__hal_nordic__nrfx.a(nrfx_nfct.c.obj)
                0x00000000000052ec                nrfx_nfct_disable
 .text.nrfx_nfct_field_check
                0x0000000000005300       0x14 modules/hal_nordic/nrfx/libmodules__hal_nordic__nrfx.a(nrfx_nfct.c.obj)
                0x0000000000005300                nrfx_nfct_field_check
 .text.nfct_field_event_handler
                0x0000000000005314       0x90 modules/hal_nordic/nrfx/libmodules__hal_nordic__nrfx.a(nrfx_nfct.c.obj)
 .text.nfct_activate_check
                0x00000000000053a4       0x48 modules/hal_nordic/nrfx/libmodules__hal_nordic__nrfx.a(nrfx_nfct.c.obj)
 .text.nfct_field_timer_handler
                0x00000000000053ec       0x20 modules/hal_nordic/nrfx/libmodules__hal_nordic__nrfx.a(nrfx_nfct.c.obj)
 .text.nrfx_nfct_rx
                0x000000000000540c       0x68 modules/hal_nordic/nrfx/libmodules__hal_nordic__nrfx.a(nrfx_nfct.c.obj)
                0x000000000000540c                nrfx_nfct_rx
 .text.nrfx_nfct_tx
                0x0000000000005474       0xd8 modules/hal_nordic/nrfx/libmodules__hal_nordic__nrfx.a(nrfx_nfct.c.obj)
                0x0000000000005474                nrfx_nfct_tx
 .text.nrfx_nfct_state_force
                0x000000000000554c       0x1c modules/hal_nordic/nrfx/libmodules__hal_nordic__nrfx.a(nrfx_nfct.c.obj)
                0x000000000000554c                nrfx_nfct_state_force
 .text.nrfx_nfct_init_substate_force
                0x0000000000005568       0x40 modules/hal_nordic/nrfx/libmodules__hal_nordic__nrfx.a(nrfx_nfct.c.obj)
                0x0000000000005568                nrfx_nfct_init_substate_force
 .text.nrfx_nfct_parameter_set
                0x00000000000055a8       0xf4 modules/hal_nordic/nrfx/libmodules__hal_nordic__nrfx.a(nrfx_nfct.c.obj)
                0x00000000000055a8                nrfx_nfct_parameter_set
 .text.nrfx_nfct_irq_handler
                0x000000000000569c      0x244 modules/hal_nordic/nrfx/libmodules__hal_nordic__nrfx.a(nrfx_nfct.c.obj)
                0x000000000000569c                nrfx_nfct_irq_handler
 .text.nvmc_word_write
                0x00000000000058e0       0x18 modules/hal_nordic/nrfx/libmodules__hal_nordic__nrfx.a(nrfx_nvmc.c.obj)
 .text.nrfx_nvmc_page_erase
                0x00000000000058f8       0x68 modules/hal_nordic/nrfx/libmodules__hal_nordic__nrfx.a(nrfx_nvmc.c.obj)
                0x00000000000058f8                nrfx_nvmc_page_erase
 .text.nrfx_nvmc_word_write
                0x0000000000005960       0x60 modules/hal_nordic/nrfx/libmodules__hal_nordic__nrfx.a(nrfx_nvmc.c.obj)
                0x0000000000005960                nrfx_nvmc_word_write
 .text.nrfx_ppi_channel_alloc
                0x00000000000059c0        0xc modules/hal_nordic/nrfx/libmodules__hal_nordic__nrfx.a(nrfx_ppi.c.obj)
                0x00000000000059c0                nrfx_ppi_channel_alloc
 .text.qspi_xfer
                0x00000000000059cc      0x124 modules/hal_nordic/nrfx/libmodules__hal_nordic__nrfx.a(nrfx_qspi.c.obj)
 .text.qspi_ready_wait
                0x0000000000005af0       0x2c modules/hal_nordic/nrfx/libmodules__hal_nordic__nrfx.a(nrfx_qspi.c.obj)
 .text.qspi_event_xfer_handle.constprop.0
                0x0000000000005b1c       0x28 modules/hal_nordic/nrfx/libmodules__hal_nordic__nrfx.a(nrfx_qspi.c.obj)
 .text.nrf_gpio_cfg.constprop.0
                0x0000000000005b44       0x6c modules/hal_nordic/nrfx/libmodules__hal_nordic__nrfx.a(nrfx_qspi.c.obj)
 .text.nrf_qspi_cinstrdata_get.constprop.0
                0x0000000000005bb0       0x40 modules/hal_nordic/nrfx/libmodules__hal_nordic__nrfx.a(nrfx_qspi.c.obj)
 .text.nrf_qspi_cinstrdata_set.constprop.0
                0x0000000000005bf0       0x64 modules/hal_nordic/nrfx/libmodules__hal_nordic__nrfx.a(nrfx_qspi.c.obj)
 .text.qspi_configure
                0x0000000000005c54      0x158 modules/hal_nordic/nrfx/libmodules__hal_nordic__nrfx.a(nrfx_qspi.c.obj)
 .text.nrfx_qspi_init
                0x0000000000005dac       0x70 modules/hal_nordic/nrfx/libmodules__hal_nordic__nrfx.a(nrfx_qspi.c.obj)
                0x0000000000005dac                nrfx_qspi_init
 .text.nrfx_qspi_cinstr_xfer
                0x0000000000005e1c       0xd0 modules/hal_nordic/nrfx/libmodules__hal_nordic__nrfx.a(nrfx_qspi.c.obj)
                0x0000000000005e1c                nrfx_qspi_cinstr_xfer
 .text.nrfx_qspi_mem_busy_check
                0x0000000000005eec       0x44 modules/hal_nordic/nrfx/libmodules__hal_nordic__nrfx.a(nrfx_qspi.c.obj)
                0x0000000000005eec                nrfx_qspi_mem_busy_check
 .text.nrfx_qspi_uninit
                0x0000000000005f30       0xd0 modules/hal_nordic/nrfx/libmodules__hal_nordic__nrfx.a(nrfx_qspi.c.obj)
                0x0000000000005f30                nrfx_qspi_uninit
 .text.nrfx_qspi_erase
                0x0000000000006000       0x88 modules/hal_nordic/nrfx/libmodules__hal_nordic__nrfx.a(nrfx_qspi.c.obj)
                0x0000000000006000                nrfx_qspi_erase
 .text.nrfx_qspi_irq_handler
                0x0000000000006088       0x68 modules/hal_nordic/nrfx/libmodules__hal_nordic__nrfx.a(nrfx_qspi.c.obj)
                0x0000000000006088                nrfx_qspi_irq_handler
 .text.timer_configure
                0x00000000000060f0       0x84 modules/hal_nordic/nrfx/libmodules__hal_nordic__nrfx.a(nrfx_timer.c.obj)
 .text.nrfx_timer_init
                0x0000000000006174       0x90 modules/hal_nordic/nrfx/libmodules__hal_nordic__nrfx.a(nrfx_timer.c.obj)
                0x0000000000006174                nrfx_timer_init
 .text.nrfx_timer_enable
                0x0000000000006204       0x40 modules/hal_nordic/nrfx/libmodules__hal_nordic__nrfx.a(nrfx_timer.c.obj)
                0x0000000000006204                nrfx_timer_enable
 .text.nrfx_timer_disable
                0x0000000000006244       0x40 modules/hal_nordic/nrfx/libmodules__hal_nordic__nrfx.a(nrfx_timer.c.obj)
                0x0000000000006244                nrfx_timer_disable
 .text.nrfx_timer_clear
                0x0000000000006284       0x38 modules/hal_nordic/nrfx/libmodules__hal_nordic__nrfx.a(nrfx_timer.c.obj)
                0x0000000000006284                nrfx_timer_clear
 .text.nrfx_timer_4_irq_handler
                0x00000000000062bc       0x68 modules/hal_nordic/nrfx/libmodules__hal_nordic__nrfx.a(nrfx_timer.c.obj)
                0x00000000000062bc                nrfx_timer_4_irq_handler
 .text._DoInit  0x0000000000006324       0x68 modules/segger/libmodules__segger.a(SEGGER_RTT.c.obj)
 .text.z_device_state_init
                0x000000000000638c       0x34 zephyr/kernel/libkernel.a(device.c.obj)
                0x000000000000638c                z_device_state_init
 .text.z_fatal_error
                0x00000000000063c0       0xbc zephyr/kernel/libkernel.a(fatal.c.obj)
                0x00000000000063c0                z_fatal_error
 .text.z_sys_init_run_level
                0x000000000000647c       0x48 zephyr/kernel/libkernel.a(init.c.obj)
 .text.bg_thread_main
                0x00000000000064c4       0x34 zephyr/kernel/libkernel.a(init.c.obj)
 .text.z_bss_zero
                0x00000000000064f8       0x18 zephyr/kernel/libkernel.a(init.c.obj)
                0x00000000000064f8                z_bss_zero
 .text.z_init_cpu
                0x0000000000006510       0x8c zephyr/kernel/libkernel.a(init.c.obj)
                0x0000000000006510                z_init_cpu
 .text.z_cstart
                0x000000000000659c       0xe0 zephyr/kernel/libkernel.a(init.c.obj)
                0x000000000000659c                z_cstart
 .text.init_mem_slab_module
                0x000000000000667c       0x40 zephyr/kernel/libkernel.a(mem_slab.c.obj)
 .text.k_mem_slab_alloc
                0x00000000000066bc       0xb0 zephyr/kernel/libkernel.a(mem_slab.c.obj)
                0x00000000000066bc                k_mem_slab_alloc
 .text.k_mem_slab_free
                0x000000000000676c       0xd0 zephyr/kernel/libkernel.a(mem_slab.c.obj)
                0x000000000000676c                k_mem_slab_free
 .text.z_setup_new_thread
                0x000000000000683c       0xb8 zephyr/kernel/libkernel.a(thread.c.obj)
                0x000000000000683c                z_setup_new_thread
 .text.z_impl_k_thread_create
                0x00000000000068f4       0x7c zephyr/kernel/libkernel.a(thread.c.obj)
                0x00000000000068f4                z_impl_k_thread_create
 .text.z_init_static_threads
                0x0000000000006970       0xf0 zephyr/kernel/libkernel.a(thread.c.obj)
                0x0000000000006970                z_init_static_threads
 .text.z_spin_lock_valid
                0x0000000000006a60       0x1c zephyr/kernel/libkernel.a(thread.c.obj)
                0x0000000000006a60                z_spin_lock_valid
 .text.z_spin_unlock_valid
                0x0000000000006a7c       0x20 zephyr/kernel/libkernel.a(thread.c.obj)
                0x0000000000006a7c                z_spin_unlock_valid
 .text.z_spin_lock_set_owner
                0x0000000000006a9c       0x10 zephyr/kernel/libkernel.a(thread.c.obj)
                0x0000000000006a9c                z_spin_lock_set_owner
 .text.idle     0x0000000000006aac       0x44 zephyr/kernel/libkernel.a(idle.c.obj)
                0x0000000000006aac                idle
 .text.z_impl_k_mutex_lock
                0x0000000000006af0      0x16c zephyr/kernel/libkernel.a(mutex.c.obj)
                0x0000000000006af0                z_impl_k_mutex_lock
 .text.z_impl_k_mutex_unlock
                0x0000000000006c5c       0xe0 zephyr/kernel/libkernel.a(mutex.c.obj)
                0x0000000000006c5c                z_impl_k_mutex_unlock
 .text.z_impl_k_sem_give
                0x0000000000006d3c       0x88 zephyr/kernel/libkernel.a(sem.c.obj)
                0x0000000000006d3c                z_impl_k_sem_give
 .text.z_impl_k_sem_take
                0x0000000000006dc4       0xc0 zephyr/kernel/libkernel.a(sem.c.obj)
                0x0000000000006dc4                z_impl_k_sem_take
 .text.work_queue_main
                0x0000000000006e84      0x1bc zephyr/kernel/libkernel.a(work.c.obj)
 .text.submit_to_queue_locked
                0x0000000000007040       0xd4 zephyr/kernel/libkernel.a(work.c.obj)
 .text.z_work_submit_to_queue
                0x0000000000007114       0x8c zephyr/kernel/libkernel.a(work.c.obj)
                0x0000000000007114                z_work_submit_to_queue
 .text.k_work_submit
                0x00000000000071a0        0xc zephyr/kernel/libkernel.a(work.c.obj)
                0x00000000000071a0                k_work_submit
 .text.k_work_queue_start
                0x00000000000071ac       0xc0 zephyr/kernel/libkernel.a(work.c.obj)
                0x00000000000071ac                k_work_queue_start
 .text.sliceable
                0x000000000000726c       0x3c zephyr/kernel/libkernel.a(sched.c.obj)
 .text.slice_timeout
                0x00000000000072a8       0x58 zephyr/kernel/libkernel.a(sched.c.obj)
 .text.z_reset_time_slice
                0x0000000000007300       0x50 zephyr/kernel/libkernel.a(sched.c.obj)
                0x0000000000007300                z_reset_time_slice
 .text.update_cache
                0x0000000000007350       0x58 zephyr/kernel/libkernel.a(sched.c.obj)
 .text.ready_thread
                0x00000000000073a8       0x90 zephyr/kernel/libkernel.a(sched.c.obj)
 .text.z_ready_thread
                0x0000000000007438       0x68 zephyr/kernel/libkernel.a(sched.c.obj)
                0x0000000000007438                z_ready_thread
 .text.z_reschedule
                0x00000000000074a0       0x6c zephyr/kernel/libkernel.a(sched.c.obj)
                0x00000000000074a0                z_reschedule
 .text.z_sched_start
                0x000000000000750c       0x80 zephyr/kernel/libkernel.a(sched.c.obj)
                0x000000000000750c                z_sched_start
 .text.k_sched_lock
                0x000000000000758c       0x98 zephyr/kernel/libkernel.a(sched.c.obj)
                0x000000000000758c                k_sched_lock
 .text.k_sched_unlock
                0x0000000000007624       0xa8 zephyr/kernel/libkernel.a(sched.c.obj)
                0x0000000000007624                k_sched_unlock
 .text.z_priq_dumb_remove
                0x00000000000076cc       0x3c zephyr/kernel/libkernel.a(sched.c.obj)
                0x00000000000076cc                z_priq_dumb_remove
 .text.move_thread_to_end_of_prio_q
                0x0000000000007708       0xa0 zephyr/kernel/libkernel.a(sched.c.obj)
 .text.z_time_slice
                0x00000000000077a8       0xa4 zephyr/kernel/libkernel.a(sched.c.obj)
                0x00000000000077a8                z_time_slice
 .text.unready_thread
                0x000000000000784c       0x38 zephyr/kernel/libkernel.a(sched.c.obj)
 .text.add_to_waitq_locked
                0x0000000000007884       0x74 zephyr/kernel/libkernel.a(sched.c.obj)
 .text.pend_locked
                0x00000000000078f8       0x30 zephyr/kernel/libkernel.a(sched.c.obj)
 .text.z_pend_curr
                0x0000000000007928       0xb8 zephyr/kernel/libkernel.a(sched.c.obj)
                0x0000000000007928                z_pend_curr
 .text.z_set_prio
                0x00000000000079e0       0xf8 zephyr/kernel/libkernel.a(sched.c.obj)
                0x00000000000079e0                z_set_prio
 .text.z_impl_k_thread_suspend
                0x0000000000007ad8       0xac zephyr/kernel/libkernel.a(sched.c.obj)
                0x0000000000007ad8                z_impl_k_thread_suspend
 .text.unpend_thread_no_timeout
                0x0000000000007b84       0x3c zephyr/kernel/libkernel.a(sched.c.obj)
 .text.z_unpend_thread
                0x0000000000007bc0       0x74 zephyr/kernel/libkernel.a(sched.c.obj)
                0x0000000000007bc0                z_unpend_thread
 .text.z_sched_wake_thread
                0x0000000000007c34       0x8c zephyr/kernel/libkernel.a(sched.c.obj)
                0x0000000000007c34                z_sched_wake_thread
 .text.z_unpend_first_thread
                0x0000000000007cc0       0x7c zephyr/kernel/libkernel.a(sched.c.obj)
                0x0000000000007cc0                z_unpend_first_thread
 .text.z_sched_init
                0x0000000000007d3c       0x10 zephyr/kernel/libkernel.a(sched.c.obj)
                0x0000000000007d3c                z_sched_init
 .text.z_impl_k_yield
                0x0000000000007d4c       0xfc zephyr/kernel/libkernel.a(sched.c.obj)
                0x0000000000007d4c                z_impl_k_yield
 .text.z_tick_sleep
                0x0000000000007e48      0x108 zephyr/kernel/libkernel.a(sched.c.obj)
 .text.z_impl_k_sleep
                0x0000000000007f50       0x58 zephyr/kernel/libkernel.a(sched.c.obj)
                0x0000000000007f50                z_impl_k_sleep
 .text.z_impl_z_current_get
                0x0000000000007fa8        0xc zephyr/kernel/libkernel.a(sched.c.obj)
                0x0000000000007fa8                z_impl_z_current_get
 .text.z_thread_abort
                0x0000000000007fb4      0x148 zephyr/kernel/libkernel.a(sched.c.obj)
                0x0000000000007fb4                z_thread_abort
 .text.z_sched_wake
                0x00000000000080fc       0x98 zephyr/kernel/libkernel.a(sched.c.obj)
                0x00000000000080fc                z_sched_wake
 .text.z_sched_wait
                0x0000000000008194       0x24 zephyr/kernel/libkernel.a(sched.c.obj)
                0x0000000000008194                z_sched_wait
 .text.z_data_copy
                0x00000000000081b8       0x34 zephyr/kernel/libkernel.a(xip.c.obj)
                0x00000000000081b8                z_data_copy
 .text.elapsed  0x00000000000081ec       0x14 zephyr/kernel/libkernel.a(timeout.c.obj)
 .text.next_timeout
                0x0000000000008200       0x40 zephyr/kernel/libkernel.a(timeout.c.obj)
 .text.remove_timeout
                0x0000000000008240       0x38 zephyr/kernel/libkernel.a(timeout.c.obj)
 .text.z_add_timeout
                0x0000000000008278      0x14c zephyr/kernel/libkernel.a(timeout.c.obj)
                0x0000000000008278                z_add_timeout
 .text.z_abort_timeout
                0x00000000000083c4       0x74 zephyr/kernel/libkernel.a(timeout.c.obj)
                0x00000000000083c4                z_abort_timeout
 .text.sys_clock_announce
                0x0000000000008438      0x138 zephyr/kernel/libkernel.a(timeout.c.obj)
                0x0000000000008438                sys_clock_announce
 .text.sys_clock_tick_get
                0x0000000000008570       0x78 zephyr/kernel/libkernel.a(timeout.c.obj)
                0x0000000000008570                sys_clock_tick_get
 .text.z_heap_aligned_alloc
                0x00000000000085e8       0x48 zephyr/kernel/libkernel.a(mempool.c.obj)
 .text.k_aligned_alloc
                0x0000000000008630       0x4c zephyr/kernel/libkernel.a(mempool.c.obj)
                0x0000000000008630                k_aligned_alloc
 .text.k_thread_system_pool_assign
                0x000000000000867c        0xc zephyr/kernel/libkernel.a(mempool.c.obj)
                0x000000000000867c                k_thread_system_pool_assign
 .text.boot_banner
                0x0000000000008688        0xc zephyr/kernel/libkernel.a(banner.c.obj)
                0x0000000000008688                boot_banner
 .text.statics_init
                0x0000000000008694       0x40 zephyr/kernel/libkernel.a(kheap.c.obj)
 .text.k_heap_aligned_alloc
                0x00000000000086d4      0x104 zephyr/kernel/libkernel.a(kheap.c.obj)
                0x00000000000086d4                k_heap_aligned_alloc
 .text.k_heap_free
                0x00000000000087d8       0x80 zephyr/kernel/libkernel.a(kheap.c.obj)
                0x00000000000087d8                k_heap_free
 .text.k_sys_work_q_init
                0x0000000000008858       0x34 zephyr/kernel/libkernel.a(system_work_q.c.obj)
 .text.alNfcCallback
                0x000000000000888c      0x338 C:/ncs/v2.5.0/nrfxlib/nfc/lib/cortex-m4/soft-float/libnfc_t2t.a(nfc_t2t_lib.c.obj)
 .text.nfc_t2t_setup
                0x0000000000008bc4       0x58 C:/ncs/v2.5.0/nrfxlib/nfc/lib/cortex-m4/soft-float/libnfc_t2t.a(nfc_t2t_lib.c.obj)
                0x0000000000008bc4                nfc_t2t_setup
 .text.nfc_t2t_payload_set
                0x0000000000008c1c      0x108 C:/ncs/v2.5.0/nrfxlib/nfc/lib/cortex-m4/soft-float/libnfc_t2t.a(nfc_t2t_lib.c.obj)
                0x0000000000008c1c                nfc_t2t_payload_set
 .text.nfc_t2t_internal_set
                0x0000000000008d24       0x34 C:/ncs/v2.5.0/nrfxlib/nfc/lib/cortex-m4/soft-float/libnfc_t2t.a(nfc_t2t_lib.c.obj)
                0x0000000000008d24                nfc_t2t_internal_set
 .text.nfc_t2t_emulation_start
                0x0000000000008d58       0x20 C:/ncs/v2.5.0/nrfxlib/nfc/lib/cortex-m4/soft-float/libnfc_t2t.a(nfc_t2t_lib.c.obj)
                0x0000000000008d58                nfc_t2t_emulation_start
 .text.nfc_t2t_emulation_stop
                0x0000000000008d78       0x44 C:/ncs/v2.5.0/nrfxlib/nfc/lib/cortex-m4/soft-float/libnfc_t2t.a(nfc_t2t_lib.c.obj)
                0x0000000000008d78                nfc_t2t_emulation_stop
 .text.nfc_t2t_lib_al_resolve_cb
                0x0000000000008dbc       0x18 C:/ncs/v2.5.0/nrfxlib/nfc/lib/cortex-m4/soft-float/libnfc_t2t.a(nfc_t2t_lib_al.c.obj)
 .text.nrfx_nfct_evt_handler
                0x0000000000008dd4       0xf4 C:/ncs/v2.5.0/nrfxlib/nfc/lib/cortex-m4/soft-float/libnfc_t2t.a(nfc_t2t_lib_al.c.obj)
 .text.nfc_t2t_lib_al_parameter_set.part.0
                0x0000000000008ec8      0x114 C:/ncs/v2.5.0/nrfxlib/nfc/lib/cortex-m4/soft-float/libnfc_t2t.a(nfc_t2t_lib_al.c.obj)
 .text.nfc_t2t_lib_al_setup
                0x0000000000008fdc       0x88 C:/ncs/v2.5.0/nrfxlib/nfc/lib/cortex-m4/soft-float/libnfc_t2t.a(nfc_t2t_lib_al.c.obj)
                0x0000000000008fdc                nfc_t2t_lib_al_setup
 .text.nfc_t2t_lib_al_start
                0x0000000000009064        0x4 C:/ncs/v2.5.0/nrfxlib/nfc/lib/cortex-m4/soft-float/libnfc_t2t.a(nfc_t2t_lib_al.c.obj)
                0x0000000000009064                nfc_t2t_lib_al_start
 .text.nfc_t2t_lib_al_send
                0x0000000000009068       0x20 C:/ncs/v2.5.0/nrfxlib/nfc/lib/cortex-m4/soft-float/libnfc_t2t.a(nfc_t2t_lib_al.c.obj)
                0x0000000000009068                nfc_t2t_lib_al_send
 .text.nfc_t2t_lib_al_stop
                0x0000000000009088        0x4 C:/ncs/v2.5.0/nrfxlib/nfc/lib/cortex-m4/soft-float/libnfc_t2t.a(nfc_t2t_lib_al.c.obj)
                0x0000000000009088                nfc_t2t_lib_al_stop
 .text.nfc_t2t_lib_al_cb_request
                0x000000000000908c       0x2c C:/ncs/v2.5.0/nrfxlib/nfc/lib/cortex-m4/soft-float/libnfc_t2t.a(nfc_t2t_lib_al.c.obj)
                0x000000000000908c                nfc_t2t_lib_al_cb_request
 .text.nrf_cc3xx_platform_init_no_rng
                0x00000000000090b8       0x38 C:/ncs/v2.5.0/nrfxlib/crypto/nrf_cc310_platform/lib/cortex-m4/soft-float/no-interrupts/libnrf_cc310_platform_0.9.18.a(nrf_cc3xx_platform.c.obj)
                0x00000000000090b8                nrf_cc3xx_platform_init_no_rng
 .text.nrf_cc3xx_platform_abort
                0x00000000000090f0       0x24 C:/ncs/v2.5.0/nrfxlib/crypto/nrf_cc310_platform/lib/cortex-m4/soft-float/no-interrupts/libnrf_cc310_platform_0.9.18.a(nrf_cc3xx_platform_abort.c.obj)
 .text.CC_PalAbort
                0x0000000000009114       0x34 C:/ncs/v2.5.0/nrfxlib/crypto/nrf_cc310_platform/lib/cortex-m4/soft-float/no-interrupts/libnrf_cc310_platform_0.9.18.a(nrf_cc3xx_platform_abort.c.obj)
                0x0000000000009114                CC_PalAbort
 .text.nrf_cc3xx_platform_set_abort
                0x0000000000009148       0x10 C:/ncs/v2.5.0/nrfxlib/crypto/nrf_cc310_platform/lib/cortex-m4/soft-float/no-interrupts/libnrf_cc310_platform_0.9.18.a(nrf_cc3xx_platform_abort.c.obj)
                0x0000000000009148                nrf_cc3xx_platform_set_abort
 .text.mutex_free
                0x0000000000009158       0x34 C:/ncs/v2.5.0/nrfxlib/crypto/nrf_cc310_platform/lib/cortex-m4/soft-float/no-interrupts/libnrf_cc310_platform_0.9.18.a(nrf_cc3xx_platform_mutex.c.obj)
 .text.mutex_lock
                0x000000000000918c       0x48 C:/ncs/v2.5.0/nrfxlib/crypto/nrf_cc310_platform/lib/cortex-m4/soft-float/no-interrupts/libnrf_cc310_platform_0.9.18.a(nrf_cc3xx_platform_mutex.c.obj)
 .text.mutex_unlock
                0x00000000000091d4       0x38 C:/ncs/v2.5.0/nrfxlib/crypto/nrf_cc310_platform/lib/cortex-m4/soft-float/no-interrupts/libnrf_cc310_platform_0.9.18.a(nrf_cc3xx_platform_mutex.c.obj)
 .text.mutex_init
                0x000000000000920c       0x20 C:/ncs/v2.5.0/nrfxlib/crypto/nrf_cc310_platform/lib/cortex-m4/soft-float/no-interrupts/libnrf_cc310_platform_0.9.18.a(nrf_cc3xx_platform_mutex.c.obj)
 .text.nrf_cc3xx_platform_set_mutexes
                0x000000000000922c       0x74 C:/ncs/v2.5.0/nrfxlib/crypto/nrf_cc310_platform/lib/cortex-m4/soft-float/no-interrupts/libnrf_cc310_platform_0.9.18.a(nrf_cc3xx_platform_mutex.c.obj)
                0x000000000000922c                nrf_cc3xx_platform_set_mutexes
 .text.CC_LibInitNoRng
                0x00000000000092a0       0x64 C:/ncs/v2.5.0/nrfxlib/crypto/nrf_cc310_platform/lib/cortex-m4/soft-float/no-interrupts/libnrf_cc310_platform_0.9.18.a(cc_lib.c.obj)
                0x00000000000092a0                CC_LibInitNoRng
 .text.CC_HalInit
                0x0000000000009304        0x4 C:/ncs/v2.5.0/nrfxlib/crypto/nrf_cc310_platform/lib/cortex-m4/soft-float/no-interrupts/libnrf_cc310_platform_0.9.18.a(cc_hal.c.obj)
                0x0000000000009304                CC_HalInit
 .text.CC_HalTerminate
                0x0000000000009308        0x4 C:/ncs/v2.5.0/nrfxlib/crypto/nrf_cc310_platform/lib/cortex-m4/soft-float/no-interrupts/libnrf_cc310_platform_0.9.18.a(cc_hal.c.obj)
                0x0000000000009308                CC_HalTerminate
 .text.CC_HalMaskInterrupt
                0x000000000000930c        0xc C:/ncs/v2.5.0/nrfxlib/crypto/nrf_cc310_platform/lib/cortex-m4/soft-float/no-interrupts/libnrf_cc310_platform_0.9.18.a(cc_hal.c.obj)
                0x000000000000930c                CC_HalMaskInterrupt
 .text.CC_PalInit
                0x0000000000009318       0x5c C:/ncs/v2.5.0/nrfxlib/crypto/nrf_cc310_platform/lib/cortex-m4/soft-float/no-interrupts/libnrf_cc310_platform_0.9.18.a(cc_pal.c.obj)
                0x0000000000009318                CC_PalInit
 .text.CC_PalTerminate
                0x0000000000009374       0x34 C:/ncs/v2.5.0/nrfxlib/crypto/nrf_cc310_platform/lib/cortex-m4/soft-float/no-interrupts/libnrf_cc310_platform_0.9.18.a(cc_pal.c.obj)
                0x0000000000009374                CC_PalTerminate
 .text.CC_PalDmaInit
                0x00000000000093a8        0x4 C:/ncs/v2.5.0/nrfxlib/crypto/nrf_cc310_platform/lib/cortex-m4/soft-float/no-interrupts/libnrf_cc310_platform_0.9.18.a(cc_pal_dma.c.obj)
                0x00000000000093a8                CC_PalDmaInit
 .text.CC_PalDmaTerminate
                0x00000000000093ac        0x4 C:/ncs/v2.5.0/nrfxlib/crypto/nrf_cc310_platform/lib/cortex-m4/soft-float/no-interrupts/libnrf_cc310_platform_0.9.18.a(cc_pal_dma.c.obj)
                0x00000000000093ac                CC_PalDmaTerminate
 .text.CC_PalMutexCreate
                0x00000000000093b0       0x14 C:/ncs/v2.5.0/nrfxlib/crypto/nrf_cc310_platform/lib/cortex-m4/soft-float/no-interrupts/libnrf_cc310_platform_0.9.18.a(cc_pal_mutex.c.obj)
                0x00000000000093b0                CC_PalMutexCreate
 .text.CC_PalMutexDestroy
                0x00000000000093c4       0x14 C:/ncs/v2.5.0/nrfxlib/crypto/nrf_cc310_platform/lib/cortex-m4/soft-float/no-interrupts/libnrf_cc310_platform_0.9.18.a(cc_pal_mutex.c.obj)
                0x00000000000093c4                CC_PalMutexDestroy
 .text.CC_PalPowerSaveModeInit
                0x00000000000093d8       0x3c C:/ncs/v2.5.0/nrfxlib/crypto/nrf_cc310_platform/lib/cortex-m4/soft-float/no-interrupts/libnrf_cc310_platform_0.9.18.a(cc_pal_pm.c.obj)
                0x00000000000093d8                CC_PalPowerSaveModeInit
 .text.CC_PalPowerSaveModeSelect
                0x0000000000009414       0x84 C:/ncs/v2.5.0/nrfxlib/crypto/nrf_cc310_platform/lib/cortex-m4/soft-float/no-interrupts/libnrf_cc310_platform_0.9.18.a(cc_pal_pm.c.obj)
                0x0000000000009414                CC_PalPowerSaveModeSelect
 .text.snprintf
                0x0000000000009498       0x58 c:\ncs\toolchains\c57af46cb7\opt\zephyr-sdk\arm-zephyr-eabi\bin\../lib/gcc/../../picolibc/arm-zephyr-eabi/lib/thumb/v7e-m/nofp\libc.a(libc_tinystdio_snprintf.c.o)
                0x0000000000009498                snprintf
 .text.__i_vfprintf
                0x00000000000094f0      0x490 c:\ncs\toolchains\c57af46cb7\opt\zephyr-sdk\arm-zephyr-eabi\bin\../lib/gcc/../../picolibc/arm-zephyr-eabi/lib/thumb/v7e-m/nofp\libc.a(libc_tinystdio_vfiprintf.c.o)
                0x00000000000094f0                __i_vfprintf
 .text.arch_printk_char_out
                0x0000000000009980        0x4 zephyr/libzephyr.a(printk.c.obj)
                0x0000000000009980                arch_printk_char_out
 .text.printk   0x0000000000009984       0x1a zephyr/libzephyr.a(printk.c.obj)
                0x0000000000009984                printk
 .text.chunk_size
                0x000000000000999e        0xa zephyr/libzephyr.a(heap.c.obj)
 .text.free_list_add
                0x00000000000099a8       0x4e zephyr/libzephyr.a(heap.c.obj)
 .text.free_list_remove_bidx
                0x00000000000099f6       0x3a zephyr/libzephyr.a(heap.c.obj)
 .text.free_list_remove
                0x0000000000009a30       0x1a zephyr/libzephyr.a(heap.c.obj)
 .text.alloc_chunk
                0x0000000000009a4a       0x6e zephyr/libzephyr.a(heap.c.obj)
 .text.merge_chunks
                0x0000000000009ab8       0x2c zephyr/libzephyr.a(heap.c.obj)
 .text.split_chunks
                0x0000000000009ae4       0x34 zephyr/libzephyr.a(heap.c.obj)
 .text.free_chunk
                0x0000000000009b18       0x62 zephyr/libzephyr.a(heap.c.obj)
 .text.sys_heap_alloc
                0x0000000000009b7a       0x52 zephyr/libzephyr.a(heap.c.obj)
                0x0000000000009b7a                sys_heap_alloc
 .text.sys_slist_find_and_remove
                0x0000000000009bcc       0x36 zephyr/libzephyr.a(onoff.c.obj)
 .text.process_recheck
                0x0000000000009c02       0x38 zephyr/libzephyr.a(onoff.c.obj)
 .text.validate_args
                0x0000000000009c3a       0x20 zephyr/libzephyr.a(onoff.c.obj)
 .text.notify_one
                0x0000000000009c5a       0x2c zephyr/libzephyr.a(onoff.c.obj)
 .text.onoff_manager_init
                0x0000000000009c86       0x26 zephyr/libzephyr.a(onoff.c.obj)
                0x0000000000009c86                onoff_manager_init
 .text.sys_notify_validate
                0x0000000000009cac       0x22 zephyr/libzephyr.a(notify.c.obj)
                0x0000000000009cac                sys_notify_validate
 .text.ring_buf_put_claim
                0x0000000000009cce       0x3e zephyr/libzephyr.a(ring_buffer.c.obj)
                0x0000000000009cce                ring_buf_put_claim
 .text.ring_buf_put_finish
                0x0000000000009d0c       0x2a zephyr/libzephyr.a(ring_buffer.c.obj)
                0x0000000000009d0c                ring_buf_put_finish
 .text.ring_buf_get_claim
                0x0000000000009d36       0x40 zephyr/libzephyr.a(ring_buffer.c.obj)
                0x0000000000009d36                ring_buf_get_claim
 .text.ring_buf_get_finish
                0x0000000000009d76       0x2a zephyr/libzephyr.a(ring_buffer.c.obj)
                0x0000000000009d76                ring_buf_get_finish
 .text.assert_post_action
                0x0000000000009da0        0xe zephyr/libzephyr.a(assert.c.obj)
                0x0000000000009da0                assert_post_action
 .text.assert_print
                0x0000000000009dae       0x1a zephyr/libzephyr.a(assert.c.obj)
                0x0000000000009dae                assert_print
 .text._ConfigAbsSyms
                0x0000000000009dc8        0x2 zephyr/libzephyr.a(configs.c.obj)
                0x0000000000009dc8                _ConfigAbsSyms
 .text.nvs_flash_rd
                0x0000000000009dca       0x1c zephyr/libzephyr.a(nvs.c.obj)
 .text.nvs_sector_advance
                0x0000000000009de6       0x1a zephyr/libzephyr.a(nvs.c.obj)
 .text.nvs_flash_block_cmp
                0x0000000000009e00       0x54 zephyr/libzephyr.a(nvs.c.obj)
 .text.nvs_ate_crc8_update
                0x0000000000009e54       0x12 zephyr/libzephyr.a(nvs.c.obj)
 .text.nvs_flash_cmp_const
                0x0000000000009e66       0x4a zephyr/libzephyr.a(nvs.c.obj)
 .text.nvs_flash_erase_sector
                0x0000000000009eb0       0x34 zephyr/libzephyr.a(nvs.c.obj)
 .text.nvs_al_size.isra.0
                0x0000000000009ee4       0x14 zephyr/libzephyr.a(nvs.c.obj)
 .text.nvs_ate_valid
                0x0000000000009ef8       0x34 zephyr/libzephyr.a(nvs.c.obj)
 .text.nvs_close_ate_valid
                0x0000000000009f2c       0x3c zephyr/libzephyr.a(nvs.c.obj)
 .text.nvs_prev_ate
                0x0000000000009f68       0x94 zephyr/libzephyr.a(nvs.c.obj)
 .text.nvs_flash_al_wrt
                0x0000000000009ffc       0x74 zephyr/libzephyr.a(nvs.c.obj)
 .text.nvs_flash_ate_wrt
                0x000000000000a070       0x22 zephyr/libzephyr.a(nvs.c.obj)
 .text.nvs_add_gc_done_ate
                0x000000000000a092       0x2e zephyr/libzephyr.a(nvs.c.obj)
 .text.nvs_gc   0x000000000000a0c0      0x19a zephyr/libzephyr.a(nvs.c.obj)
 .text.nvs_read
                0x000000000000a25a        0xe zephyr/libzephyr.a(nvs.c.obj)
                0x000000000000a25a                nvs_read
 .text.z_log_minimal_printk
                0x000000000000a268       0x1a zephyr/libzephyr.a(log_minimal.c.obj)
                0x000000000000a268                z_log_minimal_printk
 .text.nfc_t4t_ndef_file_encode
                0x000000000000a282       0x2c zephyr/libzephyr.a(ndef_file.c.obj)
                0x000000000000a282                nfc_t4t_ndef_file_encode
 .text.abort_function
                0x000000000000a2ae        0x8 zephyr/libzephyr.a(nrf_cc3xx_platform_abort_zephyr.c.obj)
 .text.z_do_kernel_oops
                0x000000000000a2b6        0x8 zephyr/arch/arch/arm/core/aarch32/libarch__arm__core__aarch32.a(fatal.c.obj)
                0x000000000000a2b6                z_do_kernel_oops
 .text.z_irq_spurious
                0x000000000000a2be        0x8 zephyr/arch/arch/arm/core/aarch32/libarch__arm__core__aarch32.a(irq_manage.c.obj)
                0x000000000000a2be                z_irq_spurious
 .text.z_arm_nmi
                0x000000000000a2c6        0xe zephyr/arch/arch/arm/core/aarch32/libarch__arm__core__aarch32.a(nmi.c.obj)
                0x000000000000a2c6                z_arm_nmi
 .text.picolibc_put
                0x000000000000a2d4        0xa zephyr/lib/libc/picolibc/liblib__libc__picolibc.a(libc-hooks.c.obj)
 .text.set_on_state
                0x000000000000a2de       0x26 zephyr/drivers/clock_control/libdrivers__clock_control.a(clock_control_nrf.c.obj)
 .text.async_start
                0x000000000000a304       0x5c zephyr/drivers/clock_control/libdrivers__clock_control.a(clock_control_nrf.c.obj)
 .text.api_start
                0x000000000000a360        0xe zephyr/drivers/clock_control/libdrivers__clock_control.a(clock_control_nrf.c.obj)
 .text.onoff_started_callback
                0x000000000000a36e        0xc zephyr/drivers/clock_control/libdrivers__clock_control.a(clock_control_nrf.c.obj)
 .text.lfclk_start
                0x000000000000a37a        0x6 zephyr/drivers/clock_control/libdrivers__clock_control.a(clock_control_nrf.c.obj)
 .text.lfclk_stop
                0x000000000000a380        0x6 zephyr/drivers/clock_control/libdrivers__clock_control.a(clock_control_nrf.c.obj)
 .text.blocking_start_callback
                0x000000000000a386        0x6 zephyr/drivers/clock_control/libdrivers__clock_control.a(clock_control_nrf.c.obj)
 .text.api_stop
                0x000000000000a38c        0x6 zephyr/drivers/clock_control/libdrivers__clock_control.a(clock_control_nrf.c.obj)
 .text.qspi_handler
                0x000000000000a392        0xc zephyr/drivers/flash/libdrivers__flash.a(nrf_qspi_nor.c.obj)
 .text.qspi_lock.isra.0
                0x000000000000a39e        0xe zephyr/drivers/flash/libdrivers__flash.a(nrf_qspi_nor.c.obj)
 .text.qspi_trans_lock.isra.0
                0x000000000000a3ac        0xc zephyr/drivers/flash/libdrivers__flash.a(nrf_qspi_nor.c.obj)
 .text.qspi_unlock.isra.0
                0x000000000000a3b8        0x6 zephyr/drivers/flash/libdrivers__flash.a(nrf_qspi_nor.c.obj)
 .text.qspi_nor_write_protection_set
                0x000000000000a3be       0x2a zephyr/drivers/flash/libdrivers__flash.a(nrf_qspi_nor.c.obj)
 .text.qspi_rdsr.constprop.0
                0x000000000000a3e8       0x36 zephyr/drivers/flash/libdrivers__flash.a(nrf_qspi_nor.c.obj)
 .text.is_regular_addr_valid
                0x000000000000a41e       0x22 zephyr/drivers/flash/libdrivers__flash.a(soc_flash_nrf.c.obj)
 .text.flash_get_page_info
                0x000000000000a440       0x62 zephyr/drivers/flash/libdrivers__flash.a(flash_page_layout.c.obj)
 .text.z_impl_flash_get_page_info_by_offs
                0x000000000000a4a2        0x8 zephyr/drivers/flash/libdrivers__flash.a(flash_page_layout.c.obj)
                0x000000000000a4a2                z_impl_flash_get_page_info_by_offs
 .text.gpio_nrfx_port_get_raw
                0x000000000000a4aa        0xe zephyr/drivers/gpio/libdrivers__gpio.a(gpio_nrfx.c.obj)
 .text.gpio_nrfx_port_set_masked_raw
                0x000000000000a4b8       0x18 zephyr/drivers/gpio/libdrivers__gpio.a(gpio_nrfx.c.obj)
 .text.gpio_nrfx_port_set_bits_raw
                0x000000000000a4d0        0xc zephyr/drivers/gpio/libdrivers__gpio.a(gpio_nrfx.c.obj)
 .text.gpio_nrfx_port_clear_bits_raw
                0x000000000000a4dc        0xc zephyr/drivers/gpio/libdrivers__gpio.a(gpio_nrfx.c.obj)
 .text.gpio_nrfx_port_toggle_bits
                0x000000000000a4e8       0x1a zephyr/drivers/gpio/libdrivers__gpio.a(gpio_nrfx.c.obj)
 .text.pinctrl_lookup_state
                0x000000000000a502       0x26 zephyr/drivers/pinctrl/libdrivers__pinctrl.a(common.c.obj)
                0x000000000000a502                pinctrl_lookup_state
 .text.pinctrl_configure_pins
                0x000000000000a528      0x190 zephyr/drivers/pinctrl/libdrivers__pinctrl.a(pinctrl_nrf.c.obj)
                0x000000000000a528                pinctrl_configure_pins
 .text.uarte_nrfx_config_get
                0x000000000000a6b8       0x10 zephyr/drivers/serial/libdrivers__serial.a(uart_nrfx_uarte.c.obj)
 .text.uarte_nrfx_err_check
                0x000000000000a6c8        0xe zephyr/drivers/serial/libdrivers__serial.a(uart_nrfx_uarte.c.obj)
 .text.uarte_nrfx_poll_in
                0x000000000000a6d6       0x28 zephyr/drivers/serial/libdrivers__serial.a(uart_nrfx_uarte.c.obj)
 .text.is_tx_ready.isra.0
                0x000000000000a6fe       0x20 zephyr/drivers/serial/libdrivers__serial.a(uart_nrfx_uarte.c.obj)
 .text.uarte_nrfx_isr_int
                0x000000000000a71e       0x72 zephyr/drivers/serial/libdrivers__serial.a(uart_nrfx_uarte.c.obj)
 .text.dk_set_led_on
                0x000000000000a790        0x6 modules/nrf/lib/dk_buttons_and_leds/lib..__nrf__lib__dk_buttons_and_leds.a(dk_buttons_and_leds.c.obj)
                0x000000000000a790                dk_set_led_on
 .text.dk_set_led_off
                0x000000000000a796        0x6 modules/nrf/lib/dk_buttons_and_leds/lib..__nrf__lib__dk_buttons_and_leds.a(dk_buttons_and_leds.c.obj)
                0x000000000000a796                dk_set_led_off
 .text.nfc_ndef_msg_encode
                0x000000000000a79c       0x72 modules/nrf/subsys/nfc/ndef/lib..__nrf__subsys__nfc__ndef.a(msg.c.obj)
                0x000000000000a79c                nfc_ndef_msg_encode
 .text.nfc_ndef_msg_record_add
                0x000000000000a80e       0x1e modules/nrf/subsys/nfc/ndef/lib..__nrf__subsys__nfc__ndef.a(msg.c.obj)
                0x000000000000a80e                nfc_ndef_msg_record_add
 .text.nfc_ndef_record_encode
                0x000000000000a82c       0xb6 modules/nrf/subsys/nfc/ndef/lib..__nrf__subsys__nfc__ndef.a(record.c.obj)
                0x000000000000a82c                nfc_ndef_record_encode
 .text.nfc_ndef_text_rec_payload_encode
                0x000000000000a8e2       0x64 modules/nrf/subsys/nfc/ndef/lib..__nrf__subsys__nfc__ndef.a(text_rec.c.obj)
                0x000000000000a8e2                nfc_ndef_text_rec_payload_encode
 .text.nfc_ndef_uri_rec_payload_encode
                0x000000000000a946       0x30 modules/nrf/subsys/nfc/ndef/lib..__nrf__subsys__nfc__ndef.a(uri_rec.c.obj)
                0x000000000000a946                nfc_ndef_uri_rec_payload_encode
 .text.clock_handler
                0x000000000000a976        0x6 modules/nrf/subsys/nfc/lib/lib..__nrf__subsys__nfc__lib.a(platform.c.obj)
 .text.nfc_isr_wrapper
                0x000000000000a97c       0x1a modules/nrf/subsys/nfc/lib/lib..__nrf__subsys__nfc__lib.a(platform.c.obj)
                0x000000000000a97c                nfc_isr_wrapper
 .text.hw_cc3xx_init_internal
                0x000000000000a996        0x4 modules/nrf/drivers/hw_cc310/lib..__nrf__drivers__hw_cc310.a(hw_cc310.c.obj)
 .text.hw_cc3xx_init
                0x000000000000a99a       0x12 modules/nrf/drivers/hw_cc310/lib..__nrf__drivers__hw_cc310.a(hw_cc310.c.obj)
 .text.nrfx_isr
                0x000000000000a9ac        0x2 modules/hal_nordic/nrfx/libmodules__hal_nordic__nrfx.a(nrfx_glue.c.obj)
                0x000000000000a9ac                nrfx_isr
 .text.nrfx_busy_wait
                0x000000000000a9ae        0x4 modules/hal_nordic/nrfx/libmodules__hal_nordic__nrfx.a(nrfx_glue.c.obj)
                0x000000000000a9ae                nrfx_busy_wait
 .text.nrfx_gppi_channel_endpoints_setup
                0x000000000000a9b2       0x14 modules/hal_nordic/nrfx/libmodules__hal_nordic__nrfx.a(nrfx_gppi_ppi.c.obj)
                0x000000000000a9b2                nrfx_gppi_channel_endpoints_setup
 .text.nrf_gpio_pin_present_check
                0x000000000000a9c6       0x24 modules/hal_nordic/nrfx/libmodules__hal_nordic__nrfx.a(nrfx_gpiote.c.obj)
 .text.pin_is_task_output
                0x000000000000a9ea       0x16 modules/hal_nordic/nrfx/libmodules__hal_nordic__nrfx.a(nrfx_gpiote.c.obj)
 .text.nrf_gpio_reconfigure
                0x000000000000aa00       0x9a modules/hal_nordic/nrfx/libmodules__hal_nordic__nrfx.a(nrfx_gpiote.c.obj)
 .text.nrf_gpio_cfg_sense_set
                0x000000000000aa9a       0x1e modules/hal_nordic/nrfx/libmodules__hal_nordic__nrfx.a(nrfx_gpiote.c.obj)
 .text.is_valid_address
                0x000000000000aab8       0x28 modules/hal_nordic/nrfx/libmodules__hal_nordic__nrfx.a(nrfx_nvmc.c.obj)
 .text.nrfx_nvmc_flash_size_get
                0x000000000000aae0        0xc modules/hal_nordic/nrfx/libmodules__hal_nordic__nrfx.a(nrfx_nvmc.c.obj)
                0x000000000000aae0                nrfx_nvmc_flash_size_get
 .text.nrfx_nvmc_flash_page_size_get
                0x000000000000aaec        0x8 modules/hal_nordic/nrfx/libmodules__hal_nordic__nrfx.a(nrfx_nvmc.c.obj)
                0x000000000000aaec                nrfx_nvmc_flash_page_size_get
 .text.nrfx_nvmc_flash_page_count_get
                0x000000000000aaf4        0x8 modules/hal_nordic/nrfx/libmodules__hal_nordic__nrfx.a(nrfx_nvmc.c.obj)
                0x000000000000aaf4                nrfx_nvmc_flash_page_count_get
 .text.nrf_gpio_cfg_default
                0x000000000000aafc        0x6 modules/hal_nordic/nrfx/libmodules__hal_nordic__nrfx.a(nrfx_qspi.c.obj)
 .text.nrfx_qspi_write
                0x000000000000ab02        0x6 modules/hal_nordic/nrfx/libmodules__hal_nordic__nrfx.a(nrfx_qspi.c.obj)
                0x000000000000ab02                nrfx_qspi_write
 .text.nrfx_qspi_read
                0x000000000000ab08        0x6 modules/hal_nordic/nrfx/libmodules__hal_nordic__nrfx.a(nrfx_qspi.c.obj)
                0x000000000000ab08                nrfx_qspi_read
 .text.nrfx_qspi_chip_erase
                0x000000000000ab0e        0x8 modules/hal_nordic/nrfx/libmodules__hal_nordic__nrfx.a(nrfx_qspi.c.obj)
                0x000000000000ab0e                nrfx_qspi_chip_erase
 .text.nrfx_timer_us_to_ticks
                0x000000000000ab16       0x24 modules/hal_nordic/nrfx/libmodules__hal_nordic__nrfx.a(nrfx_timer.c.obj)
                0x000000000000ab16                nrfx_timer_us_to_ticks
 .text.nrfx_timer_compare
                0x000000000000ab3a       0x30 modules/hal_nordic/nrfx/libmodules__hal_nordic__nrfx.a(nrfx_timer.c.obj)
                0x000000000000ab3a                nrfx_timer_compare
 .text.nrfx_timer_extended_compare
                0x000000000000ab6a       0x2c modules/hal_nordic/nrfx/libmodules__hal_nordic__nrfx.a(nrfx_timer.c.obj)
                0x000000000000ab6a                nrfx_timer_extended_compare
 .text.SEGGER_RTT_Init
                0x000000000000ab96        0x4 modules/segger/libmodules__segger.a(SEGGER_RTT.c.obj)
                0x000000000000ab96                SEGGER_RTT_Init
 .text.rtt_init
                0x000000000000ab9a        0xa modules/segger/libmodules__segger.a(SEGGER_RTT_zephyr.c.obj)
 .text.z_impl_k_busy_wait
                0x000000000000aba4        0x8 zephyr/kernel/libkernel.a(busy_wait.c.obj)
                0x000000000000aba4                z_impl_k_busy_wait
 .text.z_device_is_ready
                0x000000000000abac       0x16 zephyr/kernel/libkernel.a(device.c.obj)
                0x000000000000abac                z_device_is_ready
 .text.z_early_memset
                0x000000000000abc2        0x4 zephyr/kernel/libkernel.a(init.c.obj)
                0x000000000000abc2                z_early_memset
 .text.z_early_memcpy
                0x000000000000abc6        0x4 zephyr/kernel/libkernel.a(init.c.obj)
                0x000000000000abc6                z_early_memcpy
 .text.create_free_list
                0x000000000000abca       0x2c zephyr/kernel/libkernel.a(mem_slab.c.obj)
 .text.k_mem_slab_init
                0x000000000000abf6       0x1e zephyr/kernel/libkernel.a(mem_slab.c.obj)
                0x000000000000abf6                k_mem_slab_init
 .text.k_is_in_isr
                0x000000000000ac14        0xc zephyr/kernel/libkernel.a(thread.c.obj)
                0x000000000000ac14                k_is_in_isr
 .text.z_impl_k_thread_name_set
                0x000000000000ac20        0x6 zephyr/kernel/libkernel.a(thread.c.obj)
                0x000000000000ac20                z_impl_k_thread_name_set
 .text.k_thread_name_get
                0x000000000000ac26        0x4 zephyr/kernel/libkernel.a(thread.c.obj)
                0x000000000000ac26                k_thread_name_get
 .text.z_impl_k_thread_start
                0x000000000000ac2a        0x4 zephyr/kernel/libkernel.a(thread.c.obj)
                0x000000000000ac2a                z_impl_k_thread_start
 .text.adjust_owner_prio.isra.0
                0x000000000000ac2e       0x10 zephyr/kernel/libkernel.a(mutex.c.obj)
 .text.z_impl_k_mutex_init
                0x000000000000ac3e        0xe zephyr/kernel/libkernel.a(mutex.c.obj)
                0x000000000000ac3e                z_impl_k_mutex_init
 .text.z_impl_k_sem_init
                0x000000000000ac4c       0x18 zephyr/kernel/libkernel.a(sem.c.obj)
                0x000000000000ac4c                z_impl_k_sem_init
 .text.flag_test_and_clear
                0x000000000000ac64       0x16 zephyr/kernel/libkernel.a(work.c.obj)
 .text.notify_queue_locked.isra.0
                0x000000000000ac7a        0xe zephyr/kernel/libkernel.a(work.c.obj)
 .text.k_work_submit_to_queue
                0x000000000000ac88       0x22 zephyr/kernel/libkernel.a(work.c.obj)
                0x000000000000ac88                k_work_submit_to_queue
 .text.z_reschedule_irqlock
                0x000000000000acaa       0x18 zephyr/kernel/libkernel.a(sched.c.obj)
                0x000000000000acaa                z_reschedule_irqlock
 .text.z_reschedule_unlocked
                0x000000000000acc2       0x14 zephyr/kernel/libkernel.a(sched.c.obj)
 .text.z_thread_timeout
                0x000000000000acd6        0x8 zephyr/kernel/libkernel.a(sched.c.obj)
                0x000000000000acd6                z_thread_timeout
 .text.z_unpend_all
                0x000000000000acde       0x20 zephyr/kernel/libkernel.a(sched.c.obj)
                0x000000000000acde                z_unpend_all
 .text.sys_clock_tick_get_32
                0x000000000000acfe        0x8 zephyr/kernel/libkernel.a(timeout.c.obj)
                0x000000000000acfe                sys_clock_tick_get_32
 .text.sys_timepoint_calc
                0x000000000000ad06       0x48 zephyr/kernel/libkernel.a(timeout.c.obj)
                0x000000000000ad06                sys_timepoint_calc
 .text.sys_timepoint_timeout
                0x000000000000ad4e       0x42 zephyr/kernel/libkernel.a(timeout.c.obj)
                0x000000000000ad4e                sys_timepoint_timeout
 .text.k_free   0x000000000000ad90        0xe zephyr/kernel/libkernel.a(mempool.c.obj)
                0x000000000000ad90                k_free
 .text.k_malloc
                0x000000000000ad9e        0x8 zephyr/kernel/libkernel.a(mempool.c.obj)
                0x000000000000ad9e                k_malloc
 .text.k_heap_init
                0x000000000000ada6       0x10 zephyr/kernel/libkernel.a(kheap.c.obj)
                0x000000000000ada6                k_heap_init
 .text._OffsetAbsSyms
                0x000000000000adb6        0x2 zephyr/CMakeFiles/offsets.dir/./arch/arm/core/offsets/offsets.c.obj
                0x000000000000adb6                _OffsetAbsSyms
 .text.__memcpy_chk
                0x000000000000adb8       0x26 c:\ncs\toolchains\c57af46cb7\opt\zephyr-sdk\arm-zephyr-eabi\bin\../lib/gcc/../../picolibc/arm-zephyr-eabi/lib/thumb/v7e-m/nofp\libc.a(libc_ssp_memcpy_chk.c.o)
                0x000000000000adb8                __memcpy_chk
 .text.__strcat_chk
                0x000000000000adde       0x30 c:\ncs\toolchains\c57af46cb7\opt\zephyr-sdk\arm-zephyr-eabi\bin\../lib/gcc/../../picolibc/arm-zephyr-eabi/lib/thumb/v7e-m/nofp\libc.a(libc_ssp_strcat_chk.c.o)
                0x000000000000adde                __strcat_chk
 .text.memcmp   0x000000000000ae0e       0x20 c:\ncs\toolchains\c57af46cb7\opt\zephyr-sdk\arm-zephyr-eabi\bin\../lib/gcc/../../picolibc/arm-zephyr-eabi/lib/thumb/v7e-m/nofp\libc.a(libc_string_memcmp.c.o)
                0x000000000000ae0e                memcmp
 .text.strnlen  0x000000000000ae2e       0x18 c:\ncs\toolchains\c57af46cb7\opt\zephyr-sdk\arm-zephyr-eabi\bin\../lib/gcc/../../picolibc/arm-zephyr-eabi/lib/thumb/v7e-m/nofp\libc.a(libc_string_strnlen.c.o)
                0x000000000000ae2e                strnlen
 .text.__ultoa_invert
                0x000000000000ae46       0x38 c:\ncs\toolchains\c57af46cb7\opt\zephyr-sdk\arm-zephyr-eabi\bin\../lib/gcc/../../picolibc/arm-zephyr-eabi/lib/thumb/v7e-m/nofp\libc.a(libc_tinystdio_vfiprintf.c.o)
 .text.memcpy   0x000000000000ae7e       0x1c c:\ncs\toolchains\c57af46cb7\opt\zephyr-sdk\arm-zephyr-eabi\bin\../lib/gcc/../../picolibc/arm-zephyr-eabi/lib/thumb/v7e-m/nofp\libc.a(memcpy.c.o)
                0x000000000000ae7e                __aeabi_memcpy
                0x000000000000ae7e                __aeabi_memcpy4
                0x000000000000ae7e                __aeabi_memcpy8
                0x000000000000ae7e                memcpy
 .text.memmove  0x000000000000ae9a       0x34 c:\ncs\toolchains\c57af46cb7\opt\zephyr-sdk\arm-zephyr-eabi\bin\../lib/gcc/../../picolibc/arm-zephyr-eabi/lib/thumb/v7e-m/nofp\libc.a(memmove.c.o)
                0x000000000000ae9a                __aeabi_memmove8
                0x000000000000ae9a                __aeabi_memmove
                0x000000000000ae9a                __aeabi_memmove4
                0x000000000000ae9a                memmove
 .text.memset   0x000000000000aece       0x10 c:\ncs\toolchains\c57af46cb7\opt\zephyr-sdk\arm-zephyr-eabi\bin\../lib/gcc/../../picolibc/arm-zephyr-eabi/lib/thumb/v7e-m/nofp\libc.a(memset.c.o)
                0x000000000000aece                memset
 .text.__file_str_put
                0x000000000000aede       0x10 c:\ncs\toolchains\c57af46cb7\opt\zephyr-sdk\arm-zephyr-eabi\bin\../lib/gcc/../../picolibc/arm-zephyr-eabi/lib/thumb/v7e-m/nofp\libc.a(libc_tinystdio_filestrput.c.o)
                0x000000000000aede                __file_str_put
 *(SORT_BY_ALIGNMENT(.TEXT.*))
 *fill*         0x000000000000aeee        0x2 
 .TEXT.__aeabi_read_tp
                0x000000000000aef0        0xc zephyr/arch/arch/arm/core/aarch32/cortex_m/libarch__arm__core__aarch32__cortex_m.a(__aeabi_read_tp.S.obj)
                0x000000000000aef0                __aeabi_read_tp
 *(SORT_BY_ALIGNMENT(.gnu.linkonce.t.*))
 *(SORT_BY_ALIGNMENT(.glue_7t))
 .glue_7t       0x000000000000aefc        0x0 linker stubs
 *(SORT_BY_ALIGNMENT(.glue_7))
 .glue_7        0x000000000000aefc        0x0 linker stubs
 *(SORT_BY_ALIGNMENT(.vfp11_veneer))
 .vfp11_veneer  0x000000000000aefc        0x0 linker stubs
 *(SORT_BY_ALIGNMENT(.v4_bx))
 .v4_bx         0x000000000000aefc        0x0 linker stubs
                0x000000000000aefc                . = ALIGN (0x4)
                0x000000000000aefc                __text_region_end = .

.ARM.exidx      0x000000000000aefc        0x8
                0x000000000000aefc                __exidx_start = .
 *(SORT_BY_ALIGNMENT(.ARM.exidx*) SORT_BY_ALIGNMENT(gnu.linkonce.armexidx.*))
 .ARM.exidx     0x000000000000aefc        0x8 c:/ncs/toolchains/c57af46cb7/opt/zephyr-sdk/arm-zephyr-eabi/bin/../lib/gcc/arm-zephyr-eabi/12.2.0/thumb/v7e-m/nofp\libgcc.a(_udivmoddi4.o)
                0x000000000000af04                __exidx_end = .
                0x000000000000af04                __rodata_region_start = .

initlevel       0x000000000000af04       0x80
                0x000000000000af04                __init_start = .
                0x000000000000af04                __init_EARLY_start = .
 *(SORT_BY_NAME(SORT_BY_ALIGNMENT(.z_init_EARLY?_*)))
 *(SORT_BY_NAME(SORT_BY_ALIGNMENT(.z_init_EARLY??_*)))
                0x000000000000af04                __init_PRE_KERNEL_1_start = .
 *(SORT_BY_NAME(SORT_BY_ALIGNMENT(.z_init_PRE_KERNEL_1?_*)))
 .z_init_PRE_KERNEL_10_0_
                0x000000000000af04        0x8 zephyr/soc/soc/arm/nordic_nrf/nrf52/libsoc__arm__nordic_nrf__nrf52.a(soc.c.obj)
 *(SORT_BY_NAME(SORT_BY_ALIGNMENT(.z_init_PRE_KERNEL_1??_*)))
 .z_init_PRE_KERNEL_130_00074_
                0x000000000000af0c        0x8 zephyr/drivers/clock_control/libdrivers__clock_control.a(clock_control_nrf.c.obj)
 .z_init_PRE_KERNEL_130_0_
                0x000000000000af14        0x8 modules/segger/libmodules__segger.a(SEGGER_RTT_zephyr.c.obj)
 .z_init_PRE_KERNEL_130_0_
                0x000000000000af1c        0x8 zephyr/kernel/libkernel.a(mem_slab.c.obj)
 .z_init_PRE_KERNEL_130_0_
                0x000000000000af24        0x8 zephyr/kernel/libkernel.a(kheap.c.obj)
 .z_init_PRE_KERNEL_140_00011_
                0x000000000000af2c        0x8 zephyr/drivers/gpio/libdrivers__gpio.a(gpio_nrfx.c.obj)
 .z_init_PRE_KERNEL_140_00104_
                0x000000000000af34        0x8 zephyr/drivers/gpio/libdrivers__gpio.a(gpio_nrfx.c.obj)
 .z_init_PRE_KERNEL_140_0_
                0x000000000000af3c        0x8 modules/nrf/drivers/hw_cc310/lib..__nrf__drivers__hw_cc310.a(hw_cc310.c.obj)
 .z_init_PRE_KERNEL_155_00112_
                0x000000000000af44        0x8 zephyr/drivers/serial/libdrivers__serial.a(uart_nrfx_uarte.c.obj)
 .z_init_PRE_KERNEL_160_0_
                0x000000000000af4c        0x8 zephyr/drivers/console/libdrivers__console.a(uart_console.c.obj)
                0x000000000000af54                __init_PRE_KERNEL_2_start = .
 *(SORT_BY_NAME(SORT_BY_ALIGNMENT(.z_init_PRE_KERNEL_2?_*)))
 .z_init_PRE_KERNEL_20_0_
                0x000000000000af54        0x8 zephyr/drivers/timer/libdrivers__timer.a(nrf_rtc_timer.c.obj)
 *(SORT_BY_NAME(SORT_BY_ALIGNMENT(.z_init_PRE_KERNEL_2??_*)))
                0x000000000000af5c                __init_POST_KERNEL_start = .
 *(SORT_BY_NAME(SORT_BY_ALIGNMENT(.z_init_POST_KERNEL?_*)))
 *(SORT_BY_NAME(SORT_BY_ALIGNMENT(.z_init_POST_KERNEL??_*)))