Archive member included to satisfy reference by file (symbol)

app/libapp.a(main.c.obj)      (--whole-archive)
app/libapp.a(ndef_file_m.c.obj)
                              (--whole-archive)
zephyr/libzephyr.a(crc32c_sw.c.obj)
                              (--whole-archive)
zephyr/libzephyr.a(crc32_sw.c.obj)
                              (--whole-archive)
zephyr/libzephyr.a(crc16_sw.c.obj)
                              (--whole-archive)
zephyr/libzephyr.a(crc8_sw.c.obj)
                              (--whole-archive)
zephyr/libzephyr.a(crc7_sw.c.obj)
                              (--whole-archive)
zephyr/libzephyr.a(cbprintf_packaged.c.obj)
                              (--whole-archive)
zephyr/libzephyr.a(dec.c.obj)
                              (--whole-archive)
zephyr/libzephyr.a(fdtable.c.obj)
                              (--whole-archive)
zephyr/libzephyr.a(hex.c.obj)
                              (--whole-archive)
zephyr/libzephyr.a(printk.c.obj)
                              (--whole-archive)
zephyr/libzephyr.a(rb.c.obj)  (--whole-archive)
zephyr/libzephyr.a(sem.c.obj)
                              (--whole-archive)
zephyr/libzephyr.a(thread_entry.c.obj)
                              (--whole-archive)
zephyr/libzephyr.a(timeutil.c.obj)
                              (--whole-archive)
zephyr/libzephyr.a(heap.c.obj)
                              (--whole-archive)
zephyr/libzephyr.a(heap-validate.c.obj)
                              (--whole-archive)
zephyr/libzephyr.a(bitarray.c.obj)
                              (--whole-archive)
zephyr/libzephyr.a(multi_heap.c.obj)
                              (--whole-archive)
zephyr/libzephyr.a(onoff.c.obj)
                              (--whole-archive)
zephyr/libzephyr.a(notify.c.obj)
                              (--whole-archive)
zephyr/libzephyr.a(cbprintf_complete.c.obj)
                              (--whole-archive)
zephyr/libzephyr.a(ring_buffer.c.obj)
                              (--whole-archive)
zephyr/libzephyr.a(assert.c.obj)
                              (--whole-archive)
zephyr/libzephyr.a(reboot.c.obj)
                              (--whole-archive)
zephyr/libzephyr.a(configs.c.obj)
                              (--whole-archive)
zephyr/libzephyr.a(soc_nrf_common.S.obj)
                              (--whole-archive)
zephyr/libzephyr.a(validate_base_addresses.c.obj)
                              (--whole-archive)
zephyr/libzephyr.a(validate_enabled_instances.c.obj)
                              (--whole-archive)
zephyr/libzephyr.a(nvs.c.obj)
                              (--whole-archive)
zephyr/libzephyr.a(log_minimal.c.obj)
                              (--whole-archive)
zephyr/libzephyr.a(tracing_none.c.obj)
                              (--whole-archive)
zephyr/libzephyr.a(ndef_file.c.obj)
                              (--whole-archive)
zephyr/libzephyr.a(nfc_nrfx_error_to_nfc.c.obj)
                              (--whole-archive)
zephyr/libzephyr.a(nrf_cc3xx_platform_abort_zephyr.c.obj)
                              (--whole-archive)
zephyr/libzephyr.a(nrf_cc3xx_platform_mutex_zephyr.c.obj)
                              (--whole-archive)
zephyr/arch/common/libarch__common.a(sw_isr_common.c.obj)
                              (--whole-archive)
zephyr/arch/arch/arm/core/aarch32/libarch__arm__core__aarch32.a(cpu_idle.S.obj)
                              (--whole-archive)
zephyr/arch/arch/arm/core/aarch32/libarch__arm__core__aarch32.a(fatal.c.obj)
                              (--whole-archive)
zephyr/arch/arch/arm/core/aarch32/libarch__arm__core__aarch32.a(irq_manage.c.obj)
                              (--whole-archive)
zephyr/arch/arch/arm/core/aarch32/libarch__arm__core__aarch32.a(nmi.c.obj)
                              (--whole-archive)
zephyr/arch/arch/arm/core/aarch32/libarch__arm__core__aarch32.a(nmi_on_reset.S.obj)
                              (--whole-archive)
zephyr/arch/arch/arm/core/aarch32/libarch__arm__core__aarch32.a(prep_c.c.obj)
                              (--whole-archive)
zephyr/arch/arch/arm/core/aarch32/libarch__arm__core__aarch32.a(swap.c.obj)
                              (--whole-archive)
zephyr/arch/arch/arm/core/aarch32/libarch__arm__core__aarch32.a(swap_helper.S.obj)
                              (--whole-archive)
zephyr/arch/arch/arm/core/aarch32/libarch__arm__core__aarch32.a(thread.c.obj)
                              (--whole-archive)
zephyr/arch/arch/arm/core/aarch32/libarch__arm__core__aarch32.a(isr_wrapper.S.obj)
                              (--whole-archive)
zephyr/arch/arch/arm/core/aarch32/libarch__arm__core__aarch32.a(tls.c.obj)
                              (--whole-archive)
zephyr/arch/arch/arm/core/aarch32/cortex_m/libarch__arm__core__aarch32__cortex_m.a(exc_exit.S.obj)
                              (--whole-archive)
zephyr/arch/arch/arm/core/aarch32/cortex_m/libarch__arm__core__aarch32__cortex_m.a(fault.c.obj)
                              (--whole-archive)
[...]
Memory Configuration

Name             Origin             Length             Attributes
FLASH            0x0000000000000000 0x0000000000100000 xr
RAM              0x0000000020000000 0x0000000000040000 xw
IDT_LIST         0x00000000fffff7ff 0x0000000000000800 xw
*default*        0x0000000000000000 0xffffffffffffffff

Linker script and memory map

                0x00000000000094f8                vfprintf = __i_vfprintf
                0x0000000000000000                vfscanf = __i_vfscanf
LOAD zephyr/CMakeFiles/zephyr_pre0.dir/misc/empty_file.c.obj
LOAD app/libapp.a
LOAD zephyr/libzephyr.a
LOAD zephyr/arch/common/libarch__common.a
LOAD zephyr/arch/arch/arm/core/aarch32/libarch__arm__core__aarch32.a
LOAD zephyr/arch/arch/arm/core/aarch32/cortex_m/libarch__arm__core__aarch32__cortex_m.a
LOAD zephyr/arch/arch/arm/core/aarch32/mpu/libarch__arm__core__aarch32__mpu.a
LOAD zephyr/lib/libc/picolibc/liblib__libc__picolibc.a
LOAD zephyr/lib/libc/common/liblib__libc__common.a
LOAD zephyr/soc/soc/arm/common/cortex_m/libsoc__arm__common__cortex_m.a
LOAD zephyr/soc/soc/arm/nordic_nrf/nrf52/libsoc__arm__nordic_nrf__nrf52.a
LOAD zephyr/drivers/clock_control/libdrivers__clock_control.a
LOAD zephyr/drivers/console/libdrivers__console.a
LOAD zephyr/drivers/flash/libdrivers__flash.a
LOAD zephyr/drivers/gpio/libdrivers__gpio.a
LOAD zephyr/drivers/pinctrl/libdrivers__pinctrl.a
LOAD zephyr/drivers/serial/libdrivers__serial.a
LOAD zephyr/drivers/timer/libdrivers__timer.a
LOAD modules/nrf/lib/dk_buttons_and_leds/lib..__nrf__lib__dk_buttons_and_leds.a
LOAD modules/nrf/lib/fatal_error/lib..__nrf__lib__fatal_error.a
LOAD modules/nrf/subsys/nfc/ndef/lib..__nrf__subsys__nfc__ndef.a
LOAD modules/nrf/subsys/nfc/lib/lib..__nrf__subsys__nfc__lib.a
LOAD modules/nrf/drivers/hw_cc310/lib..__nrf__drivers__hw_cc310.a
LOAD modules/hal_nordic/nrfx/libmodules__hal_nordic__nrfx.a
LOAD modules/segger/libmodules__segger.a
LOAD zephyr/kernel/libkernel.a
LOAD zephyr/CMakeFiles/offsets.dir/./arch/arm/core/offsets/offsets.c.obj
LOAD c:/ncs/toolchains/c57af46cb7/opt/zephyr-sdk/arm-zephyr-eabi/bin/../lib/gcc/arm-zephyr-eabi/12.2.0/thumb/v7e-m/nofp\libgcc.a
LOAD zephyr/arch/common/libisr_tables.a
LOAD C:/ncs/v2.5.0/nrfxlib/nfc/lib/cortex-m4/soft-float/libnfc_t2t.a
LOAD C:/ncs/v2.5.0/nrfxlib/nfc/lib/cortex-m4/soft-float/libnfc_t4t.a
LOAD C:/ncs/v2.5.0/nrfxlib/crypto/nrf_cc310_platform/lib/cortex-m4/soft-float/no-interrupts/libnrf_cc310_platform_0.9.18.a
LOAD c:\ncs\toolchains\c57af46cb7\opt\zephyr-sdk\arm-zephyr-eabi\bin\../lib/gcc/../../picolibc/arm-zephyr-eabi/lib/thumb/v7e-m/nofp\libc.a
LOAD c:/ncs/toolchains/c57af46cb7/opt/zephyr-sdk/arm-zephyr-eabi/bin/../lib/gcc/arm-zephyr-eabi/12.2.0/thumb/v7e-m/nofp\libgcc.a
                0x0000000000000020                _region_min_align = 0x20

.rel.plt        0x0000000000000000        0x0
 *(SORT_BY_ALIGNMENT(.rel.plt))
                [!provide]                        PROVIDE (__rel_iplt_start = .)
 *(SORT_BY_ALIGNMENT(.rel.iplt))
 .rel.iplt      0x0000000000000000        0x0 app/libapp.a(main.c.obj)
                [!provide]                        PROVIDE (__rel_iplt_end = .)

.rela.plt       0x0000000000000000        0x0
 *(SORT_BY_ALIGNMENT(.rela.plt))
                [!provide]                        PROVIDE (__rela_iplt_start = .)
 *(SORT_BY_ALIGNMENT(.rela.iplt))
                [!provide]                        PROVIDE (__rela_iplt_end = .)

.rel.dyn
 *(SORT_BY_ALIGNMENT(.rel.*))

.rela.dyn
 *(SORT_BY_ALIGNMENT(.rela.*))

/DISCARD/
 *(SORT_BY_ALIGNMENT(.plt))

/DISCARD/
 *(SORT_BY_ALIGNMENT(.iplt))
                0x0000000000000000                __rom_region_start = 0x0

rom_start       0x0000000000000000      0x100
                0x0000000000000000                __rom_start_address = .
                0x0000000000000000                . = (. + (0x0 - (. - __rom_start_address)))
                0x0000000000000000                . = ALIGN (0x4)
                0x0000000000000000                . = ALIGN (0x80)
                0x0000000000000000                . = ALIGN (0x100)
                0x0000000000000000                _vector_start = .
 *(SORT_BY_ALIGNMENT(.exc_vector_table))
 *(SORT_BY_ALIGNMENT(.exc_vector_table.*))
 .exc_vector_table._vector_table_section
                0x0000000000000000       0x40 zephyr/arch/arch/arm/core/aarch32/cortex_m/libarch__arm__core__aarch32__cortex_m.a(vector_table.S.obj)
                0x0000000000000000                _vector_table
 *(SORT_BY_ALIGNMENT(.vectors))
                0x0000000000000100                _vector_end = .
                0x0000000000000040                . = ALIGN (0x4)
 *(SORT_BY_ALIGNMENT(.gnu.linkonce.irq_vector_table*))
 .gnu.linkonce.irq_vector_table
                0x0000000000000040       0xc0 zephyr/arch/common/libisr_tables.a(isr_tables.c.obj)
                0x0000000000000040                _irq_vector_table
                0x0000000000000100                _vector_end = .

text            0x0000000000000100     0xa850
                0x0000000000000100                __text_region_start = .
 *(SORT_BY_ALIGNMENT(.text))
 .text          0x0000000000000100       0x30 c:/ncs/toolchains/c57af46cb7/opt/zephyr-sdk/arm-zephyr-eabi/bin/../lib/gcc/arm-zephyr-eabi/12.2.0/thumb/v7e-m/nofp\libgcc.a(_aeabi_uldivmod.o)
                0x0000000000000100                __aeabi_uldivmod
 .text          0x0000000000000130        0x4 c:/ncs/toolchains/c57af46cb7/opt/zephyr-sdk/arm-zephyr-eabi/bin/../lib/gcc/arm-zephyr-eabi/12.2.0/thumb/v7e-m/nofp\libgcc.a(_dvmd_tls.o)
                0x0000000000000130                __aeabi_idiv0
                0x0000000000000130                __aeabi_ldiv0
 .text          0x0000000000000134      0x2a0 c:/ncs/toolchains/c57af46cb7/opt/zephyr-sdk/arm-zephyr-eabi/bin/../lib/gcc/arm-zephyr-eabi/12.2.0/thumb/v7e-m/nofp\libgcc.a(_udivmoddi4.o)
                0x0000000000000134                __udivmoddi4
 *(SORT_BY_ALIGNMENT(.text.*))
 .text.main     0x00000000000003d4       0xfc app/libapp.a(main.c.obj)
                0x00000000000003d4                main
 .text.char_out
                0x00000000000004d0        0xc zephyr/libzephyr.a(printk.c.obj)
 .text.__printk_hook_install
                0x00000000000004dc        0xc zephyr/libzephyr.a(printk.c.obj)
                0x00000000000004dc                __printk_hook_install
 .text.vprintk  0x00000000000004e8       0x30 zephyr/libzephyr.a(printk.c.obj)
                0x00000000000004e8                vprintk
 .text.z_thread_entry
                0x0000000000000518       0x34 zephyr/libzephyr.a(thread_entry.c.obj)
                0x0000000000000518                z_thread_entry
 .text.sys_heap_free
                0x000000000000054c       0x64 zephyr/libzephyr.a(heap.c.obj)
                0x000000000000054c                sys_heap_free
 .text.sys_heap_aligned_alloc
                0x00000000000005b0       0xf8 zephyr/libzephyr.a(heap.c.obj)
                0x00000000000005b0                sys_heap_aligned_alloc
 .text.sys_heap_init
                0x00000000000006a8       0xe4 zephyr/libzephyr.a(heap.c.obj)
                0x00000000000006a8                sys_heap_init
 .text.process_event
                0x000000000000078c      0x334 zephyr/libzephyr.a(onoff.c.obj)
 .text.transition_complete
                0x0000000000000ac0       0x54 zephyr/libzephyr.a(onoff.c.obj)
 .text.onoff_request
                0x0000000000000b14      0x104 zephyr/libzephyr.a(onoff.c.obj)
                0x0000000000000b14                onoff_request
 .text.onoff_release
                0x0000000000000c18       0xac zephyr/libzephyr.a(onoff.c.obj)
                0x0000000000000c18                onoff_release
 .text.onoff_cancel
                0x0000000000000cc4       0xa8 zephyr/libzephyr.a(onoff.c.obj)
                0x0000000000000cc4                onoff_cancel
 .text.sys_notify_finalize
                0x0000000000000d6c       0x38 zephyr/libzephyr.a(notify.c.obj)
                0x0000000000000d6c                sys_notify_finalize
 .text.ring_buf_put
                0x0000000000000da4       0x5c zephyr/libzephyr.a(ring_buffer.c.obj)
                0x0000000000000da4                ring_buf_put
 .text.ring_buf_get
                0x0000000000000e00       0x5c zephyr/libzephyr.a(ring_buffer.c.obj)
                0x0000000000000e00                ring_buf_get
 .text.sys_reboot
                0x0000000000000e5c       0x30 zephyr/libzephyr.a(reboot.c.obj)
                0x0000000000000e5c                sys_reboot
 .text.z_arm_platform_init
                0x0000000000000e8c        0x4 zephyr/libzephyr.a(soc_nrf_common.S.obj)
                0x0000000000000e8c                z_arm_platform_init
 .text.nfc_nrfx_error_to_nfc
                0x0000000000000e90       0x1c zephyr/libzephyr.a(nfc_nrfx_error_to_nfc.c.obj)
                0x0000000000000e90                nfc_nrfx_error_to_nfc
 .text.nrf_cc3xx_platform_abort_init
                0x0000000000000eac        0xc zephyr/libzephyr.a(nrf_cc3xx_platform_abort_zephyr.c.obj)
                0x0000000000000eac                nrf_cc3xx_platform_abort_init
 .text.mutex_free_platform
                0x0000000000000eb8       0x54 zephyr/libzephyr.a(nrf_cc3xx_platform_mutex_zephyr.c.obj)
 .text.mutex_lock_platform
                0x0000000000000f0c       0x60 zephyr/libzephyr.a(nrf_cc3xx_platform_mutex_zephyr.c.obj)
 .text.mutex_unlock_platform
                0x0000000000000f6c       0x58 zephyr/libzephyr.a(nrf_cc3xx_platform_mutex_zephyr.c.obj)
 .text.mutex_init_platform
                0x0000000000000fc4       0x94 zephyr/libzephyr.a(nrf_cc3xx_platform_mutex_zephyr.c.obj)
 .text.nrf_cc3xx_platform_mutex_init
                0x0000000000001058       0x2c zephyr/libzephyr.a(nrf_cc3xx_platform_mutex_zephyr.c.obj)
                0x0000000000001058                nrf_cc3xx_platform_mutex_init
 .text.z_arm_cpu_idle_init
                0x0000000000001084        0xc zephyr/arch/arch/arm/core/aarch32/libarch__arm__core__aarch32.a(cpu_idle.S.obj)
                0x0000000000001084                z_arm_cpu_idle_init
 .text.arch_cpu_idle
                0x0000000000001090       0x1c zephyr/arch/arch/arm/core/aarch32/libarch__arm__core__aarch32.a(cpu_idle.S.obj)
                0x0000000000001090                arch_cpu_idle
 .text.arch_cpu_atomic_idle
                0x00000000000010ac       0x18 zephyr/arch/arch/arm/core/aarch32/libarch__arm__core__aarch32.a(cpu_idle.S.obj)
                0x00000000000010ac                arch_cpu_atomic_idle
 .text.z_arm_fatal_error
                0x00000000000010c4       0x5c zephyr/arch/arch/arm/core/aarch32/libarch__arm__core__aarch32.a(fatal.c.obj)
                0x00000000000010c4                z_arm_fatal_error
 .text.arch_irq_enable
                0x0000000000001120       0x1c zephyr/arch/arch/arm/core/aarch32/libarch__arm__core__aarch32.a(irq_manage.c.obj)
                0x0000000000001120                arch_irq_enable
 .text.arch_irq_disable
                0x000000000000113c       0x28 zephyr/arch/arch/arm/core/aarch32/libarch__arm__core__aarch32.a(irq_manage.c.obj)
                0x000000000000113c                arch_irq_disable
 .text.arch_irq_is_enabled
                0x0000000000001164       0x1c zephyr/arch/arch/arm/core/aarch32/libarch__arm__core__aarch32.a(irq_manage.c.obj)
                0x0000000000001164                arch_irq_is_enabled
 .text.z_arm_irq_priority_set
                0x0000000000001180       0x4c zephyr/arch/arch/arm/core/aarch32/libarch__arm__core__aarch32.a(irq_manage.c.obj)
                0x0000000000001180                z_arm_irq_priority_set
 .text.z_SysNmiOnReset
                0x00000000000011cc        0x8 zephyr/arch/arch/arm/core/aarch32/libarch__arm__core__aarch32.a(nmi_on_reset.S.obj)
                0x00000000000011cc                z_SysNmiOnReset
 .text.z_arm_prep_c
                0x00000000000011d4       0x38 zephyr/arch/arch/arm/core/aarch32/libarch__arm__core__aarch32.a(prep_c.c.obj)
                0x00000000000011d4                z_arm_prep_c
 .text.arch_swap
                0x000000000000120c       0x34 zephyr/arch/arch/arm/core/aarch32/libarch__arm__core__aarch32.a(swap.c.obj)
                0x000000000000120c                arch_swap
 .text.z_arm_pendsv
                0x0000000000001240       0x64 zephyr/arch/arch/arm/core/aarch32/libarch__arm__core__aarch32.a(swap_helper.S.obj)
                0x0000000000001240                z_arm_pendsv
 .text.z_arm_svc
                0x00000000000012a4       0x20 zephyr/arch/arch/arm/core/aarch32/libarch__arm__core__aarch32.a(swap_helper.S.obj)
                0x00000000000012a4                z_arm_svc
 .text.arch_new_thread
                0x00000000000012c4       0x38 zephyr/arch/arch/arm/core/aarch32/libarch__arm__core__aarch32.a(thread.c.obj)
                0x00000000000012c4                arch_new_thread
 .text.z_check_thread_stack_fail
                0x00000000000012fc       0x2c zephyr/arch/arch/arm/core/aarch32/libarch__arm__core__aarch32.a(thread.c.obj)
                0x00000000000012fc                z_check_thread_stack_fail
 .text.arch_switch_to_main_thread
                0x0000000000001328       0x38 zephyr/arch/arch/arm/core/aarch32/libarch__arm__core__aarch32.a(thread.c.obj)
                0x0000000000001328                arch_switch_to_main_thread
 .text._isr_wrapper
                0x0000000000001360       0x28 zephyr/arch/arch/arm/core/aarch32/libarch__arm__core__aarch32.a(isr_wrapper.S.obj)
                0x0000000000001360                _isr_wrapper
 .text.arch_tls_stack_setup
                0x0000000000001388       0x5c zephyr/arch/arch/arm/core/aarch32/libarch__arm__core__aarch32.a(tls.c.obj)
                0x0000000000001388                arch_tls_stack_setup
 .text._HandlerModeExit
                0x00000000000013e4       0x1c zephyr/arch/arch/arm/core/aarch32/cortex_m/libarch__arm__core__aarch32__cortex_m.a(exc_exit.S.obj)
                0x00000000000013e4                z_arm_int_exit
                0x00000000000013e4                z_arm_exc_exit
 .text.mem_manage_fault
                0x0000000000001400      0x124 zephyr/arch/arch/arm/core/aarch32/cortex_m/libarch__arm__core__aarch32__cortex_m.a(fault.c.obj)
 .text.usage_fault.constprop.0
                0x0000000000001524       0xa4 zephyr/arch/arch/arm/core/aarch32/cortex_m/libarch__arm__core__aarch32__cortex_m.a(fault.c.obj)
 .text.bus_fault.constprop.0
                0x00000000000015c8       0xc8 zephyr/arch/arch/arm/core/aarch32/cortex_m/libarch__arm__core__aarch32__cortex_m.a(fault.c.obj)
 .text.z_arm_fault
                0x0000000000001690      0x1ec zephyr/arch/arch/arm/core/aarch32/cortex_m/libarch__arm__core__aarch32__cortex_m.a(fault.c.obj)
                0x0000000000001690                z_arm_fault
 .text.z_arm_fault_init
                0x000000000000187c       0x10 zephyr/arch/arch/arm/core/aarch32/cortex_m/libarch__arm__core__aarch32__cortex_m.a(fault.c.obj)
                0x000000000000187c                z_arm_fault_init
 .text.__fault  0x000000000000188c       0x14 zephyr/arch/arch/arm/core/aarch32/cortex_m/libarch__arm__core__aarch32__cortex_m.a(fault_s.S.obj)
                0x000000000000188c                z_arm_usage_fault
                0x000000000000188c                z_arm_mpu_fault
                0x000000000000188c                z_arm_exc_spurious
                0x000000000000188c                z_arm_debug_monitor
                0x000000000000188c                z_arm_hard_fault
                0x000000000000188c                z_arm_bus_fault
 .text.z_arm_interrupt_init
                0x00000000000018a0       0x18 zephyr/arch/arch/arm/core/aarch32/cortex_m/libarch__arm__core__aarch32__cortex_m.a(irq_init.c.obj)
                0x00000000000018a0                z_arm_interrupt_init
 .text._reset_section
                0x00000000000018b8       0x54 zephyr/arch/arch/arm/core/aarch32/cortex_m/libarch__arm__core__aarch32__cortex_m.a(reset.S.obj)
                0x00000000000018b8                __start
                0x00000000000018b8                z_arm_reset
 .text.sys_arch_reboot
                0x000000000000190c       0x24 zephyr/arch/arch/arm/core/aarch32/cortex_m/libarch__arm__core__aarch32__cortex_m.a(scb.c.obj)
                0x000000000000190c                sys_arch_reboot
 .text.z_arm_clear_arm_mpu_config
                0x0000000000001930       0x24 zephyr/arch/arch/arm/core/aarch32/cortex_m/libarch__arm__core__aarch32__cortex_m.a(scb.c.obj)
                0x0000000000001930                z_arm_clear_arm_mpu_config
 .text.z_arm_init_arch_hw_at_boot
                0x0000000000001954       0x64 zephyr/arch/arch/arm/core/aarch32/cortex_m/libarch__arm__core__aarch32__cortex_m.a(scb.c.obj)
                0x0000000000001954                z_arm_init_arch_hw_at_boot
 .text.z_impl_k_thread_abort
                0x00000000000019b8       0x2c zephyr/arch/arch/arm/core/aarch32/cortex_m/libarch__arm__core__aarch32__cortex_m.a(thread_abort.c.obj)
                0x00000000000019b8                z_impl_k_thread_abort
 .text.z_arm_configure_static_mpu_regions
                0x00000000000019e4       0x18 zephyr/arch/arch/arm/core/aarch32/mpu/libarch__arm__core__aarch32__mpu.a(arm_core_mpu.c.obj)
                0x00000000000019e4                z_arm_configure_static_mpu_regions
 .text.z_arm_configure_dynamic_mpu_regions
                0x00000000000019fc       0x20 zephyr/arch/arch/arm/core/aarch32/mpu/libarch__arm__core__aarch32__mpu.a(arm_core_mpu.c.obj)
                0x00000000000019fc                z_arm_configure_dynamic_mpu_regions
 .text.mpu_configure_regions
                0x0000000000001a1c       0xa0 zephyr/arch/arch/arm/core/aarch32/mpu/libarch__arm__core__aarch32__mpu.a(arm_mpu.c.obj)
 .text.arm_core_mpu_enable
                0x0000000000001abc       0x18 zephyr/arch/arch/arm/core/aarch32/mpu/libarch__arm__core__aarch32__mpu.a(arm_mpu.c.obj)
                0x0000000000001abc                arm_core_mpu_enable
 .text.arm_core_mpu_disable
                0x0000000000001ad4       0x14 zephyr/arch/arch/arm/core/aarch32/mpu/libarch__arm__core__aarch32__mpu.a(arm_mpu.c.obj)
                0x0000000000001ad4                arm_core_mpu_disable
 .text.arm_core_mpu_configure_static_mpu_regions
                0x0000000000001ae8       0x38 zephyr/arch/arch/arm/core/aarch32/mpu/libarch__arm__core__aarch32__mpu.a(arm_mpu.c.obj)
                0x0000000000001ae8                arm_core_mpu_configure_static_mpu_regions
 .text.arm_core_mpu_configure_dynamic_mpu_regions
                0x0000000000001b20       0x50 zephyr/arch/arch/arm/core/aarch32/mpu/libarch__arm__core__aarch32__mpu.a(arm_mpu.c.obj)
                0x0000000000001b20                arm_core_mpu_configure_dynamic_mpu_regions
 .text.z_arm_mpu_init
                0x0000000000001b70       0x98 zephyr/arch/arch/arm/core/aarch32/mpu/libarch__arm__core__aarch32__mpu.a(arm_mpu.c.obj)
                0x0000000000001b70                z_arm_mpu_init
 .text.z_impl_zephyr_fputc
                0x0000000000001c08       0x10 zephyr/lib/libc/picolibc/liblib__libc__picolibc.a(libc-hooks.c.obj)
                0x0000000000001c08                z_impl_zephyr_fputc
 .text.__stdout_hook_install
                0x0000000000001c18       0x18 zephyr/lib/libc/picolibc/liblib__libc__picolibc.a(libc-hooks.c.obj)
                0x0000000000001c18                __stdout_hook_install
 .text.malloc_prepare
                0x0000000000001c30       0x24 zephyr/lib/libc/common/liblib__libc__common.a(malloc.c.obj)
 .text.nordicsemi_nrf52_init
                0x0000000000001c54       0x44 zephyr/soc/soc/arm/nordic_nrf/nrf52/libsoc__arm__nordic_nrf__nrf52.a(soc.c.obj)
 .text.arch_busy_wait
                0x0000000000001c98       0x14 zephyr/soc/soc/arm/nordic_nrf/nrf52/libsoc__arm__nordic_nrf__nrf52.a(soc.c.obj)
                0x0000000000001c98                arch_busy_wait
 .text.onoff_start
                0x0000000000001cac       0x3c zephyr/drivers/clock_control/libdrivers__clock_control.a(clock_control_nrf.c.obj)
 .text.get_status
                0x0000000000001ce8       0x34 zephyr/drivers/clock_control/libdrivers__clock_control.a(clock_control_nrf.c.obj)
 .text.stop     0x0000000000001d1c       0x74 zephyr/drivers/clock_control/libdrivers__clock_control.a(clock_control_nrf.c.obj)
 .text.onoff_stop
                0x0000000000001d90       0x28 zephyr/drivers/clock_control/libdrivers__clock_control.a(clock_control_nrf.c.obj)
 .text.clk_init
                0x0000000000001db8       0x58 zephyr/drivers/clock_control/libdrivers__clock_control.a(clock_control_nrf.c.obj)
 .text.clkstarted_handle.constprop.0
                0x0000000000001e10       0x34 zephyr/drivers/clock_control/libdrivers__clock_control.a(clock_control_nrf.c.obj)
 .text.clock_event_handler
                0x0000000000001e44       0x54 zephyr/drivers/clock_control/libdrivers__clock_control.a(clock_control_nrf.c.obj)
 .text.generic_hfclk_start
                0x0000000000001e98       0x64 zephyr/drivers/clock_control/libdrivers__clock_control.a(clock_control_nrf.c.obj)
 .text.api_blocking_start
                0x0000000000001efc       0x34 zephyr/drivers/clock_control/libdrivers__clock_control.a(clock_control_nrf.c.obj)
 .text.generic_hfclk_stop
                0x0000000000001f30       0x34 zephyr/drivers/clock_control/libdrivers__clock_control.a(clock_control_nrf.c.obj)
 .text.z_nrf_clock_control_get_onoff
                0x0000000000001f64       0x10 zephyr/drivers/clock_control/libdrivers__clock_control.a(clock_control_nrf.c.obj)
                0x0000000000001f64                z_nrf_clock_control_get_onoff
 .text.z_nrf_clock_control_lf_on
                0x0000000000001f74      0x134 zephyr/drivers/clock_control/libdrivers__clock_control.a(clock_control_nrf.c.obj)
                0x0000000000001f74                z_nrf_clock_control_lf_on
 .text.uart_console_init
                0x00000000000020a8       0x28 zephyr/drivers/console/libdrivers__console.a(uart_console.c.obj)
 .text.console_out
                0x00000000000020d0       0x28 zephyr/drivers/console/libdrivers__console.a(uart_console.c.obj)
 .text.qspi_get_zephyr_ret_code
                0x00000000000020f8       0x1c zephyr/drivers/flash/libdrivers__flash.a(nrf_qspi_nor.c.obj)
 .text.qspi_nor_pages_layout
                0x0000000000002114       0x10 zephyr/drivers/flash/libdrivers__flash.a(nrf_qspi_nor.c.obj)
 .text.qspi_flash_get_parameters
                0x0000000000002124        0x8 zephyr/drivers/flash/libdrivers__flash.a(nrf_qspi_nor.c.obj)
 .text.qspi_wait_for_completion.isra.0
                0x000000000000212c       0x1c zephyr/drivers/flash/libdrivers__flash.a(nrf_qspi_nor.c.obj)
 .text.qspi_send_cmd
                0x0000000000002148       0x84 zephyr/drivers/flash/libdrivers__flash.a(nrf_qspi_nor.c.obj)
 .text.qspi_device_uninit
                0x00000000000021cc       0x58 zephyr/drivers/flash/libdrivers__flash.a(nrf_qspi_nor.c.obj)
 .text.qspi_device_init
                0x0000000000002224       0x50 zephyr/drivers/flash/libdrivers__flash.a(nrf_qspi_nor.c.obj)
 .text.qspi_nor_erase
                0x0000000000002274      0x120 zephyr/drivers/flash/libdrivers__flash.a(nrf_qspi_nor.c.obj)
 .text.qspi_nor_init
                0x0000000000002394      0x1a4 zephyr/drivers/flash/libdrivers__flash.a(nrf_qspi_nor.c.obj)
 .text.qspi_nor_write
                0x0000000000002538      0x130 zephyr/drivers/flash/libdrivers__flash.a(nrf_qspi_nor.c.obj)
 .text.qspi_nor_read
                0x0000000000002668      0x158 zephyr/drivers/flash/libdrivers__flash.a(nrf_qspi_nor.c.obj)
 .text.flash_nrf_pages_layout
                0x00000000000027c0       0x10 zephyr/drivers/flash/libdrivers__flash.a(soc_flash_nrf.c.obj)
 .text.flash_nrf_get_parameters
                0x00000000000027d0        0x8 zephyr/drivers/flash/libdrivers__flash.a(soc_flash_nrf.c.obj)
 .text.flash_nrf_read
                0x00000000000027d8       0x38 zephyr/drivers/flash/libdrivers__flash.a(soc_flash_nrf.c.obj)
 .text.nrf_flash_init
                0x0000000000002810       0x28 zephyr/drivers/flash/libdrivers__flash.a(soc_flash_nrf.c.obj)
 .text.restore_pofwarn.part.0
                0x0000000000002838       0x2c zephyr/drivers/flash/libdrivers__flash.a(soc_flash_nrf.c.obj)
 .text.suspend_pofwarn
                0x0000000000002864       0x58 zephyr/drivers/flash/libdrivers__flash.a(soc_flash_nrf.c.obj)
 .text.flash_nrf_erase
                0x00000000000028bc       0xa4 zephyr/drivers/flash/libdrivers__flash.a(soc_flash_nrf.c.obj)
 .text.flash_nrf_write
                0x0000000000002960       0xac zephyr/drivers/flash/libdrivers__flash.a(soc_flash_nrf.c.obj)
 .text.gpio_nrfx_manage_callback
                0x0000000000002a0c       0x80 zephyr/drivers/gpio/libdrivers__gpio.a(gpio_nrfx.c.obj)
 .text.gpio_nrfx_pin_interrupt_configure
                0x0000000000002a8c      0x10c zephyr/drivers/gpio/libdrivers__gpio.a(gpio_nrfx.c.obj)
 .text.gpio_nrfx_init
                0x0000000000002b98       0x38 zephyr/drivers/gpio/libdrivers__gpio.a(gpio_nrfx.c.obj)
 .text.nrfx_gpio_handler
                0x0000000000002bd0       0x68 zephyr/drivers/gpio/libdrivers__gpio.a(gpio_nrfx.c.obj)
 .text.gpio_nrfx_pin_configure
                0x0000000000002c38      0x160 zephyr/drivers/gpio/libdrivers__gpio.a(gpio_nrfx.c.obj)
 .text.nrf_gpio_pin_port_decode
                0x0000000000002d98       0x54 zephyr/drivers/pinctrl/libdrivers__pinctrl.a(pinctrl_nrf.c.obj)
 .text.uarte_nrfx_configure
                0x0000000000002dec      0x168 zephyr/drivers/serial/libdrivers__serial.a(uart_nrfx_uarte.c.obj)
 .text.uarte_0_init
                0x0000000000002f54       0xf0 zephyr/drivers/serial/libdrivers__serial.a(uart_nrfx_uarte.c.obj)
 .text.uarte_nrfx_poll_out
                0x0000000000003044       0xcc zephyr/drivers/serial/libdrivers__serial.a(uart_nrfx_uarte.c.obj)
 .text.sys_clock_timeout_handler
                0x0000000000003110       0x48 zephyr/drivers/timer/libdrivers__timer.a(nrf_rtc_timer.c.obj)
 .text.z_nrf_rtc_timer_read
                0x0000000000003158       0x44 zephyr/drivers/timer/libdrivers__timer.a(nrf_rtc_timer.c.obj)
                0x0000000000003158                z_nrf_rtc_timer_read
 .text.rtc_nrf_isr
                0x000000000000319c       0xd4 zephyr/drivers/timer/libdrivers__timer.a(nrf_rtc_timer.c.obj)
                0x000000000000319c                rtc_nrf_isr
 .text.compare_set.constprop.0.isra.0
                0x0000000000003270      0x154 zephyr/drivers/timer/libdrivers__timer.a(nrf_rtc_timer.c.obj)
 .text.sys_clock_driver_init
                0x00000000000033c4       0x80 zephyr/drivers/timer/libdrivers__timer.a(nrf_rtc_timer.c.obj)
 .text.sys_clock_set_timeout
                0x0000000000003444       0x58 zephyr/drivers/timer/libdrivers__timer.a(nrf_rtc_timer.c.obj)
                0x0000000000003444                sys_clock_set_timeout
 .text.sys_clock_elapsed
                0x000000000000349c       0x14 zephyr/drivers/timer/libdrivers__timer.a(nrf_rtc_timer.c.obj)
                0x000000000000349c                sys_clock_elapsed
 .text.sys_clock_disable
                0x00000000000034b0       0x30 zephyr/drivers/timer/libdrivers__timer.a(nrf_rtc_timer.c.obj)
                0x00000000000034b0                sys_clock_disable
 .text.z_impl_gpio_pin_configure
                0x00000000000034e0      0x100 modules/nrf/lib/dk_buttons_and_leds/lib..__nrf__lib__dk_buttons_and_leds.a(dk_buttons_and_leds.c.obj)
 .text.gpio_pin_set
                0x00000000000035e0       0x4c modules/nrf/lib/dk_buttons_and_leds/lib..__nrf__lib__dk_buttons_and_leds.a(dk_buttons_and_leds.c.obj)
 .text.dk_set_leds_state.part.0
                0x000000000000362c       0x54 modules/nrf/lib/dk_buttons_and_leds/lib..__nrf__lib__dk_buttons_and_leds.a(dk_buttons_and_leds.c.obj)
 .text.dk_leds_init
                0x0000000000003680       0x40 modules/nrf/lib/dk_buttons_and_leds/lib..__nrf__lib__dk_buttons_and_leds.a(dk_buttons_and_leds.c.obj)
                0x0000000000003680                dk_leds_init
 .text.dk_set_led
                0x00000000000036c0       0x44 modules/nrf/lib/dk_buttons_and_leds/lib..__nrf__lib__dk_buttons_and_leds.a(dk_buttons_and_leds.c.obj)
                0x00000000000036c0                dk_set_led
 .text.k_sys_fatal_error_handler
                0x0000000000003704       0x14 modules/nrf/lib/fatal_error/lib..__nrf__lib__fatal_error.a(fatal_error.c.obj)
                0x0000000000003704                k_sys_fatal_error_handler
 .text.nfc_platform_setup
                0x0000000000003718       0x68 modules/nrf/subsys/nfc/lib/lib..__nrf__subsys__nfc__lib.a(platform.c.obj)
                0x0000000000003718                nfc_platform_setup
 .text.nfc_platform_nfcid1_default_bytes_get
                0x0000000000003780       0x74 modules/nrf/subsys/nfc/lib/lib..__nrf__subsys__nfc__lib.a(platform.c.obj)
                0x0000000000003780                nfc_platform_nfcid1_default_bytes_get
 .text.nfc_platform_event_handler
                0x00000000000037f4       0x78 modules/nrf/subsys/nfc/lib/lib..__nrf__subsys__nfc__lib.a(platform.c.obj)
                0x00000000000037f4                nfc_platform_event_handler
 .text.work_resubmit.constprop.0
                0x000000000000386c       0x38 modules/nrf/subsys/nfc/lib/lib..__nrf__subsys__nfc__lib.a(platform_internal_thread.c.obj)
 .text.cb_work  0x00000000000038a4      0x150 modules/nrf/subsys/nfc/lib/lib..__nrf__subsys__nfc__lib.a(platform_internal_thread.c.obj)
 .text.nfc_swi_handler
                0x00000000000039f4       0x44 modules/nrf/subsys/nfc/lib/lib..__nrf__subsys__nfc__lib.a(platform_internal_thread.c.obj)
                0x00000000000039f4                nfc_swi_handler
 .text.nfc_platform_internal_init
                0x0000000000003a38       0x28 modules/nrf/subsys/nfc/lib/lib..__nrf__subsys__nfc__lib.a(platform_internal_thread.c.obj)
                0x0000000000003a38                nfc_platform_internal_init
 .text.nfc_platform_cb_request
                0x0000000000003a60       0x88 modules/nrf/subsys/nfc/lib/lib..__nrf__subsys__nfc__lib.a(platform_internal_thread.c.obj)
                0x0000000000003a60                nfc_platform_cb_request
 .text.nrf52_errata_98
                0x0000000000003ae8       0x24 modules/hal_nordic/nrfx/libmodules__hal_nordic__nrfx.a(system_nrf52840.c.obj)
 .text.nvmc_wait
                0x0000000000003b0c       0x10 modules/hal_nordic/nrfx/libmodules__hal_nordic__nrfx.a(system_nrf52840.c.obj)
                0x0000000000003b0c                nvmc_wait
 .text.SystemInit
                0x0000000000003b1c      0x1bc modules/hal_nordic/nrfx/libmodules__hal_nordic__nrfx.a(system_nrf52840.c.obj)
                0x0000000000003b1c                SystemInit
 .text.nrfx_flag32_alloc
                0x0000000000003cd8       0x48 modules/hal_nordic/nrfx/libmodules__hal_nordic__nrfx.a(nrfx_flag32_allocator.c.obj)
                0x0000000000003cd8                nrfx_flag32_alloc
 .text.nrfx_flag32_free
                0x0000000000003d20       0x40 modules/hal_nordic/nrfx/libmodules__hal_nordic__nrfx.a(nrfx_flag32_allocator.c.obj)
                0x0000000000003d20                nrfx_flag32_free
 .text.nrfx_gppi_channels_enable
                0x0000000000003d60        0xc modules/hal_nordic/nrfx/libmodules__hal_nordic__nrfx.a(nrfx_gppi_ppi.c.obj)
                0x0000000000003d60                nrfx_gppi_channels_enable
 .text.clock_stop
                0x0000000000003d6c       0xec modules/hal_nordic/nrfx/libmodules__hal_nordic__nrfx.a(nrfx_clock.c.obj)
 .text.nrfx_clock_init
                0x0000000000003e58       0x44 modules/hal_nordic/nrfx/libmodules__hal_nordic__nrfx.a(nrfx_clock.c.obj)
                0x0000000000003e58                nrfx_clock_init
 .text.nrfx_clock_enable
                0x0000000000003e9c       0x44 modules/hal_nordic/nrfx/libmodules__hal_nordic__nrfx.a(nrfx_clock.c.obj)
                0x0000000000003e9c                nrfx_clock_enable
 .text.nrfx_clock_start
                0x0000000000003ee0       0xac modules/hal_nordic/nrfx/libmodules__hal_nordic__nrfx.a(nrfx_clock.c.obj)
                0x0000000000003ee0                nrfx_clock_start
 .text.nrfx_clock_stop
                0x0000000000003f8c       0x34 modules/hal_nordic/nrfx/libmodules__hal_nordic__nrfx.a(nrfx_clock.c.obj)
                0x0000000000003f8c                nrfx_clock_stop
 .text.nrfx_power_clock_irq_handler
                0x0000000000003fc0       0x68 modules/hal_nordic/nrfx/libmodules__hal_nordic__nrfx.a(nrfx_clock.c.obj)
                0x0000000000003fc0                nrfx_power_clock_irq_handler
 .text.get_pin_idx
                0x0000000000004028       0x14 modules/hal_nordic/nrfx/libmodules__hal_nordic__nrfx.a(nrfx_gpiote.c.obj)
 .text.pin_in_use
                0x000000000000403c       0x18 modules/hal_nordic/nrfx/libmodules__hal_nordic__nrfx.a(nrfx_gpiote.c.obj)
 .text.pin_in_use_by_te
                0x0000000000004054       0x18 modules/hal_nordic/nrfx/libmodules__hal_nordic__nrfx.a(nrfx_gpiote.c.obj)
 .text.pin_has_trigger
                0x000000000000406c       0x1c modules/hal_nordic/nrfx/libmodules__hal_nordic__nrfx.a(nrfx_gpiote.c.obj)
 .text.pin_is_output
                0x0000000000004088       0x18 modules/hal_nordic/nrfx/libmodules__hal_nordic__nrfx.a(nrfx_gpiote.c.obj)
 .text.pin_te_get
                0x00000000000040a0       0x18 modules/hal_nordic/nrfx/libmodules__hal_nordic__nrfx.a(nrfx_gpiote.c.obj)
 .text.call_handler
                0x00000000000040b8       0x40 modules/hal_nordic/nrfx/libmodules__hal_nordic__nrfx.a(nrfx_gpiote.c.obj)
 .text.release_handler
                0x00000000000040f8       0x7c modules/hal_nordic/nrfx/libmodules__hal_nordic__nrfx.a(nrfx_gpiote.c.obj)
 .text.nrf_gpio_pin_port_decode
                0x0000000000004174       0x5c modules/hal_nordic/nrfx/libmodules__hal_nordic__nrfx.a(nrfx_gpiote.c.obj)
 .text.nrf_gpiote_in_event_get
                0x00000000000041d0       0x2c modules/hal_nordic/nrfx/libmodules__hal_nordic__nrfx.a(nrfx_gpiote.c.obj)
 .text.__nrfy_internal_gpiote_events_process.constprop.0
                0x00000000000041fc       0x5c modules/hal_nordic/nrfx/libmodules__hal_nordic__nrfx.a(nrfx_gpiote.c.obj)
 .text.nrfx_gpiote_input_configure
                0x0000000000004258      0x178 modules/hal_nordic/nrfx/libmodules__hal_nordic__nrfx.a(nrfx_gpiote.c.obj)
                0x0000000000004258                nrfx_gpiote_input_configure
 .text.nrfx_gpiote_output_configure
                0x00000000000043d0       0xf0 modules/hal_nordic/nrfx/libmodules__hal_nordic__nrfx.a(nrfx_gpiote.c.obj)
                0x00000000000043d0                nrfx_gpiote_output_configure
 .text.nrfx_gpiote_global_callback_set
                0x00000000000044c0        0xc modules/hal_nordic/nrfx/libmodules__hal_nordic__nrfx.a(nrfx_gpiote.c.obj)
                0x00000000000044c0                nrfx_gpiote_global_callback_set
 .text.nrfx_gpiote_channel_get
                0x00000000000044cc       0x50 modules/hal_nordic/nrfx/libmodules__hal_nordic__nrfx.a(nrfx_gpiote.c.obj)
                0x00000000000044cc                nrfx_gpiote_channel_get
 .text.nrfx_gpiote_init
                0x000000000000451c       0x78 modules/hal_nordic/nrfx/libmodules__hal_nordic__nrfx.a(nrfx_gpiote.c.obj)
                0x000000000000451c                nrfx_gpiote_init
 .text.nrfx_gpiote_is_init
                0x0000000000004594       0x14 modules/hal_nordic/nrfx/libmodules__hal_nordic__nrfx.a(nrfx_gpiote.c.obj)
                0x0000000000004594                nrfx_gpiote_is_init
 .text.nrfx_gpiote_channel_free
                0x00000000000045a8        0xc modules/hal_nordic/nrfx/libmodules__hal_nordic__nrfx.a(nrfx_gpiote.c.obj)
                0x00000000000045a8                nrfx_gpiote_channel_free
 .text.nrfx_gpiote_channel_alloc
                0x00000000000045b4        0xc modules/hal_nordic/nrfx/libmodules__hal_nordic__nrfx.a(nrfx_gpiote.c.obj)
                0x00000000000045b4                nrfx_gpiote_channel_alloc
 .text.nrfx_gpiote_trigger_enable
                0x00000000000045c0       0xdc modules/hal_nordic/nrfx/libmodules__hal_nordic__nrfx.a(nrfx_gpiote.c.obj)
                0x00000000000045c0                nrfx_gpiote_trigger_enable
 .text.nrfx_gpiote_trigger_disable
                0x000000000000469c       0x4c modules/hal_nordic/nrfx/libmodules__hal_nordic__nrfx.a(nrfx_gpiote.c.obj)
                0x000000000000469c                nrfx_gpiote_trigger_disable
 .text.nrfx_gpiote_pin_uninit
                0x00000000000046e8       0x7c modules/hal_nordic/nrfx/libmodules__hal_nordic__nrfx.a(nrfx_gpiote.c.obj)
                0x00000000000046e8                nrfx_gpiote_pin_uninit
 .text.nrfx_gpiote_irq_handler
                0x0000000000004764      0x1ac modules/hal_nordic/nrfx/libmodules__hal_nordic__nrfx.a(nrfx_gpiote.c.obj)
                0x0000000000004764                nrfx_gpiote_irq_handler
 .text.__nrfy_internal_nfct_event_handle.constprop.0.isra.0
                0x0000000000004910       0x30 modules/hal_nordic/nrfx/libmodules__hal_nordic__nrfx.a(nrfx_nfct.c.obj)
 .text.nrfx_nfct_init
                0x0000000000004940       0xd0 modules/hal_nordic/nrfx/libmodules__hal_nordic__nrfx.a(nrfx_nfct.c.obj)
                0x0000000000004940                nrfx_nfct_init
 .text.nrfx_nfct_enable
                0x0000000000004a10       0x1c modules/hal_nordic/nrfx/libmodules__hal_nordic__nrfx.a(nrfx_nfct.c.obj)
                0x0000000000004a10                nrfx_nfct_enable
 .text.nrfx_nfct_field_check
                0x0000000000004a2c       0x14 modules/hal_nordic/nrfx/libmodules__hal_nordic__nrfx.a(nrfx_nfct.c.obj)
                0x0000000000004a2c                nrfx_nfct_field_check
 .text.nfct_field_event_handler
                0x0000000000004a40       0x90 modules/hal_nordic/nrfx/libmodules__hal_nordic__nrfx.a(nrfx_nfct.c.obj)
 .text.nfct_activate_check
                0x0000000000004ad0       0x48 modules/hal_nordic/nrfx/libmodules__hal_nordic__nrfx.a(nrfx_nfct.c.obj)
 .text.nfct_field_timer_handler
                0x0000000000004b18       0x20 modules/hal_nordic/nrfx/libmodules__hal_nordic__nrfx.a(nrfx_nfct.c.obj)
 .text.nrfx_nfct_rx
                0x0000000000004b38       0x68 modules/hal_nordic/nrfx/libmodules__hal_nordic__nrfx.a(nrfx_nfct.c.obj)
                0x0000000000004b38                nrfx_nfct_rx
 .text.nrfx_nfct_tx
                0x0000000000004ba0       0xd8 modules/hal_nordic/nrfx/libmodules__hal_nordic__nrfx.a(nrfx_nfct.c.obj)
                0x0000000000004ba0                nrfx_nfct_tx
 .text.nrfx_nfct_state_force
                0x0000000000004c78       0x1c modules/hal_nordic/nrfx/libmodules__hal_nordic__nrfx.a(nrfx_nfct.c.obj)
                0x0000000000004c78                nrfx_nfct_state_force
 .text.nrfx_nfct_init_substate_force
                0x0000000000004c94       0x40 modules/hal_nordic/nrfx/libmodules__hal_nordic__nrfx.a(nrfx_nfct.c.obj)
                0x0000000000004c94                nrfx_nfct_init_substate_force
 .text.nrfx_nfct_parameter_set
                0x0000000000004cd4       0xf4 modules/hal_nordic/nrfx/libmodules__hal_nordic__nrfx.a(nrfx_nfct.c.obj)
                0x0000000000004cd4                nrfx_nfct_parameter_set
 .text.nrfx_nfct_autocolres_enable
                0x0000000000004dc8       0x14 modules/hal_nordic/nrfx/libmodules__hal_nordic__nrfx.a(nrfx_nfct.c.obj)
                0x0000000000004dc8                nrfx_nfct_autocolres_enable
 .text.nrfx_nfct_autocolres_disable
                0x0000000000004ddc       0x14 modules/hal_nordic/nrfx/libmodules__hal_nordic__nrfx.a(nrfx_nfct.c.obj)
                0x0000000000004ddc                nrfx_nfct_autocolres_disable
 .text.nrfx_nfct_irq_handler
                0x0000000000004df0      0x244 modules/hal_nordic/nrfx/libmodules__hal_nordic__nrfx.a(nrfx_nfct.c.obj)
                0x0000000000004df0                nrfx_nfct_irq_handler
 .text.nvmc_word_write
                0x0000000000005034       0x18 modules/hal_nordic/nrfx/libmodules__hal_nordic__nrfx.a(nrfx_nvmc.c.obj)
 .text.nrfx_nvmc_page_erase
                0x000000000000504c       0x68 modules/hal_nordic/nrfx/libmodules__hal_nordic__nrfx.a(nrfx_nvmc.c.obj)
                0x000000000000504c                nrfx_nvmc_page_erase
 .text.nrfx_nvmc_word_write
                0x00000000000050b4       0x60 modules/hal_nordic/nrfx/libmodules__hal_nordic__nrfx.a(nrfx_nvmc.c.obj)
                0x00000000000050b4                nrfx_nvmc_word_write
 .text.nrfx_ppi_channel_alloc
                0x0000000000005114        0xc modules/hal_nordic/nrfx/libmodules__hal_nordic__nrfx.a(nrfx_ppi.c.obj)
                0x0000000000005114                nrfx_ppi_channel_alloc
 .text.qspi_xfer
                0x0000000000005120      0x124 modules/hal_nordic/nrfx/libmodules__hal_nordic__nrfx.a(nrfx_qspi.c.obj)
 .text.qspi_ready_wait
                0x0000000000005244       0x2c modules/hal_nordic/nrfx/libmodules__hal_nordic__nrfx.a(nrfx_qspi.c.obj)
 .text.qspi_event_xfer_handle.constprop.0
                0x0000000000005270       0x28 modules/hal_nordic/nrfx/libmodules__hal_nordic__nrfx.a(nrfx_qspi.c.obj)
 .text.nrf_gpio_cfg.constprop.0
                0x0000000000005298       0x6c modules/hal_nordic/nrfx/libmodules__hal_nordic__nrfx.a(nrfx_qspi.c.obj)
 .text.nrf_qspi_cinstrdata_get.constprop.0
                0x0000000000005304       0x40 modules/hal_nordic/nrfx/libmodules__hal_nordic__nrfx.a(nrfx_qspi.c.obj)
 .text.nrf_qspi_cinstrdata_set.constprop.0
                0x0000000000005344       0x64 modules/hal_nordic/nrfx/libmodules__hal_nordic__nrfx.a(nrfx_qspi.c.obj)
 .text.qspi_configure
                0x00000000000053a8      0x158 modules/hal_nordic/nrfx/libmodules__hal_nordic__nrfx.a(nrfx_qspi.c.obj)
 .text.nrfx_qspi_init
                0x0000000000005500       0x70 modules/hal_nordic/nrfx/libmodules__hal_nordic__nrfx.a(nrfx_qspi.c.obj)
                0x0000000000005500                nrfx_qspi_init
 .text.nrfx_qspi_cinstr_xfer
                0x0000000000005570       0xd0 modules/hal_nordic/nrfx/libmodules__hal_nordic__nrfx.a(nrfx_qspi.c.obj)
                0x0000000000005570                nrfx_qspi_cinstr_xfer
 .text.nrfx_qspi_mem_busy_check
                0x0000000000005640       0x44 modules/hal_nordic/nrfx/libmodules__hal_nordic__nrfx.a(nrfx_qspi.c.obj)
                0x0000000000005640                nrfx_qspi_mem_busy_check
 .text.nrfx_qspi_uninit
                0x0000000000005684       0xd0 modules/hal_nordic/nrfx/libmodules__hal_nordic__nrfx.a(nrfx_qspi.c.obj)
                0x0000000000005684                nrfx_qspi_uninit
 .text.nrfx_qspi_erase
                0x0000000000005754       0x88 modules/hal_nordic/nrfx/libmodules__hal_nordic__nrfx.a(nrfx_qspi.c.obj)
                0x0000000000005754                nrfx_qspi_erase
 .text.nrfx_qspi_irq_handler
                0x00000000000057dc       0x68 modules/hal_nordic/nrfx/libmodules__hal_nordic__nrfx.a(nrfx_qspi.c.obj)
                0x00000000000057dc                nrfx_qspi_irq_handler
 .text.timer_configure
                0x0000000000005844       0x84 modules/hal_nordic/nrfx/libmodules__hal_nordic__nrfx.a(nrfx_timer.c.obj)
 .text.nrfx_timer_init
                0x00000000000058c8       0x90 modules/hal_nordic/nrfx/libmodules__hal_nordic__nrfx.a(nrfx_timer.c.obj)
                0x00000000000058c8                nrfx_timer_init
 .text.nrfx_timer_enable
                0x0000000000005958       0x40 modules/hal_nordic/nrfx/libmodules__hal_nordic__nrfx.a(nrfx_timer.c.obj)
                0x0000000000005958                nrfx_timer_enable
 .text.nrfx_timer_disable
                0x0000000000005998       0x40 modules/hal_nordic/nrfx/libmodules__hal_nordic__nrfx.a(nrfx_timer.c.obj)
                0x0000000000005998                nrfx_timer_disable
 .text.nrfx_timer_clear
                0x00000000000059d8       0x38 modules/hal_nordic/nrfx/libmodules__hal_nordic__nrfx.a(nrfx_timer.c.obj)
                0x00000000000059d8                nrfx_timer_clear
 .text.nrfx_timer_4_irq_handler
                0x0000000000005a10       0x68 modules/hal_nordic/nrfx/libmodules__hal_nordic__nrfx.a(nrfx_timer.c.obj)
                0x0000000000005a10                nrfx_timer_4_irq_handler
 .text._DoInit  0x0000000000005a78       0x68 modules/segger/libmodules__segger.a(SEGGER_RTT.c.obj)
 .text.z_device_state_init
                0x0000000000005ae0       0x34 zephyr/kernel/libkernel.a(device.c.obj)
                0x0000000000005ae0                z_device_state_init
 .text.z_fatal_error
                0x0000000000005b14       0xbc zephyr/kernel/libkernel.a(fatal.c.obj)
                0x0000000000005b14                z_fatal_error
 .text.z_sys_init_run_level
                0x0000000000005bd0       0x48 zephyr/kernel/libkernel.a(init.c.obj)
 .text.bg_thread_main
                0x0000000000005c18       0x34 zephyr/kernel/libkernel.a(init.c.obj)
 .text.z_bss_zero
                0x0000000000005c4c       0x18 zephyr/kernel/libkernel.a(init.c.obj)
                0x0000000000005c4c                z_bss_zero
 .text.z_init_cpu
                0x0000000000005c64       0x8c zephyr/kernel/libkernel.a(init.c.obj)
                0x0000000000005c64                z_init_cpu
 .text.z_cstart
                0x0000000000005cf0       0xe0 zephyr/kernel/libkernel.a(init.c.obj)
                0x0000000000005cf0                z_cstart
 .text.init_mem_slab_module
                0x0000000000005dd0       0x40 zephyr/kernel/libkernel.a(mem_slab.c.obj)
 .text.k_mem_slab_alloc
                0x0000000000005e10       0xb0 zephyr/kernel/libkernel.a(mem_slab.c.obj)
                0x0000000000005e10                k_mem_slab_alloc
 .text.k_mem_slab_free
                0x0000000000005ec0       0xd0 zephyr/kernel/libkernel.a(mem_slab.c.obj)
                0x0000000000005ec0                k_mem_slab_free
 .text.z_setup_new_thread
                0x0000000000005f90       0xb8 zephyr/kernel/libkernel.a(thread.c.obj)
                0x0000000000005f90                z_setup_new_thread
 .text.z_impl_k_thread_create
                0x0000000000006048       0x7c zephyr/kernel/libkernel.a(thread.c.obj)
                0x0000000000006048                z_impl_k_thread_create
 .text.z_init_static_threads
                0x00000000000060c4       0xf0 zephyr/kernel/libkernel.a(thread.c.obj)
                0x00000000000060c4                z_init_static_threads
 .text.z_spin_lock_valid
                0x00000000000061b4       0x1c zephyr/kernel/libkernel.a(thread.c.obj)
                0x00000000000061b4                z_spin_lock_valid
 .text.z_spin_unlock_valid
                0x00000000000061d0       0x20 zephyr/kernel/libkernel.a(thread.c.obj)
                0x00000000000061d0                z_spin_unlock_valid
 .text.z_spin_lock_set_owner
                0x00000000000061f0       0x10 zephyr/kernel/libkernel.a(thread.c.obj)
                0x00000000000061f0                z_spin_lock_set_owner
 .text.idle     0x0000000000006200       0x44 zephyr/kernel/libkernel.a(idle.c.obj)
                0x0000000000006200                idle
 .text.z_impl_k_mutex_lock
                0x0000000000006244      0x16c zephyr/kernel/libkernel.a(mutex.c.obj)
                0x0000000000006244                z_impl_k_mutex_lock
 .text.z_impl_k_mutex_unlock
                0x00000000000063b0       0xe0 zephyr/kernel/libkernel.a(mutex.c.obj)
                0x00000000000063b0                z_impl_k_mutex_unlock
 .text.z_impl_k_sem_give
                0x0000000000006490       0x88 zephyr/kernel/libkernel.a(sem.c.obj)
                0x0000000000006490                z_impl_k_sem_give
 .text.z_impl_k_sem_take
                0x0000000000006518       0xc0 zephyr/kernel/libkernel.a(sem.c.obj)
                0x0000000000006518                z_impl_k_sem_take
 .text.work_queue_main
                0x00000000000065d8      0x1bc zephyr/kernel/libkernel.a(work.c.obj)
 .text.submit_to_queue_locked
                0x0000000000006794       0xd4 zephyr/kernel/libkernel.a(work.c.obj)
 .text.z_work_submit_to_queue
                0x0000000000006868       0x8c zephyr/kernel/libkernel.a(work.c.obj)
                0x0000000000006868                z_work_submit_to_queue
 .text.k_work_submit
                0x00000000000068f4        0xc zephyr/kernel/libkernel.a(work.c.obj)
                0x00000000000068f4                k_work_submit
 .text.k_work_queue_start
                0x0000000000006900       0xc0 zephyr/kernel/libkernel.a(work.c.obj)
                0x0000000000006900                k_work_queue_start
 .text.sliceable
                0x00000000000069c0       0x3c zephyr/kernel/libkernel.a(sched.c.obj)
 .text.slice_timeout
                0x00000000000069fc       0x58 zephyr/kernel/libkernel.a(sched.c.obj)
 .text.z_reset_time_slice
                0x0000000000006a54       0x50 zephyr/kernel/libkernel.a(sched.c.obj)
                0x0000000000006a54                z_reset_time_slice
 .text.update_cache
                0x0000000000006aa4       0x58 zephyr/kernel/libkernel.a(sched.c.obj)
 .text.ready_thread
                0x0000000000006afc       0x90 zephyr/kernel/libkernel.a(sched.c.obj)
 .text.z_ready_thread
                0x0000000000006b8c       0x68 zephyr/kernel/libkernel.a(sched.c.obj)
                0x0000000000006b8c                z_ready_thread
 .text.z_reschedule
                0x0000000000006bf4       0x6c zephyr/kernel/libkernel.a(sched.c.obj)
                0x0000000000006bf4                z_reschedule
 .text.z_sched_start
                0x0000000000006c60       0x80 zephyr/kernel/libkernel.a(sched.c.obj)
                0x0000000000006c60                z_sched_start
 .text.k_sched_lock
                0x0000000000006ce0       0x98 zephyr/kernel/libkernel.a(sched.c.obj)
                0x0000000000006ce0                k_sched_lock
 .text.k_sched_unlock
                0x0000000000006d78       0xa8 zephyr/kernel/libkernel.a(sched.c.obj)
                0x0000000000006d78                k_sched_unlock
 .text.z_priq_dumb_remove
                0x0000000000006e20       0x3c zephyr/kernel/libkernel.a(sched.c.obj)
                0x0000000000006e20                z_priq_dumb_remove
 .text.move_thread_to_end_of_prio_q
                0x0000000000006e5c       0xa0 zephyr/kernel/libkernel.a(sched.c.obj)
 .text.z_time_slice
                0x0000000000006efc       0xa4 zephyr/kernel/libkernel.a(sched.c.obj)
                0x0000000000006efc                z_time_slice
 .text.unready_thread
                0x0000000000006fa0       0x38 zephyr/kernel/libkernel.a(sched.c.obj)
 .text.add_to_waitq_locked
                0x0000000000006fd8       0x74 zephyr/kernel/libkernel.a(sched.c.obj)
 .text.pend_locked
                0x000000000000704c       0x30 zephyr/kernel/libkernel.a(sched.c.obj)
 .text.z_pend_curr
                0x000000000000707c       0xb8 zephyr/kernel/libkernel.a(sched.c.obj)
                0x000000000000707c                z_pend_curr
 .text.z_set_prio
                0x0000000000007134       0xf8 zephyr/kernel/libkernel.a(sched.c.obj)
                0x0000000000007134                z_set_prio
 .text.z_impl_k_thread_suspend
                0x000000000000722c       0xac zephyr/kernel/libkernel.a(sched.c.obj)
                0x000000000000722c                z_impl_k_thread_suspend
 .text.unpend_thread_no_timeout
                0x00000000000072d8       0x3c zephyr/kernel/libkernel.a(sched.c.obj)
 .text.z_unpend_thread
                0x0000000000007314       0x74 zephyr/kernel/libkernel.a(sched.c.obj)
                0x0000000000007314                z_unpend_thread
 .text.z_sched_wake_thread
                0x0000000000007388       0x8c zephyr/kernel/libkernel.a(sched.c.obj)
                0x0000000000007388                z_sched_wake_thread
 .text.z_unpend_first_thread
                0x0000000000007414       0x7c zephyr/kernel/libkernel.a(sched.c.obj)
                0x0000000000007414                z_unpend_first_thread
 .text.z_sched_init
                0x0000000000007490       0x10 zephyr/kernel/libkernel.a(sched.c.obj)
                0x0000000000007490                z_sched_init
 .text.z_impl_k_yield
                0x00000000000074a0       0xfc zephyr/kernel/libkernel.a(sched.c.obj)
                0x00000000000074a0                z_impl_k_yield
 .text.z_tick_sleep
                0x000000000000759c      0x108 zephyr/kernel/libkernel.a(sched.c.obj)
 .text.z_impl_k_sleep
                0x00000000000076a4       0x58 zephyr/kernel/libkernel.a(sched.c.obj)
                0x00000000000076a4                z_impl_k_sleep
 .text.z_impl_z_current_get
                0x00000000000076fc        0xc zephyr/kernel/libkernel.a(sched.c.obj)
                0x00000000000076fc                z_impl_z_current_get
 .text.z_thread_abort
                0x0000000000007708      0x148 zephyr/kernel/libkernel.a(sched.c.obj)
                0x0000000000007708                z_thread_abort
 .text.z_sched_wake
                0x0000000000007850       0x98 zephyr/kernel/libkernel.a(sched.c.obj)
                0x0000000000007850                z_sched_wake
 .text.z_sched_wait
                0x00000000000078e8       0x24 zephyr/kernel/libkernel.a(sched.c.obj)
                0x00000000000078e8                z_sched_wait
 .text.z_data_copy
                0x000000000000790c       0x34 zephyr/kernel/libkernel.a(xip.c.obj)
                0x000000000000790c                z_data_copy
 .text.elapsed  0x0000000000007940       0x14 zephyr/kernel/libkernel.a(timeout.c.obj)
 .text.next_timeout
                0x0000000000007954       0x40 zephyr/kernel/libkernel.a(timeout.c.obj)
 .text.remove_timeout
                0x0000000000007994       0x38 zephyr/kernel/libkernel.a(timeout.c.obj)
 .text.z_add_timeout
                0x00000000000079cc      0x14c zephyr/kernel/libkernel.a(timeout.c.obj)
                0x00000000000079cc                z_add_timeout
 .text.z_abort_timeout
                0x0000000000007b18       0x74 zephyr/kernel/libkernel.a(timeout.c.obj)
                0x0000000000007b18                z_abort_timeout
 .text.sys_clock_announce
                0x0000000000007b8c      0x138 zephyr/kernel/libkernel.a(timeout.c.obj)
                0x0000000000007b8c                sys_clock_announce
 .text.sys_clock_tick_get
                0x0000000000007cc4       0x78 zephyr/kernel/libkernel.a(timeout.c.obj)
                0x0000000000007cc4                sys_clock_tick_get
 .text.z_heap_aligned_alloc
                0x0000000000007d3c       0x48 zephyr/kernel/libkernel.a(mempool.c.obj)
 .text.k_aligned_alloc
                0x0000000000007d84       0x4c zephyr/kernel/libkernel.a(mempool.c.obj)
                0x0000000000007d84                k_aligned_alloc
 .text.k_thread_system_pool_assign
                0x0000000000007dd0        0xc zephyr/kernel/libkernel.a(mempool.c.obj)
                0x0000000000007dd0                k_thread_system_pool_assign
 .text.boot_banner
                0x0000000000007ddc        0xc zephyr/kernel/libkernel.a(banner.c.obj)
                0x0000000000007ddc                boot_banner
 .text.statics_init
                0x0000000000007de8       0x40 zephyr/kernel/libkernel.a(kheap.c.obj)
 .text.k_heap_aligned_alloc
                0x0000000000007e28      0x104 zephyr/kernel/libkernel.a(kheap.c.obj)
                0x0000000000007e28                k_heap_aligned_alloc
 .text.k_heap_free
                0x0000000000007f2c       0x80 zephyr/kernel/libkernel.a(kheap.c.obj)
                0x0000000000007f2c                k_heap_free
 .text.k_sys_work_q_init
                0x0000000000007fac       0x34 zephyr/kernel/libkernel.a(system_work_q.c.obj)
 .text.nfc_t4t_ndef_staticpayload_set
                0x0000000000007fe0       0x54 C:/ncs/v2.5.0/nrfxlib/nfc/lib/cortex-m4/soft-float/libnfc_t4t.a(nfc_t4t_lib.c.obj)
                0x0000000000007fe0                nfc_t4t_ndef_staticpayload_set
 .text.nfcHandle7816Select
                0x0000000000008034       0x8c C:/ncs/v2.5.0/nrfxlib/nfc/lib/cortex-m4/soft-float/libnfc_t4t.a(nfc_t4t_lib.c.obj)
                0x0000000000008034                nfcHandle7816Select
 .text.nfcHandle7816Read
                0x00000000000080c0       0x98 C:/ncs/v2.5.0/nrfxlib/nfc/lib/cortex-m4/soft-float/libnfc_t4t.a(nfc_t4t_lib.c.obj)
                0x00000000000080c0                nfcHandle7816Read
 .text.nfcHandle7816Update
                0x0000000000008158       0xd4 C:/ncs/v2.5.0/nrfxlib/nfc/lib/cortex-m4/soft-float/libnfc_t4t.a(nfc_t4t_lib.c.obj)
                0x0000000000008158                nfcHandle7816Update
 .text.nfcHandle7816ChainUpdate
                0x000000000000822c       0xb4 C:/ncs/v2.5.0/nrfxlib/nfc/lib/cortex-m4/soft-float/libnfc_t4t.a(nfc_t4t_lib.c.obj)
                0x000000000000822c                nfcHandle7816ChainUpdate
 .text.nfcHandleEvDataIndication
                0x00000000000082e0       0xac C:/ncs/v2.5.0/nrfxlib/nfc/lib/cortex-m4/soft-float/libnfc_t4t.a(nfc_t4t_lib.c.obj)
                0x00000000000082e0                nfcHandleEvDataIndication
 .text.isodepCallback
                0x000000000000838c       0xd8 C:/ncs/v2.5.0/nrfxlib/nfc/lib/cortex-m4/soft-float/libnfc_t4t.a(nfc_t4t_lib.c.obj)
                0x000000000000838c                isodepCallback
 .text.nfc_t4t_setup
                0x0000000000008464       0x74 C:/ncs/v2.5.0/nrfxlib/nfc/lib/cortex-m4/soft-float/libnfc_t4t.a(nfc_t4t_lib.c.obj)
                0x0000000000008464                nfc_t4t_setup
 .text.nfc_t4t_emulation_start
                0x00000000000084d8       0x20 C:/ncs/v2.5.0/nrfxlib/nfc/lib/cortex-m4/soft-float/libnfc_t4t.a(nfc_t4t_lib.c.obj)
                0x00000000000084d8                nfc_t4t_emulation_start
 .text.isodepTransmit
                0x00000000000084f8      0x184 C:/ncs/v2.5.0/nrfxlib/nfc/lib/cortex-m4/soft-float/libnfc_t4t.a(isodepmsg.c.obj)
                0x00000000000084f8                isodepTransmit
 .text.isodepSetup
                0x000000000000867c       0x84 C:/ncs/v2.5.0/nrfxlib/nfc/lib/cortex-m4/soft-float/libnfc_t4t.a(isodepmsg.c.obj)
                0x000000000000867c                isodepSetup
 .text.isodepSendChunk
                0x0000000000008700      0x114 C:/ncs/v2.5.0/nrfxlib/nfc/lib/cortex-m4/soft-float/libnfc_t4t.a(isodepmsg.c.obj)
                0x0000000000008700                isodepSendChunk
 .text.isodepSendATS
                0x0000000000008814       0x8c C:/ncs/v2.5.0/nrfxlib/nfc/lib/cortex-m4/soft-float/libnfc_t4t.a(isodepmsg.c.obj)
                0x0000000000008814                isodepSendATS
 .text.isodepSetWtx
                0x00000000000088a0       0x48 C:/ncs/v2.5.0/nrfxlib/nfc/lib/cortex-m4/soft-float/libnfc_t4t.a(isodepmsg.c.obj)
                0x00000000000088a0                isodepSetWtx
 .text.isodepSendAck
                0x00000000000088e8       0x30 C:/ncs/v2.5.0/nrfxlib/nfc/lib/cortex-m4/soft-float/libnfc_t4t.a(isodepmsg.c.obj)
                0x00000000000088e8                isodepSendAck
 .text.isodepHandleDeselect
                0x0000000000008918       0x8c C:/ncs/v2.5.0/nrfxlib/nfc/lib/cortex-m4/soft-float/libnfc_t4t.a(isodepmsg.c.obj)
                0x0000000000008918                isodepHandleDeselect
 .text.alNfcCallback
                0x00000000000089a4      0x3b4 C:/ncs/v2.5.0/nrfxlib/nfc/lib/cortex-m4/soft-float/libnfc_t4t.a(isodepmsg.c.obj)
                0x00000000000089a4                alNfcCallback
 .text.nfc_t4t_lib_al_resolve_cb
                0x0000000000008d58       0x20 C:/ncs/v2.5.0/nrfxlib/nfc/lib/cortex-m4/soft-float/libnfc_t4t.a(nfc_t4t_lib_al.c.obj)
 .text.nrfx_nfct_evt_handler
                0x0000000000008d78      0x180 C:/ncs/v2.5.0/nrfxlib/nfc/lib/cortex-m4/soft-float/libnfc_t4t.a(nfc_t4t_lib_al.c.obj)
 .text.nfc_t4t_lib_al_setup
                0x0000000000008ef8       0xe0 C:/ncs/v2.5.0/nrfxlib/nfc/lib/cortex-m4/soft-float/libnfc_t4t.a(nfc_t4t_lib_al.c.obj)
                0x0000000000008ef8                nfc_t4t_lib_al_setup
 .text.nfc_t4t_lib_al_parameter_get
                0x0000000000008fd8       0xc8 C:/ncs/v2.5.0/nrfxlib/nfc/lib/cortex-m4/soft-float/libnfc_t4t.a(nfc_t4t_lib_al.c.obj)
                0x0000000000008fd8                nfc_t4t_lib_al_parameter_get
 .text.nfc_t4t_lib_al_fwt_update
                0x00000000000090a0       0x20 C:/ncs/v2.5.0/nrfxlib/nfc/lib/cortex-m4/soft-float/libnfc_t4t.a(nfc_t4t_lib_al.c.obj)
                0x00000000000090a0                nfc_t4t_lib_al_fwt_update
 .text.nfc_t4t_lib_al_start
                0x00000000000090c0        0x4 C:/ncs/v2.5.0/nrfxlib/nfc/lib/cortex-m4/soft-float/libnfc_t4t.a(nfc_t4t_lib_al.c.obj)
                0x00000000000090c0                nfc_t4t_lib_al_start
 .text.nfc_t4t_lib_al_send
                0x00000000000090c4       0x24 C:/ncs/v2.5.0/nrfxlib/nfc/lib/cortex-m4/soft-float/libnfc_t4t.a(nfc_t4t_lib_al.c.obj)
                0x00000000000090c4                nfc_t4t_lib_al_send
 .text.nfc_t4t_lib_al_cb_request
                0x00000000000090e8       0x30 C:/ncs/v2.5.0/nrfxlib/nfc/lib/cortex-m4/soft-float/libnfc_t4t.a(nfc_t4t_lib_al.c.obj)
                0x00000000000090e8                nfc_t4t_lib_al_cb_request
 .text.nrf_cc3xx_platform_init_no_rng
                0x0000000000009118       0x38 C:/ncs/v2.5.0/nrfxlib/crypto/nrf_cc310_platform/lib/cortex-m4/soft-float/no-interrupts/libnrf_cc310_platform_0.9.18.a(nrf_cc3xx_platform.c.obj)
                0x0000000000009118                nrf_cc3xx_platform_init_no_rng
 .text.nrf_cc3xx_platform_abort
                0x0000000000009150       0x24 C:/ncs/v2.5.0/nrfxlib/crypto/nrf_cc310_platform/lib/cortex-m4/soft-float/no-interrupts/libnrf_cc310_platform_0.9.18.a(nrf_cc3xx_platform_abort.c.obj)
 .text.CC_PalAbort
                0x0000000000009174       0x34 C:/ncs/v2.5.0/nrfxlib/crypto/nrf_cc310_platform/lib/cortex-m4/soft-float/no-interrupts/libnrf_cc310_platform_0.9.18.a(nrf_cc3xx_platform_abort.c.obj)
                0x0000000000009174                CC_PalAbort
 .text.nrf_cc3xx_platform_set_abort
                0x00000000000091a8       0x10 C:/ncs/v2.5.0/nrfxlib/crypto/nrf_cc310_platform/lib/cortex-m4/soft-float/no-interrupts/libnrf_cc310_platform_0.9.18.a(nrf_cc3xx_platform_abort.c.obj)
                0x00000000000091a8                nrf_cc3xx_platform_set_abort
 .text.mutex_free
                0x00000000000091b8       0x34 C:/ncs/v2.5.0/nrfxlib/crypto/nrf_cc310_platform/lib/cortex-m4/soft-float/no-interrupts/libnrf_cc310_platform_0.9.18.a(nrf_cc3xx_platform_mutex.c.obj)
 .text.mutex_lock
                0x00000000000091ec       0x48 C:/ncs/v2.5.0/nrfxlib/crypto/nrf_cc310_platform/lib/cortex-m4/soft-float/no-interrupts/libnrf_cc310_platform_0.9.18.a(nrf_cc3xx_platform_mutex.c.obj)
 .text.mutex_unlock
                0x0000000000009234       0x38 C:/ncs/v2.5.0/nrfxlib/crypto/nrf_cc310_platform/lib/cortex-m4/soft-float/no-interrupts/libnrf_cc310_platform_0.9.18.a(nrf_cc3xx_platform_mutex.c.obj)
 .text.mutex_init
                0x000000000000926c       0x20 C:/ncs/v2.5.0/nrfxlib/crypto/nrf_cc310_platform/lib/cortex-m4/soft-float/no-interrupts/libnrf_cc310_platform_0.9.18.a(nrf_cc3xx_platform_mutex.c.obj)
 .text.nrf_cc3xx_platform_set_mutexes
                0x000000000000928c       0x74 C:/ncs/v2.5.0/nrfxlib/crypto/nrf_cc310_platform/lib/cortex-m4/soft-float/no-interrupts/libnrf_cc310_platform_0.9.18.a(nrf_cc3xx_platform_mutex.c.obj)
                0x000000000000928c                nrf_cc3xx_platform_set_mutexes
 .text.CC_LibInitNoRng
                0x0000000000009300       0x64 C:/ncs/v2.5.0/nrfxlib/crypto/nrf_cc310_platform/lib/cortex-m4/soft-float/no-interrupts/libnrf_cc310_platform_0.9.18.a(cc_lib.c.obj)
                0x0000000000009300                CC_LibInitNoRng
 .text.CC_HalInit
                0x0000000000009364        0x4 C:/ncs/v2.5.0/nrfxlib/crypto/nrf_cc310_platform/lib/cortex-m4/soft-float/no-interrupts/libnrf_cc310_platform_0.9.18.a(cc_hal.c.obj)
                0x0000000000009364                CC_HalInit
 .text.CC_HalTerminate
                0x0000000000009368        0x4 C:/ncs/v2.5.0/nrfxlib/crypto/nrf_cc310_platform/lib/cortex-m4/soft-float/no-interrupts/libnrf_cc310_platform_0.9.18.a(cc_hal.c.obj)
                0x0000000000009368                CC_HalTerminate
 .text.CC_HalMaskInterrupt
                0x000000000000936c        0xc C:/ncs/v2.5.0/nrfxlib/crypto/nrf_cc310_platform/lib/cortex-m4/soft-float/no-interrupts/libnrf_cc310_platform_0.9.18.a(cc_hal.c.obj)
                0x000000000000936c                CC_HalMaskInterrupt
 .text.CC_PalInit
                0x0000000000009378       0x5c C:/ncs/v2.5.0/nrfxlib/crypto/nrf_cc310_platform/lib/cortex-m4/soft-float/no-interrupts/libnrf_cc310_platform_0.9.18.a(cc_pal.c.obj)
                0x0000000000009378                CC_PalInit
 .text.CC_PalTerminate
                0x00000000000093d4       0x34 C:/ncs/v2.5.0/nrfxlib/crypto/nrf_cc310_platform/lib/cortex-m4/soft-float/no-interrupts/libnrf_cc310_platform_0.9.18.a(cc_pal.c.obj)
                0x00000000000093d4                CC_PalTerminate
 .text.CC_PalDmaInit
                0x0000000000009408        0x4 C:/ncs/v2.5.0/nrfxlib/crypto/nrf_cc310_platform/lib/cortex-m4/soft-float/no-interrupts/libnrf_cc310_platform_0.9.18.a(cc_pal_dma.c.obj)
                0x0000000000009408                CC_PalDmaInit
 .text.CC_PalDmaTerminate
                0x000000000000940c        0x4 C:/ncs/v2.5.0/nrfxlib/crypto/nrf_cc310_platform/lib/cortex-m4/soft-float/no-interrupts/libnrf_cc310_platform_0.9.18.a(cc_pal_dma.c.obj)
                0x000000000000940c                CC_PalDmaTerminate
 .text.CC_PalMutexCreate
                0x0000000000009410       0x14 C:/ncs/v2.5.0/nrfxlib/crypto/nrf_cc310_platform/lib/cortex-m4/soft-float/no-interrupts/libnrf_cc310_platform_0.9.18.a(cc_pal_mutex.c.obj)
                0x0000000000009410                CC_PalMutexCreate
 .text.CC_PalMutexDestroy
                0x0000000000009424       0x14 C:/ncs/v2.5.0/nrfxlib/crypto/nrf_cc310_platform/lib/cortex-m4/soft-float/no-interrupts/libnrf_cc310_platform_0.9.18.a(cc_pal_mutex.c.obj)
                0x0000000000009424                CC_PalMutexDestroy
 .text.CC_PalPowerSaveModeInit
                0x0000000000009438       0x3c C:/ncs/v2.5.0/nrfxlib/crypto/nrf_cc310_platform/lib/cortex-m4/soft-float/no-interrupts/libnrf_cc310_platform_0.9.18.a(cc_pal_pm.c.obj)
                0x0000000000009438                CC_PalPowerSaveModeInit
 .text.CC_PalPowerSaveModeSelect
                0x0000000000009474       0x84 C:/ncs/v2.5.0/nrfxlib/crypto/nrf_cc310_platform/lib/cortex-m4/soft-float/no-interrupts/libnrf_cc310_platform_0.9.18.a(cc_pal_pm.c.obj)
                0x0000000000009474                CC_PalPowerSaveModeSelect
 .text.__i_vfprintf
                0x00000000000094f8      0x490 c:\ncs\toolchains\c57af46cb7\opt\zephyr-sdk\arm-zephyr-eabi\bin\../lib/gcc/../../picolibc/arm-zephyr-eabi/lib/thumb/v7e-m/nofp\libc.a(libc_tinystdio_vfiprintf.c.o)
                0x00000000000094f8                __i_vfprintf
 .text.nfc_callback
                0x0000000000009988       0x16 app/libapp.a(main.c.obj)
 .text.arch_printk_char_out
                0x000000000000999e        0x4 zephyr/libzephyr.a(printk.c.obj)
                0x000000000000999e                arch_printk_char_out
 .text.printk   0x00000000000099a2       0x1a zephyr/libzephyr.a(printk.c.obj)
                0x00000000000099a2                printk
 .text.chunk_size
                0x00000000000099bc        0xa zephyr/libzephyr.a(heap.c.obj)
 .text.free_list_add
                0x00000000000099c6       0x4e zephyr/libzephyr.a(heap.c.obj)
 .text.free_list_remove_bidx
                0x0000000000009a14       0x3a zephyr/libzephyr.a(heap.c.obj)
 .text.free_list_remove
                0x0000000000009a4e       0x1a zephyr/libzephyr.a(heap.c.obj)
 .text.alloc_chunk
                0x0000000000009a68       0x6e zephyr/libzephyr.a(heap.c.obj)
 .text.merge_chunks
                0x0000000000009ad6       0x2c zephyr/libzephyr.a(heap.c.obj)
 .text.split_chunks
                0x0000000000009b02       0x34 zephyr/libzephyr.a(heap.c.obj)
 .text.free_chunk
                0x0000000000009b36       0x62 zephyr/libzephyr.a(heap.c.obj)
 .text.sys_heap_alloc
                0x0000000000009b98       0x52 zephyr/libzephyr.a(heap.c.obj)
                0x0000000000009b98                sys_heap_alloc
 .text.sys_slist_find_and_remove
                0x0000000000009bea       0x36 zephyr/libzephyr.a(onoff.c.obj)
 .text.process_recheck
                0x0000000000009c20       0x38 zephyr/libzephyr.a(onoff.c.obj)
 .text.validate_args
                0x0000000000009c58       0x20 zephyr/libzephyr.a(onoff.c.obj)
 .text.notify_one
                0x0000000000009c78       0x2c zephyr/libzephyr.a(onoff.c.obj)
 .text.onoff_manager_init
                0x0000000000009ca4       0x26 zephyr/libzephyr.a(onoff.c.obj)
                0x0000000000009ca4                onoff_manager_init
 .text.sys_notify_validate
                0x0000000000009cca       0x22 zephyr/libzephyr.a(notify.c.obj)
                0x0000000000009cca                sys_notify_validate
 .text.ring_buf_put_claim
                0x0000000000009cec       0x3e zephyr/libzephyr.a(ring_buffer.c.obj)
                0x0000000000009cec                ring_buf_put_claim
 .text.ring_buf_put_finish
                0x0000000000009d2a       0x2a zephyr/libzephyr.a(ring_buffer.c.obj)
                0x0000000000009d2a                ring_buf_put_finish
 .text.ring_buf_get_claim
                0x0000000000009d54       0x40 zephyr/libzephyr.a(ring_buffer.c.obj)
                0x0000000000009d54                ring_buf_get_claim
 .text.ring_buf_get_finish
                0x0000000000009d94       0x2a zephyr/libzephyr.a(ring_buffer.c.obj)
                0x0000000000009d94                ring_buf_get_finish
 .text.assert_post_action
                0x0000000000009dbe        0xe zephyr/libzephyr.a(assert.c.obj)
                0x0000000000009dbe                assert_post_action
 .text.assert_print
                0x0000000000009dcc       0x1a zephyr/libzephyr.a(assert.c.obj)
                0x0000000000009dcc                assert_print
 .text._ConfigAbsSyms
                0x0000000000009de6        0x2 zephyr/libzephyr.a(configs.c.obj)
                0x0000000000009de6                _ConfigAbsSyms
 .text.z_log_minimal_printk
                0x0000000000009de8       0x1a zephyr/libzephyr.a(log_minimal.c.obj)
                0x0000000000009de8                z_log_minimal_printk
 .text.abort_function
                0x0000000000009e02        0x8 zephyr/libzephyr.a(nrf_cc3xx_platform_abort_zephyr.c.obj)
 .text.z_do_kernel_oops
                0x0000000000009e0a        0x8 zephyr/arch/arch/arm/core/aarch32/libarch__arm__core__aarch32.a(fatal.c.obj)
                0x0000000000009e0a                z_do_kernel_oops
 .text.z_irq_spurious
                0x0000000000009e12        0x8 zephyr/arch/arch/arm/core/aarch32/libarch__arm__core__aarch32.a(irq_manage.c.obj)
                0x0000000000009e12                z_irq_spurious
 .text.z_arm_nmi
                0x0000000000009e1a        0xe zephyr/arch/arch/arm/core/aarch32/libarch__arm__core__aarch32.a(nmi.c.obj)
                0x0000000000009e1a                z_arm_nmi
 .text.picolibc_put
                0x0000000000009e28        0xa zephyr/lib/libc/picolibc/liblib__libc__picolibc.a(libc-hooks.c.obj)
 .text.set_on_state
                0x0000000000009e32       0x26 zephyr/drivers/clock_control/libdrivers__clock_control.a(clock_control_nrf.c.obj)
 .text.async_start
                0x0000000000009e58       0x5c zephyr/drivers/clock_control/libdrivers__clock_control.a(clock_control_nrf.c.obj)
 .text.api_start
                0x0000000000009eb4        0xe zephyr/drivers/clock_control/libdrivers__clock_control.a(clock_control_nrf.c.obj)
 .text.onoff_started_callback
                0x0000000000009ec2        0xc zephyr/drivers/clock_control/libdrivers__clock_control.a(clock_control_nrf.c.obj)
 .text.lfclk_start
                0x0000000000009ece        0x6 zephyr/drivers/clock_control/libdrivers__clock_control.a(clock_control_nrf.c.obj)
 .text.lfclk_stop
                0x0000000000009ed4        0x6 zephyr/drivers/clock_control/libdrivers__clock_control.a(clock_control_nrf.c.obj)
 .text.blocking_start_callback
                0x0000000000009eda        0x6 zephyr/drivers/clock_control/libdrivers__clock_control.a(clock_control_nrf.c.obj)
 .text.api_stop
                0x0000000000009ee0        0x6 zephyr/drivers/clock_control/libdrivers__clock_control.a(clock_control_nrf.c.obj)
 .text.qspi_handler
                0x0000000000009ee6        0xc zephyr/drivers/flash/libdrivers__flash.a(nrf_qspi_nor.c.obj)
 .text.qspi_lock.isra.0
                0x0000000000009ef2        0xe zephyr/drivers/flash/libdrivers__flash.a(nrf_qspi_nor.c.obj)
 .text.qspi_trans_lock.isra.0
                0x0000000000009f00        0xc zephyr/drivers/flash/libdrivers__flash.a(nrf_qspi_nor.c.obj)
 .text.qspi_unlock.isra.0
                0x0000000000009f0c        0x6 zephyr/drivers/flash/libdrivers__flash.a(nrf_qspi_nor.c.obj)
 .text.qspi_nor_write_protection_set
                0x0000000000009f12       0x2a zephyr/drivers/flash/libdrivers__flash.a(nrf_qspi_nor.c.obj)
 .text.qspi_rdsr.constprop.0
                0x0000000000009f3c       0x36 zephyr/drivers/flash/libdrivers__flash.a(nrf_qspi_nor.c.obj)
 .text.is_regular_addr_valid
                0x0000000000009f72       0x22 zephyr/drivers/flash/libdrivers__flash.a(soc_flash_nrf.c.obj)
 .text.gpio_nrfx_port_get_raw
                0x0000000000009f94        0xe zephyr/drivers/gpio/libdrivers__gpio.a(gpio_nrfx.c.obj)
 .text.gpio_nrfx_port_set_masked_raw
                0x0000000000009fa2       0x18 zephyr/drivers/gpio/libdrivers__gpio.a(gpio_nrfx.c.obj)
 .text.gpio_nrfx_port_set_bits_raw
                0x0000000000009fba        0xc zephyr/drivers/gpio/libdrivers__gpio.a(gpio_nrfx.c.obj)
 .text.gpio_nrfx_port_clear_bits_raw
                0x0000000000009fc6        0xc zephyr/drivers/gpio/libdrivers__gpio.a(gpio_nrfx.c.obj)
 .text.gpio_nrfx_port_toggle_bits
                0x0000000000009fd2       0x1a zephyr/drivers/gpio/libdrivers__gpio.a(gpio_nrfx.c.obj)
 .text.pinctrl_lookup_state
                0x0000000000009fec       0x26 zephyr/drivers/pinctrl/libdrivers__pinctrl.a(common.c.obj)
                0x0000000000009fec                pinctrl_lookup_state
 .text.pinctrl_configure_pins
                0x000000000000a012      0x190 zephyr/drivers/pinctrl/libdrivers__pinctrl.a(pinctrl_nrf.c.obj)
                0x000000000000a012                pinctrl_configure_pins
 .text.uarte_nrfx_config_get
                0x000000000000a1a2       0x10 zephyr/drivers/serial/libdrivers__serial.a(uart_nrfx_uarte.c.obj)
 .text.uarte_nrfx_err_check
                0x000000000000a1b2        0xe zephyr/drivers/serial/libdrivers__serial.a(uart_nrfx_uarte.c.obj)
 .text.uarte_nrfx_poll_in
                0x000000000000a1c0       0x28 zephyr/drivers/serial/libdrivers__serial.a(uart_nrfx_uarte.c.obj)
 .text.is_tx_ready.isra.0
                0x000000000000a1e8       0x20 zephyr/drivers/serial/libdrivers__serial.a(uart_nrfx_uarte.c.obj)
 .text.uarte_nrfx_isr_int
                0x000000000000a208       0x72 zephyr/drivers/serial/libdrivers__serial.a(uart_nrfx_uarte.c.obj)
 .text.dk_set_led_on
                0x000000000000a27a        0x6 modules/nrf/lib/dk_buttons_and_leds/lib..__nrf__lib__dk_buttons_and_leds.a(dk_buttons_and_leds.c.obj)
                0x000000000000a27a                dk_set_led_on
 .text.dk_set_led_off
                0x000000000000a280        0x6 modules/nrf/lib/dk_buttons_and_leds/lib..__nrf__lib__dk_buttons_and_leds.a(dk_buttons_and_leds.c.obj)
                0x000000000000a280                dk_set_led_off
 .text.nfc_ndef_msg_encode
                0x000000000000a286       0x72 modules/nrf/subsys/nfc/ndef/lib..__nrf__subsys__nfc__ndef.a(msg.c.obj)
                0x000000000000a286                nfc_ndef_msg_encode
 .text.nfc_ndef_msg_record_add
                0x000000000000a2f8       0x1e modules/nrf/subsys/nfc/ndef/lib..__nrf__subsys__nfc__ndef.a(msg.c.obj)
                0x000000000000a2f8                nfc_ndef_msg_record_add
 .text.nfc_ndef_record_encode
                0x000000000000a316       0xb6 modules/nrf/subsys/nfc/ndef/lib..__nrf__subsys__nfc__ndef.a(record.c.obj)
                0x000000000000a316                nfc_ndef_record_encode
 .text.nfc_ndef_text_rec_payload_encode
                0x000000000000a3cc       0x64 modules/nrf/subsys/nfc/ndef/lib..__nrf__subsys__nfc__ndef.a(text_rec.c.obj)
                0x000000000000a3cc                nfc_ndef_text_rec_payload_encode
 .text.clock_handler
                0x000000000000a430        0x6 modules/nrf/subsys/nfc/lib/lib..__nrf__subsys__nfc__lib.a(platform.c.obj)
 .text.nfc_isr_wrapper
                0x000000000000a436       0x1a modules/nrf/subsys/nfc/lib/lib..__nrf__subsys__nfc__lib.a(platform.c.obj)
                0x000000000000a436                nfc_isr_wrapper
 .text.hw_cc3xx_init_internal
                0x000000000000a450        0x4 modules/nrf/drivers/hw_cc310/lib..__nrf__drivers__hw_cc310.a(hw_cc310.c.obj)
 .text.hw_cc3xx_init
                0x000000000000a454       0x12 modules/nrf/drivers/hw_cc310/lib..__nrf__drivers__hw_cc310.a(hw_cc310.c.obj)
 .text.nrfx_isr
                0x000000000000a466        0x2 modules/hal_nordic/nrfx/libmodules__hal_nordic__nrfx.a(nrfx_glue.c.obj)
                0x000000000000a466                nrfx_isr
 .text.nrfx_busy_wait
                0x000000000000a468        0x4 modules/hal_nordic/nrfx/libmodules__hal_nordic__nrfx.a(nrfx_glue.c.obj)
                0x000000000000a468                nrfx_busy_wait
 .text.nrfx_gppi_channel_endpoints_setup
                0x000000000000a46c       0x14 modules/hal_nordic/nrfx/libmodules__hal_nordic__nrfx.a(nrfx_gppi_ppi.c.obj)
                0x000000000000a46c                nrfx_gppi_channel_endpoints_setup
 .text.nrf_gpio_pin_present_check
                0x000000000000a480       0x24 modules/hal_nordic/nrfx/libmodules__hal_nordic__nrfx.a(nrfx_gpiote.c.obj)
 .text.pin_is_task_output
                0x000000000000a4a4       0x16 modules/hal_nordic/nrfx/libmodules__hal_nordic__nrfx.a(nrfx_gpiote.c.obj)
 .text.nrf_gpio_reconfigure
                0x000000000000a4ba       0x9a modules/hal_nordic/nrfx/libmodules__hal_nordic__nrfx.a(nrfx_gpiote.c.obj)
 .text.nrf_gpio_cfg_sense_set
                0x000000000000a554       0x1e modules/hal_nordic/nrfx/libmodules__hal_nordic__nrfx.a(nrfx_gpiote.c.obj)
 .text.is_valid_address
                0x000000000000a572       0x28 modules/hal_nordic/nrfx/libmodules__hal_nordic__nrfx.a(nrfx_nvmc.c.obj)
 .text.nrfx_nvmc_flash_size_get
                0x000000000000a59a        0xc modules/hal_nordic/nrfx/libmodules__hal_nordic__nrfx.a(nrfx_nvmc.c.obj)
                0x000000000000a59a                nrfx_nvmc_flash_size_get
 .text.nrfx_nvmc_flash_page_size_get
                0x000000000000a5a6        0x8 modules/hal_nordic/nrfx/libmodules__hal_nordic__nrfx.a(nrfx_nvmc.c.obj)
                0x000000000000a5a6                nrfx_nvmc_flash_page_size_get
 .text.nrfx_nvmc_flash_page_count_get
                0x000000000000a5ae        0x8 modules/hal_nordic/nrfx/libmodules__hal_nordic__nrfx.a(nrfx_nvmc.c.obj)
                0x000000000000a5ae                nrfx_nvmc_flash_page_count_get
 .text.nrf_gpio_cfg_default
                0x000000000000a5b6        0x6 modules/hal_nordic/nrfx/libmodules__hal_nordic__nrfx.a(nrfx_qspi.c.obj)
 .text.nrfx_qspi_write
                0x000000000000a5bc        0x6 modules/hal_nordic/nrfx/libmodules__hal_nordic__nrfx.a(nrfx_qspi.c.obj)
                0x000000000000a5bc                nrfx_qspi_write
 .text.nrfx_qspi_read
                0x000000000000a5c2        0x6 modules/hal_nordic/nrfx/libmodules__hal_nordic__nrfx.a(nrfx_qspi.c.obj)
                0x000000000000a5c2                nrfx_qspi_read
 .text.nrfx_qspi_chip_erase
                0x000000000000a5c8        0x8 modules/hal_nordic/nrfx/libmodules__hal_nordic__nrfx.a(nrfx_qspi.c.obj)
                0x000000000000a5c8                nrfx_qspi_chip_erase
 .text.nrfx_timer_us_to_ticks
                0x000000000000a5d0       0x24 modules/hal_nordic/nrfx/libmodules__hal_nordic__nrfx.a(nrfx_timer.c.obj)
                0x000000000000a5d0                nrfx_timer_us_to_ticks
 .text.nrfx_timer_compare
                0x000000000000a5f4       0x30 modules/hal_nordic/nrfx/libmodules__hal_nordic__nrfx.a(nrfx_timer.c.obj)
                0x000000000000a5f4                nrfx_timer_compare
 .text.nrfx_timer_extended_compare
                0x000000000000a624       0x2c modules/hal_nordic/nrfx/libmodules__hal_nordic__nrfx.a(nrfx_timer.c.obj)
                0x000000000000a624                nrfx_timer_extended_compare
 .text.SEGGER_RTT_Init
                0x000000000000a650        0x4 modules/segger/libmodules__segger.a(SEGGER_RTT.c.obj)
                0x000000000000a650                SEGGER_RTT_Init
 .text.rtt_init
                0x000000000000a654        0xa modules/segger/libmodules__segger.a(SEGGER_RTT_zephyr.c.obj)
 .text.z_impl_k_busy_wait
                0x000000000000a65e        0x8 zephyr/kernel/libkernel.a(busy_wait.c.obj)
                0x000000000000a65e                z_impl_k_busy_wait
 .text.z_device_is_ready
                0x000000000000a666       0x16 zephyr/kernel/libkernel.a(device.c.obj)
                0x000000000000a666                z_device_is_ready
 .text.z_early_memset
                0x000000000000a67c        0x4 zephyr/kernel/libkernel.a(init.c.obj)
                0x000000000000a67c                z_early_memset
 .text.z_early_memcpy
                0x000000000000a680        0x4 zephyr/kernel/libkernel.a(init.c.obj)
                0x000000000000a680                z_early_memcpy
 .text.create_free_list
                0x000000000000a684       0x2c zephyr/kernel/libkernel.a(mem_slab.c.obj)
 .text.k_mem_slab_init
                0x000000000000a6b0       0x1e zephyr/kernel/libkernel.a(mem_slab.c.obj)
                0x000000000000a6b0                k_mem_slab_init
 .text.k_is_in_isr
                0x000000000000a6ce        0xc zephyr/kernel/libkernel.a(thread.c.obj)
                0x000000000000a6ce                k_is_in_isr
 .text.z_impl_k_thread_name_set
                0x000000000000a6da        0x6 zephyr/kernel/libkernel.a(thread.c.obj)
                0x000000000000a6da                z_impl_k_thread_name_set
 .text.k_thread_name_get
                0x000000000000a6e0        0x4 zephyr/kernel/libkernel.a(thread.c.obj)
                0x000000000000a6e0                k_thread_name_get
 .text.z_impl_k_thread_start
                0x000000000000a6e4        0x4 zephyr/kernel/libkernel.a(thread.c.obj)
                0x000000000000a6e4                z_impl_k_thread_start
 .text.adjust_owner_prio.isra.0
                0x000000000000a6e8       0x10 zephyr/kernel/libkernel.a(mutex.c.obj)
 .text.z_impl_k_mutex_init
                0x000000000000a6f8        0xe zephyr/kernel/libkernel.a(mutex.c.obj)
                0x000000000000a6f8                z_impl_k_mutex_init
 .text.z_impl_k_sem_init
                0x000000000000a706       0x18 zephyr/kernel/libkernel.a(sem.c.obj)
                0x000000000000a706                z_impl_k_sem_init
 .text.flag_test_and_clear
                0x000000000000a71e       0x16 zephyr/kernel/libkernel.a(work.c.obj)
 .text.notify_queue_locked.isra.0
                0x000000000000a734        0xe zephyr/kernel/libkernel.a(work.c.obj)
 .text.k_work_submit_to_queue
                0x000000000000a742       0x22 zephyr/kernel/libkernel.a(work.c.obj)
                0x000000000000a742                k_work_submit_to_queue
 .text.z_reschedule_irqlock
                0x000000000000a764       0x18 zephyr/kernel/libkernel.a(sched.c.obj)
                0x000000000000a764                z_reschedule_irqlock
 .text.z_reschedule_unlocked
                0x000000000000a77c       0x14 zephyr/kernel/libkernel.a(sched.c.obj)
 .text.z_thread_timeout
                0x000000000000a790        0x8 zephyr/kernel/libkernel.a(sched.c.obj)
                0x000000000000a790                z_thread_timeout
 .text.z_unpend_all
                0x000000000000a798       0x20 zephyr/kernel/libkernel.a(sched.c.obj)
                0x000000000000a798                z_unpend_all
 .text.sys_clock_tick_get_32
                0x000000000000a7b8        0x8 zephyr/kernel/libkernel.a(timeout.c.obj)
                0x000000000000a7b8                sys_clock_tick_get_32
 .text.sys_timepoint_calc
                0x000000000000a7c0       0x48 zephyr/kernel/libkernel.a(timeout.c.obj)
                0x000000000000a7c0                sys_timepoint_calc
 .text.sys_timepoint_timeout
                0x000000000000a808       0x42 zephyr/kernel/libkernel.a(timeout.c.obj)
                0x000000000000a808                sys_timepoint_timeout
 .text.k_free   0x000000000000a84a        0xe zephyr/kernel/libkernel.a(mempool.c.obj)
                0x000000000000a84a                k_free
 .text.k_malloc
                0x000000000000a858        0x8 zephyr/kernel/libkernel.a(mempool.c.obj)
                0x000000000000a858                k_malloc
 .text.k_heap_init
                0x000000000000a860       0x10 zephyr/kernel/libkernel.a(kheap.c.obj)
                0x000000000000a860                k_heap_init
 .text._OffsetAbsSyms
                0x000000000000a870        0x2 zephyr/CMakeFiles/offsets.dir/./arch/arm/core/offsets/offsets.c.obj
                0x000000000000a870                _OffsetAbsSyms
 .text.memcmp   0x000000000000a872       0x20 c:\ncs\toolchains\c57af46cb7\opt\zephyr-sdk\arm-zephyr-eabi\bin\../lib/gcc/../../picolibc/arm-zephyr-eabi/lib/thumb/v7e-m/nofp\libc.a(libc_string_memcmp.c.o)
                0x000000000000a872                memcmp
 .text.strnlen  0x000000000000a892       0x18 c:\ncs\toolchains\c57af46cb7\opt\zephyr-sdk\arm-zephyr-eabi\bin\../lib/gcc/../../picolibc/arm-zephyr-eabi/lib/thumb/v7e-m/nofp\libc.a(libc_string_strnlen.c.o)
                0x000000000000a892                strnlen
 .text.__ultoa_invert
                0x000000000000a8aa       0x38 c:\ncs\toolchains\c57af46cb7\opt\zephyr-sdk\arm-zephyr-eabi\bin\../lib/gcc/../../picolibc/arm-zephyr-eabi/lib/thumb/v7e-m/nofp\libc.a(libc_tinystdio_vfiprintf.c.o)
 .text.memcpy   0x000000000000a8e2       0x1c c:\ncs\toolchains\c57af46cb7\opt\zephyr-sdk\arm-zephyr-eabi\bin\../lib/gcc/../../picolibc/arm-zephyr-eabi/lib/thumb/v7e-m/nofp\libc.a(memcpy.c.o)
                0x000000000000a8e2                __aeabi_memcpy
                0x000000000000a8e2                __aeabi_memcpy4
                0x000000000000a8e2                __aeabi_memcpy8
                0x000000000000a8e2                memcpy
 .text.memmove  0x000000000000a8fe       0x34 c:\ncs\toolchains\c57af46cb7\opt\zephyr-sdk\arm-zephyr-eabi\bin\../lib/gcc/../../picolibc/arm-zephyr-eabi/lib/thumb/v7e-m/nofp\libc.a(memmove.c.o)
                0x000000000000a8fe                __aeabi_memmove8
                0x000000000000a8fe                __aeabi_memmove
                0x000000000000a8fe                __aeabi_memmove4
                0x000000000000a8fe                memmove
 .text.memset   0x000000000000a932       0x10 c:\ncs\toolchains\c57af46cb7\opt\zephyr-sdk\arm-zephyr-eabi\bin\../lib/gcc/../../picolibc/arm-zephyr-eabi/lib/thumb/v7e-m/nofp\libc.a(memset.c.o)
                0x000000000000a932                memset
 *(SORT_BY_ALIGNMENT(.TEXT.*))
 *fill*         0x000000000000a942        0x2 
 .TEXT.__aeabi_read_tp
                0x000000000000a944        0xc zephyr/arch/arch/arm/core/aarch32/cortex_m/libarch__arm__core__aarch32__cortex_m.a(__aeabi_read_tp.S.obj)
                0x000000000000a944                __aeabi_read_tp
 *(SORT_BY_ALIGNMENT(.gnu.linkonce.t.*))
 *(SORT_BY_ALIGNMENT(.glue_7t))
 .glue_7t       0x000000000000a950        0x0 linker stubs
 *(SORT_BY_ALIGNMENT(.glue_7))
 .glue_7        0x000000000000a950        0x0 linker stubs
 *(SORT_BY_ALIGNMENT(.vfp11_veneer))
 .vfp11_veneer  0x000000000000a950        0x0 linker stubs
 *(SORT_BY_ALIGNMENT(.v4_bx))
 .v4_bx         0x000000000000a950        0x0 linker stubs
                0x000000000000a950                . = ALIGN (0x4)
                0x000000000000a950                __text_region_end = .

.ARM.exidx      0x000000000000a950        0x8
                0x000000000000a950                __exidx_start = .
 *(SORT_BY_ALIGNMENT(.ARM.exidx*) SORT_BY_ALIGNMENT(gnu.linkonce.armexidx.*))
 .ARM.exidx     0x000000000000a950        0x8 c:/ncs/toolchains/c57af46cb7/opt/zephyr-sdk/arm-zephyr-eabi/bin/../lib/gcc/arm-zephyr-eabi/12.2.0/thumb/v7e-m/nofp\libgcc.a(_udivmoddi4.o)
                0x000000000000a958                __exidx_end = .
                0x000000000000a958                __rodata_region_start = .

initlevel       0x000000000000a958       0x80
                0x000000000000a958                __init_start = .
                0x000000000000a958                __init_EARLY_start = .
 *(SORT_BY_NAME(SORT_BY_ALIGNMENT(.z_init_EARLY?_*)))
 *(SORT_BY_NAME(SORT_BY_ALIGNMENT(.z_init_EARLY??_*)))
                0x000000000000a958                __init_PRE_KERNEL_1_start = .
 *(SORT_BY_NAME(SORT_BY_ALIGNMENT(.z_init_PRE_KERNEL_1?_*)))
 .z_init_PRE_KERNEL_10_0_
                0x000000000000a958        0x8 zephyr/soc/soc/arm/nordic_nrf/nrf52/libsoc__arm__nordic_nrf__nrf52.a(soc.c.obj)
 *(SORT_BY_NAME(SORT_BY_ALIGNMENT(.z_init_PRE_KERNEL_1??_*)))
 .z_init_PRE_KERNEL_130_00074_
                0x000000000000a960        0x8 zephyr/drivers/clock_control/libdrivers__clock_control.a(clock_control_nrf.c.obj)
 .z_init_PRE_KERNEL_130_0_
                0x000000000000a968        0x8 modules/segger/libmodules__segger.a(SEGGER_RTT_zephyr.c.obj)
 .z_init_PRE_KERNEL_130_0_
                0x000000000000a970        0x8 zephyr/kernel/libkernel.a(mem_slab.c.obj)
 .z_init_PRE_KERNEL_130_0_
                0x000000000000a978        0x8 zephyr/kernel/libkernel.a(kheap.c.obj)
 .z_init_PRE_KERNEL_140_00011_
                0x000000000000a980        0x8 zephyr/drivers/gpio/libdrivers__gpio.a(gpio_nrfx.c.obj)
 .z_init_PRE_KERNEL_140_00104_
                0x000000000000a988        0x8 zephyr/drivers/gpio/libdrivers__gpio.a(gpio_nrfx.c.obj)
 .z_init_PRE_KERNEL_140_0_
                0x000000000000a990        0x8 modules/nrf/drivers/hw_cc310/lib..__nrf__drivers__hw_cc310.a(hw_cc310.c.obj)
 .z_init_PRE_KERNEL_155_00112_
                0x000000000000a998        0x8 zephyr/drivers/serial/libdrivers__serial.a(uart_nrfx_uarte.c.obj)
 .z_init_PRE_KERNEL_160_0_
                0x000000000000a9a0        0x8 zephyr/drivers/console/libdrivers__console.a(uart_console.c.obj)
                0x000000000000a9a8                __init_PRE_KERNEL_2_start = .
 *(SORT_BY_NAME(SORT_BY_ALIGNMENT(.z_init_PRE_KERNEL_2?_*)))
 .z_init_PRE_KERNEL_20_0_
                0x000000000000a9a8        0x8 zephyr/drivers/timer/libdrivers__timer.a(nrf_rtc_timer.c.obj)
 *(SORT_BY_NAME(SORT_BY_ALIGNMENT(.z_init_PRE_KERNEL_2??_*)))
                0x000000000000a9b0                __init_POST_KERNEL_start = .
 *(SORT_BY_NAME(SORT_BY_ALIGNMENT(.z_init_POST_KERNEL?_*)))
 *(SORT_BY_NAME(SORT_BY_ALIGNMENT(.z_init_POST_KERNEL??_*)))
 .z_init_POST_KERNEL40_0_
                0x000000000000a9b0        0x8 zephyr/lib/libc/common/liblib__libc__common.a(malloc.c.obj)
 .z_init_POST_KERNEL40_0_
                0x000000000000a9b8        0x8 modules/nrf/drivers/hw_cc310/lib..__nrf__drivers__hw_cc310.a(hw_cc310.c.obj)
 .z_init_POST_KERNEL40_0_
                0x000000000000a9c0        0x8 zephyr/kernel/libkernel.a(system_work_q.c.obj)
 .z_init_POST_KERNEL41_00130_
                0x000000000000a9c8        0x8 zephyr/drivers/flash/libdrivers__flash.a(nrf_qspi_nor.c.obj)
 .z_init_POST_KERNEL50_00119_
                0x000000000000a9d0        0x8 zephyr/drivers/flash/libdrivers__flash.a(soc_flash_nrf.c.obj)
                0x000000000000a9d8                __init_APPLICATION_start = .
 *(SORT_BY_NAME(SORT_BY_ALIGNMENT(.z_init_APPLICATION?_*)))
 *(SORT_BY_NAME(SORT_BY_ALIGNMENT(.z_init_APPLICATION??_*)))
                0x000000000000a9d8                __init_SMP_start = .
 *(SORT_BY_NAME(SORT_BY_ALIGNMENT(.z_init_SMP?_*)))
 *(SORT_BY_NAME(SORT_BY_ALIGNMENT(.z_init_SMP??_*)))
                0x000000000000a9d8                __init_end = .

device_area     0x000000000000a9d8       0x78
                0x000000000000a9d8                _device_list_start = .
 *(SORT_BY_NAME(SORT_BY_ALIGNMENT(._device.static.*_?_*)))
 *(SORT_BY_NAME(SORT_BY_ALIGNMENT(._device.static.*_??_*)))
 ._device.static.1_30_
                0x000000000000a9d8       0x14 zephyr/drivers/clock_control/libdrivers__clock_control.a(clock_control_nrf.c.obj)
                0x000000000000a9d8                __device_dts_ord_74
 ._device.static.1_40_
                0x000000000000a9ec       0x28 zephyr/drivers/gpio/libdrivers__gpio.a(gpio_nrfx.c.obj)
                0x000000000000a9ec                __device_dts_ord_104
                0x000000000000aa00                __device_dts_ord_11
 ._device.static.1_55_
                0x000000000000aa14       0x14 zephyr/drivers/serial/libdrivers__serial.a(uart_nrfx_uarte.c.obj)
                0x000000000000aa14                __device_dts_ord_112
 ._device.static.3_41_
                0x000000000000aa28       0x14 zephyr/drivers/flash/libdrivers__flash.a(nrf_qspi_nor.c.obj)
                0x000000000000aa28                __device_dts_ord_130
 ._device.static.3_50_
                0x000000000000aa3c       0x14 zephyr/drivers/flash/libdrivers__flash.a(soc_flash_nrf.c.obj)
                0x000000000000aa3c                __device_dts_ord_119
                0x000000000000aa50                _device_list_end = .

sw_isr_table    0x000000000000aa50      0x180
                0x000000000000aa50                . = ALIGN (0x4)
 *(SORT_BY_ALIGNMENT(.gnu.linkonce.sw_isr_table*))
 .gnu.linkonce.sw_isr_table
                0x000000000000aa50      0x180 zephyr/arch/common/libisr_tables.a(isr_tables.c.obj)
                0x000000000000aa50                _sw_isr_table

initlevel_error
                0x000000000000a958        0x0
 *(SORT_BY_NAME(SORT_BY_ALIGNMENT(.z_init_[_A-Z0-9]*)))
                0x0000000000000001                ASSERT ((SIZEOF (initlevel_error) == 0x0), Undefined initialization levels used.)

app_shmem_regions
                0x000000000000abd0        0x0
                0x000000000000abd0                __app_shmem_regions_start = .